ds4: DSpark support model loaded: /Users/lobanov/Projects/ds4/gguf/dspark.gguf (draft=1)
ds4: Metal device Apple M5 Max, 128.00 GiB RAM
ds4: Metal 4 tensor API enabled for Tensor kernels
ds4: drift-patch flags hc_stable=on norm_unify=on kv_raw_f32=off rope_exp2_log2=off math_safe=off tensor_matmul=on
ds4: Metal model views created in 1.710 ms, residency requested in 247.641 ms, warmup 2.908 ms (mapped 82697.67 MiB from offset 5.09 MiB)
ds4: Metal mapped mmaped model as 2 overlapping shared buffers
ds4: metal backend initialized for graph diagnostics
ds4: Metal model range 3.51..3.56 GiB is not covered by mapped model views
ds4: Metal model range 3.51..3.56 GiB is not covered by mapped model views
ds4: Metal model range 3.51..3.56 GiB is not covered by mapped model views
ds4: Metal model range 3.51..3.56 GiB is not covered by mapped model views
ds4: Metal model range 3.51..3.56 GiB is not covered by mapped model views
ds4: Metal model range 3.51..3.56 GiB is not covered by mapped model views
ds4: Metal model range 3.51..3.56 GiB is not covered by mapped model views
ds4: Metal model range 3.51..3.56 GiB is not covered by mapped model views
ds4: Metal model range 3.51..3.56 GiB is not covered by mapped model views
ds4: Metal model range 3.51..3.56 GiB is not covered by mapped model views
ds4: Metal model range 3.51..3.56 GiB is not covered by mapped model views
ds4: Metal model range 3.51..3.56 GiB is not covered by mapped model views
ds4: Metal model range 3.51..3.56 GiB is not covered by mapped model views
ds4: Metal model range 3.51..3.56 GiB is not covered by mapped model views
ds4: Metal model range 3.51..3.56 GiB is not covered by mapped model views
ds4: Metal model range 3.51..3.56 GiB is not covered by mapped model views
ds4: Metal model range 3.51..3.56 GiB is not covered by mapped model views
ds4: Metal model range 3.51..3.56 GiB is not covered by mapped model views
ds4: Metal model range 3.51..3.56 GiB is not covered by mapped model views
ds4: Metal model range 3.51..3.56 GiB is not covered by mapped model views
ds4: Metal model range 3.51..3.56 GiB is not covered by mapped model views
ds4: Metal model range 3.51..3.56 GiB is not covered by mapped model views
ds4: Metal model range 3.51..3.56 GiB is not covered by mapped model views
ds4: Metal model range 3.51..3.56 GiB is not covered by mapped model views
ds4: Metal model range 3.51..3.56 GiB is not covered by mapped model views
ds4: Metal model range 3.51..3.56 GiB is not covered by mapped model views
ds4: Metal model range 3.51..3.56 GiB is not covered by mapped model views
ds4: Metal model range 3.51..3.56 GiB is not covered by mapped model views
ds4: Metal model range 3.51..3.56 GiB is not covered by mapped model views
ds4: Metal model range 3.51..3.56 GiB is not covered by mapped model views
ds4: Metal model range 3.51..3.56 GiB is not covered by mapped model views
ds4: Metal model range 3.51..3.56 GiB is not covered by mapped model views
ds4: Metal model range 3.51..3.56 GiB is not covered by mapped model views
