ds4: Metal device Apple M5 Max, 128.00 GiB RAM
ds4: Metal 4 tensor API enabled for Tensor kernels
ds4: drift-patch flags hc_stable=on norm_unify=on kv_raw_f32=off rope_exp2_log2=off math_safe=off tensor_matmul=on
ds4: Metal model views created in 0.020 ms, residency requested in 1.264 ms, warmup 3.278 ms (mapped 126.25 MiB from offset 0.00 MiB)
ds4: Metal mapped mmaped model as 1 overlapping shared buffers
ds4: DSpark drafter loaded: ../ds4/gguf/dspark.gguf (3 mtp stages)
ds4: Metal model views created in 1.914 ms, residency requested in 854.739 ms, warmup 1.165 ms (mapped 82697.67 MiB from offset 5.09 MiB)
ds4: Metal mapped mmaped model as 3 overlapping shared buffers
ds4: Metal model views created in 0.246 ms, residency requested in 1378.714 ms, warmup 2.799 ms (mapped 10957.67 MiB from offset 0.01 MiB)
ds4: Metal mapped mmaped model as 4 overlapping shared buffers
ds4: metal backend initialized for graph diagnostics
ds4: context buffers 495.92 MiB (ctx=8192, backend=metal, prefill_chunk=4096, raw_kv_rows=4352, compressed_kv_rows=2050)
ds4: dispatch -> run_sampled_generation (temp=1.0 mtp=0 dspark=1)
ds4: b2 ENTER first_token=2581 max=128 cap=17 temp=1.000 top_p=1.000 min_p=0.050
ds4: b2: main_hidden[0..5]=1.6575 0.9929 -0.1991 0.4064 6.5112 -1.3568
ds4: b2: pos 0 OVERRIDE target-sampled draft=1309 temp=1.000
ds4: b2: verify-policy=rank pos=1 draft=304 qT=1.000000 margin=1.000000 entropy=0.000000 rank=1 need=5.000000 keep=1
ds4: b2: verify-policy=rank pos=2 draft=8470 qT=0.927819 margin=0.855639 entropy=0.259243 rank=1 need=5.000000 keep=1
ds4: b2: verify-policy=rank pos=3 draft=270 qT=0.686374 margin=0.497084 entropy=0.832585 rank=1 need=5.000000 keep=1
ds4: b2: verify-policy=rank pos=4 draft=2038 qT=0.240546 margin=0.227481 entropy=1.444515 rank=2 need=5.000000 keep=1
ds4: b2: verify-policy=rank pos=5 draft=15174 qT=0.147669 margin=0.071856 entropy=2.395706 rank=2 need=5.000000 keep=1
ds4: b2: verify-policy=rank pos=6 draft=295 qT=0.439117 margin=0.020858 entropy=1.084234 rank=1 need=5.000000 keep=1
ds4: b2: verify-policy summary policy=rank chosen=7 base=7 prob_min=0.030000 margin_min=0.020000 entropy_max=4.000000 rank_max=5
ds4: b2: pos 1 draft=304 qT=1.00000 pT=1.00000 accept_p=1.0000 u=0.0000 ACCEPT
ds4: b2: pos 2 draft=8470 qT=0.92782 pT=0.94179 accept_p=1.0000 u=0.0625 ACCEPT
ds4: b2: pos 3 draft=270 qT=0.68637 pT=0.05609 accept_p=0.0817 u=0.6059 reject
ds4: b2: MERGED correction-anchor pending C=71350
ds4: dspark b2 cycle: n_accept=5 logical_commits=5 emitted_anchor=0 (drafts=3) | anchor=26.7 drafter=23.3 verify=90.5 accept=3.8 kv=1.6 total=145.8 ms
ds4: b2 ENTER first_token=71350 max=123 cap=17 temp=1.000 top_p=1.000 min_p=0.050
ds4: b2: main_hidden[0..5]=1.4367 -1.1211 -4.6996 -1.6968 1.1519 1.2630
ds4: b2: pos 0 OVERRIDE target-sampled draft=8062 temp=1.000
ds4: b2: verify-policy=rank pos=1 draft=2408 qT=0.265378 margin=0.187995 entropy=1.202599 rank=2 need=5.000000 keep=1
ds4: b2: verify-policy=rank pos=2 draft=101616 qT=1.000000 margin=1.000000 entropy=0.000000 rank=1 need=5.000000 keep=1
ds4: b2: verify-policy=rank pos=3 draft=1332 qT=1.000000 margin=1.000000 entropy=0.000000 rank=1 need=5.000000 keep=1
ds4: b2: verify-policy=rank pos=4 draft=14 qT=0.630181 margin=0.426236 entropy=1.007686 rank=1 need=5.000000 keep=1
ds4: b2: verify-policy=rank pos=5 draft=2408 qT=0.178464 margin=0.589781 entropy=0.666353 rank=2 need=5.000000 keep=1
ds4: b2: verify-policy=rank pos=6 draft=101616 qT=1.000000 margin=1.000000 entropy=0.000000 rank=1 need=5.000000 keep=1
ds4: b2: verify-policy summary policy=rank chosen=7 base=7 prob_min=0.030000 margin_min=0.020000 entropy_max=4.000000 rank_max=5
ds4: b2: pos 1 draft=2408 qT=0.26538 pT=1.00000 accept_p=1.0000 u=0.5236 ACCEPT
ds4: b2: pos 2 draft=101616 qT=1.00000 pT=0.00000 accept_p=0.0000 u=0.9636 reject
ds4: b2: MERGED correction-anchor pending C=1715
ds4: dspark b2 cycle: n_accept=3 logical_commits=4 emitted_anchor=1 (drafts=2) | anchor=25.1 drafter=21.9 verify=85.4 accept=2.5 kv=1.3 total=136.3 ms
ds4: b2 ENTER first_token=1715 max=120 cap=17 temp=1.000 top_p=1.000 min_p=0.050
ds4: b2: main_hidden[0..5]=-0.9251 1.1152 -3.8341 -0.0655 5.4285 -1.2382
ds4: b2: pos 0 OVERRIDE target-sampled draft=1065 temp=1.000
ds4: b2: verify-policy=rank pos=1 draft=20828 qT=1.000000 margin=1.000000 entropy=0.000000 rank=1 need=5.000000 keep=1
ds4: b2: verify-policy=rank pos=2 draft=16846 qT=1.000000 margin=1.000000 entropy=0.000000 rank=1 need=5.000000 keep=1
ds4: b2: verify-policy=rank pos=3 draft=14 qT=1.000000 margin=1.000000 entropy=0.000000 rank=1 need=5.000000 keep=1
ds4: b2: verify-policy=rank pos=4 draft=2408 qT=0.594729 margin=0.350959 entropy=1.040721 rank=1 need=5.000000 keep=1
ds4: b2: verify-policy=rank pos=5 draft=101616 qT=0.657866 margin=0.315731 entropy=0.642441 rank=1 need=5.000000 keep=1
ds4: b2: verify-policy=rank pos=6 draft=1332 qT=1.000000 margin=1.000000 entropy=0.000000 rank=1 need=5.000000 keep=1
ds4: b2: verify-policy summary policy=rank chosen=7 base=7 prob_min=0.030000 margin_min=0.020000 entropy_max=4.000000 rank_max=5
ds4: b2: pos 1 draft=20828 qT=1.00000 pT=1.00000 accept_p=1.0000 u=0.7741 ACCEPT
ds4: b2: pos 2 draft=16846 qT=1.00000 pT=0.82559 accept_p=0.8256 u=0.4892 ACCEPT
ds4: b2: pos 3 draft=14 qT=1.00000 pT=1.00000 accept_p=1.0000 u=0.4517 ACCEPT
ds4: b2: pos 4 draft=2408 qT=0.59473 pT=0.00000 accept_p=0.0000 u=0.1125 reject
ds4: b2: MERGED correction-anchor pending C=14531
ds4: dspark b2 cycle: n_accept=5 logical_commits=6 emitted_anchor=1 (drafts=4) | anchor=27.0 drafter=22.9 verify=84.7 accept=5.0 kv=1.1 total=140.6 ms
ds4: b2 ENTER first_token=14531 max=115 cap=17 temp=1.000 top_p=1.000 min_p=0.050
ds4: b2: main_hidden[0..5]=-0.6893 -2.0160 -5.8407 0.5134 7.9027 -4.6674
ds4: b2: pos 0 OVERRIDE target-sampled draft=6521 temp=1.000
ds4: b2: verify-policy=rank pos=1 draft=92980 qT=0.698309 margin=0.396617 entropy=0.612291 rank=1 need=5.000000 keep=1
ds4: b2: verify-policy=rank pos=2 draft=685 qT=0.634489 margin=0.305402 entropy=0.775067 rank=1 need=5.000000 keep=1
ds4: b2: verify-policy=rank pos=3 draft=14 qT=1.000000 margin=1.000000 entropy=0.000000 rank=1 need=5.000000 keep=1
ds4: b2: verify-policy=rank pos=4 draft=71350 qT=0.496470 margin=0.110979 entropy=1.093870 rank=1 need=5.000000 keep=1
ds4: b2: verify-policy=rank pos=5 draft=16846 qT=1.000000 margin=1.000000 entropy=0.000000 rank=1 need=5.000000 keep=1
ds4: b2: verify-policy=rank pos=6 draft=16 qT=0.684868 margin=0.369736 entropy=0.623145 rank=1 need=5.000000 keep=1
ds4: b2: verify-policy summary policy=rank chosen=7 base=7 prob_min=0.030000 margin_min=0.020000 entropy_max=4.000000 rank_max=5
ds4: b2: pos 1 draft=92980 qT=0.69831 pT=0.91349 accept_p=1.0000 u=0.3053 ACCEPT
ds4: b2: pos 2 draft=685 qT=0.63449 pT=1.00000 accept_p=1.0000 u=0.5660 ACCEPT
ds4: b2: pos 3 draft=14 qT=1.00000 pT=0.00000 accept_p=0.0000 u=0.5372 reject
ds4: b2: MERGED correction-anchor pending C=2753
ds4: dspark b2 cycle: n_accept=4 logical_commits=5 emitted_anchor=1 (drafts=3) | anchor=25.0 drafter=22.3 verify=85.9 accept=3.8 kv=1.3 total=138.3 ms
ds4: b2 ENTER first_token=2753 max=111 cap=17 temp=1.000 top_p=1.000 min_p=0.050
ds4: b2: main_hidden[0..5]=5.3273 -0.0111 -9.6585 2.2928 -1.1358 -2.0349
ds4: b2: pos 0 OVERRIDE target-sampled draft=14 temp=1.000
ds4: b2: verify-policy=rank pos=1 draft=14531 qT=0.946175 margin=0.892350 entropy=0.209627 rank=1 need=5.000000 keep=1
ds4: b2: verify-policy=rank pos=2 draft=53510 qT=1.000000 margin=1.000000 entropy=0.000000 rank=1 need=5.000000 keep=1
ds4: b2: verify-policy=rank pos=3 draft=14 qT=0.668265 margin=0.482626 entropy=0.955389 rank=1 need=5.000000 keep=1
ds4: b2: verify-policy=rank pos=4 draft=14531 qT=0.319732 margin=0.167499 entropy=1.226975 rank=2 need=5.000000 keep=1
ds4: b2: verify-policy=rank pos=5 draft=53510 qT=1.000000 margin=1.000000 entropy=0.000000 rank=1 need=5.000000 keep=1
ds4: b2: verify-policy=rank pos=6 draft=16 qT=1.000000 margin=1.000000 entropy=0.000000 rank=1 need=5.000000 keep=1
ds4: b2: verify-policy summary policy=rank chosen=7 base=7 prob_min=0.030000 margin_min=0.020000 entropy_max=4.000000 rank_max=5
ds4: b2: pos 1 draft=14531 qT=0.94617 pT=0.39543 accept_p=0.4179 u=0.1061 ACCEPT
ds4: b2: pos 2 draft=53510 qT=1.00000 pT=1.00000 accept_p=1.0000 u=0.6606 ACCEPT
ds4: b2: pos 3 draft=14 qT=0.66827 pT=0.00000 accept_p=0.0000 u=0.0584 reject
ds4: b2: MERGED correction-anchor pending C=1812
ds4: dspark b2 cycle: n_accept=4 logical_commits=5 emitted_anchor=1 (drafts=3) | anchor=25.3 drafter=22.6 verify=85.2 accept=3.7 kv=1.4 total=138.2 ms
ds4: b2 ENTER first_token=1812 max=107 cap=17 temp=1.000 top_p=1.000 min_p=0.050
ds4: b2: main_hidden[0..5]=-0.7050 -2.0093 -8.3718 7.1394 -0.2267 -0.4098
ds4: b2: pos 0 OVERRIDE target-sampled draft=3980 temp=1.000
ds4: b2: verify-policy=rank pos=1 draft=14 qT=0.671005 margin=0.379074 entropy=0.749281 rank=1 need=5.000000 keep=1
ds4: b2: verify-policy=rank pos=2 draft=305 qT=1.000000 margin=1.000000 entropy=0.000000 rank=1 need=5.000000 keep=1
ds4: b2: verify-policy=rank pos=3 draft=3756 qT=0.042084 margin=0.053639 entropy=3.109625 rank=7 need=5.000000 keep=0
ds4: b2: verify-policy summary policy=rank chosen=4 base=7 prob_min=0.030000 margin_min=0.020000 entropy_max=4.000000 rank_max=5
ds4: b2: pos 1 draft=14 qT=0.67101 pT=0.87527 accept_p=1.0000 u=0.9461 ACCEPT
ds4: b2: pos 2 draft=305 qT=1.00000 pT=0.56629 accept_p=0.5663 u=0.2679 ACCEPT
ds4: b2: pos 3 draft=3756 qT=0.04208 pT=0.00000 accept_p=0.0000 u=0.1462 reject
ds4: b2: MERGED correction-anchor pending C=1234
ds4: dspark b2 cycle: n_accept=4 logical_commits=5 emitted_anchor=1 (drafts=3) | anchor=25.3 drafter=20.0 verify=61.2 accept=3.7 kv=1.3 total=111.6 ms
ds4: b2 ENTER first_token=1234 max=103 cap=17 temp=1.000 top_p=1.000 min_p=0.050
ds4: b2: main_hidden[0..5]=3.0836 8.3459 -5.5317 -1.3974 5.6545 3.1193
ds4: b2: pos 0 OVERRIDE target-sampled draft=20586 temp=1.000
ds4: b2: verify-policy=rank pos=1 draft=517 qT=1.000000 margin=1.000000 entropy=0.000000 rank=1 need=5.000000 keep=1
ds4: b2: verify-policy=rank pos=2 draft=16 qT=0.739276 margin=0.576172 entropy=0.746221 rank=1 need=5.000000 keep=1
ds4: b2: verify-policy=rank pos=3 draft=21017 qT=0.948379 margin=0.896758 entropy=0.203260 rank=1 need=5.000000 keep=1
ds4: b2: verify-policy=rank pos=4 draft=304 qT=1.000000 margin=1.000000 entropy=0.000000 rank=1 need=5.000000 keep=1
ds4: b2: verify-policy=rank pos=5 draft=8470 qT=0.685035 margin=0.520702 entropy=0.841034 rank=1 need=5.000000 keep=1
ds4: b2: verify-policy=rank pos=6 draft=3939 qT=0.023940 margin=0.000017 entropy=1.961928 rank=7 need=5.000000 keep=0
ds4: b2: verify-policy summary policy=rank chosen=7 base=7 prob_min=0.030000 margin_min=0.020000 entropy_max=4.000000 rank_max=5
ds4: b2: pos 1 draft=517 qT=1.00000 pT=1.00000 accept_p=1.0000 u=0.7631 ACCEPT
ds4: b2: pos 2 draft=16 qT=0.73928 pT=1.00000 accept_p=1.0000 u=0.9481 ACCEPT
ds4: b2: pos 3 draft=21017 qT=0.94838 pT=0.00000 accept_p=0.0000 u=0.3014 reject
ds4: b2: MERGED correction-anchor pending C=455
ds4: dspark b2 cycle: n_accept=4 logical_commits=5 emitted_anchor=1 (drafts=3) | anchor=25.1 drafter=21.6 verify=85.8 accept=3.6 kv=1.3 total=137.4 ms
ds4: b2 ENTER first_token=455 max=99 cap=17 temp=1.000 top_p=1.000 min_p=0.050
ds4: b2: main_hidden[0..5]=2.8932 -1.5506 -7.8696 -1.8459 2.6811 3.3565
ds4: b2: pos 0 OVERRIDE target-sampled draft=3967 temp=1.000
ds4: b2: verify-policy=rank pos=1 draft=10059 qT=0.895462 margin=0.790925 entropy=0.334940 rank=1 need=5.000000 keep=1
ds4: b2: verify-policy=rank pos=2 draft=260 qT=0.177055 margin=0.177689 entropy=1.819115 rank=2 need=5.000000 keep=1
ds4: b2: verify-policy=rank pos=3 draft=2767 qT=0.118508 margin=0.263816 entropy=1.605980 rank=3 need=5.000000 keep=1
ds4: b2: verify-policy=rank pos=4 draft=42830 qT=1.000000 margin=1.000000 entropy=0.000000 rank=1 need=5.000000 keep=1
ds4: b2: verify-policy=rank pos=5 draft=14 qT=0.781290 margin=0.667607 entropy=0.748600 rank=1 need=5.000000 keep=1
ds4: b2: verify-policy=rank pos=6 draft=223 qT=0.233641 margin=0.069582 entropy=2.211895 rank=1 need=5.000000 keep=1
ds4: b2: verify-policy summary policy=rank chosen=7 base=7 prob_min=0.030000 margin_min=0.020000 entropy_max=4.000000 rank_max=5
ds4: b2: pos 1 draft=10059 qT=0.89546 pT=0.84762 accept_p=0.9466 u=0.3225 ACCEPT
ds4: b2: pos 2 draft=260 qT=0.17705 pT=0.00000 accept_p=0.0000 u=0.3571 reject
ds4: b2: MERGED correction-anchor pending C=223
ds4: dspark b2 cycle: n_accept=3 logical_commits=4 emitted_anchor=1 (drafts=2) | anchor=25.1 drafter=22.2 verify=85.5 accept=2.5 kv=0.8 total=136.1 ms
ds4: b2 ENTER first_token=223 max=96 cap=17 temp=1.000 top_p=1.000 min_p=0.050
ds4: b2: main_hidden[0..5]=0.3234 -3.7710 -0.8729 2.3414 1.0523 2.3341
ds4: b2: pos 0 OVERRIDE target-sampled draft=21 temp=1.000
ds4: b2: verify-policy=rank pos=1 draft=15 qT=1.000000 margin=1.000000 entropy=0.000000 rank=1 need=5.000000 keep=1
ds4: b2: verify-policy=rank pos=2 draft=22 qT=1.000000 margin=1.000000 entropy=0.000000 rank=1 need=5.000000 keep=1
ds4: b2: verify-policy=rank pos=3 draft=3107 qT=0.924024 margin=0.848048 entropy=0.268830 rank=1 need=5.000000 keep=1
ds4: b2: verify-policy=rank pos=4 draft=42830 qT=1.000000 margin=1.000000 entropy=0.000000 rank=1 need=5.000000 keep=1
ds4: b2: verify-policy=rank pos=5 draft=16 qT=0.722544 margin=0.445088 entropy=0.590534 rank=1 need=5.000000 keep=1
ds4: b2: verify-policy=rank pos=6 draft=1350 qT=0.428397 margin=0.276498 entropy=1.766552 rank=1 need=5.000000 keep=1
ds4: b2: verify-policy summary policy=rank chosen=7 base=7 prob_min=0.030000 margin_min=0.020000 entropy_max=4.000000 rank_max=5
ds4: b2: pos 1 draft=15 qT=1.00000 pT=1.00000 accept_p=1.0000 u=0.9207 ACCEPT
ds4: b2: pos 2 draft=22 qT=1.00000 pT=1.00000 accept_p=1.0000 u=0.1933 ACCEPT
ds4: b2: pos 3 draft=3107 qT=0.92402 pT=1.00000 accept_p=1.0000 u=0.2361 ACCEPT
ds4: b2: pos 4 draft=42830 qT=1.00000 pT=1.00000 accept_p=1.0000 u=0.7442 ACCEPT
ds4: b2: pos 5 draft=16 qT=0.72254 pT=0.50372 accept_p=0.6971 u=0.5437 ACCEPT
ds4: b2: pos 6 draft=1350 qT=0.42840 pT=0.02771 accept_p=0.0647 u=0.0374 ACCEPT
ds4: dspark b2 cycle: n_accept=7 logical_commits=8 emitted_anchor=1 (drafts=7) | anchor=27.0 drafter=23.2 verify=83.7 accept=7.2 kv=0.0 total=141.2 ms
ds4: b2 ENTER first_token=5922 max=89 cap=17 temp=1.000 top_p=1.000 min_p=0.050
ds4: b2: main_hidden[0..5]=-0.3715 7.0020 -3.1058 -9.2327 8.0556 4.5289
ds4: b2: pos 0 OVERRIDE target-sampled draft=4456 temp=1.000
ds4: b2: verify-policy=rank pos=1 draft=28 qT=0.780983 margin=0.613381 entropy=0.645017 rank=1 need=5.000000 keep=1
ds4: b2: verify-policy=rank pos=2 draft=223 qT=0.252379 margin=0.432435 entropy=0.780588 rank=2 need=5.000000 keep=1
ds4: b2: verify-policy=rank pos=3 draft=21 qT=0.093848 margin=0.144796 entropy=0.927829 rank=3 need=5.000000 keep=1
ds4: b2: verify-policy=rank pos=4 draft=42830 qT=0.252670 margin=0.112576 entropy=1.176762 rank=3 need=5.000000 keep=1
ds4: b2: verify-policy=rank pos=5 draft=339 qT=0.428036 margin=0.039086 entropy=1.027845 rank=2 need=5.000000 keep=1
ds4: b2: verify-policy=rank pos=6 draft=10318 qT=0.853309 margin=0.778367 entropy=0.518569 rank=1 need=5.000000 keep=1
ds4: b2: verify-policy summary policy=rank chosen=7 base=7 prob_min=0.030000 margin_min=0.020000 entropy_max=4.000000 rank_max=5
ds4: b2: pos 1 draft=28 qT=0.78098 pT=0.78302 accept_p=1.0000 u=0.8930 ACCEPT
ds4: b2: pos 2 draft=223 qT=0.25238 pT=0.00000 accept_p=0.0000 u=0.6630 reject
ds4: b2: MERGED correction-anchor pending C=1257
ds4: dspark b2 cycle: n_accept=4 logical_commits=4 emitted_anchor=0 (drafts=2) | anchor=27.4 drafter=22.0 verify=84.6 accept=2.5 kv=1.3 total=137.7 ms
ds4: b2 ENTER first_token=1257 max=85 cap=17 temp=1.000 top_p=1.000 min_p=0.050
ds4: b2: main_hidden[0..5]=1.7995 6.3855 -3.6827 1.0194 0.5957 -0.2909
ds4: b2: pos 0 OVERRIDE target-sampled draft=15363 temp=1.000
ds4: b2: verify-policy=rank pos=1 draft=28 qT=0.640665 margin=0.400729 entropy=0.956819 rank=1 need=5.000000 keep=1
ds4: b2: verify-policy=rank pos=2 draft=8470 qT=0.065322 margin=0.538648 entropy=0.724036 rank=3 need=5.000000 keep=1
ds4: b2: verify-policy=rank pos=3 draft=71350 qT=0.581261 margin=0.444797 entropy=1.369248 rank=1 need=5.000000 keep=1
ds4: b2: verify-policy=rank pos=4 draft=16846 qT=1.000000 margin=1.000000 entropy=0.000000 rank=1 need=5.000000 keep=1
ds4: b2: verify-policy=rank pos=5 draft=16 qT=0.218740 margin=0.387780 entropy=1.097760 rank=2 need=5.000000 keep=1
ds4: b2: verify-policy=rank pos=6 draft=8279 qT=1.000000 margin=1.000000 entropy=0.000000 rank=1 need=5.000000 keep=1
ds4: b2: verify-policy summary policy=rank chosen=7 base=7 prob_min=0.030000 margin_min=0.020000 entropy_max=4.000000 rank_max=5
ds4: b2: pos 1 draft=28 qT=0.64067 pT=0.28916 accept_p=0.4513 u=0.1323 ACCEPT
ds4: b2: pos 2 draft=8470 qT=0.06532 pT=0.00000 accept_p=0.0000 u=0.7931 reject
ds4: b2: MERGED correction-anchor pending C=5335
ds4: dspark b2 cycle: n_accept=3 logical_commits=4 emitted_anchor=1 (drafts=2) | anchor=24.9 drafter=21.7 verify=85.9 accept=2.5 kv=1.1 total=136.1 ms
ds4: b2 ENTER first_token=5335 max=82 cap=17 temp=1.000 top_p=1.000 min_p=0.050
ds4: b2: main_hidden[0..5]=-3.1876 3.8164 -7.0320 0.6119 4.4295 -2.1547
ds4: b2: pos 0 OVERRIDE target-sampled draft=1469 temp=1.000
ds4: b2: verify-policy=rank pos=1 draft=1957 qT=1.000000 margin=1.000000 entropy=0.000000 rank=1 need=5.000000 keep=1
ds4: b2: verify-policy=rank pos=2 draft=15363 qT=0.820488 margin=0.752011 entropy=0.666766 rank=1 need=5.000000 keep=1
ds4: b2: verify-policy=rank pos=3 draft=343 qT=0.391386 margin=0.156477 entropy=1.755344 rank=1 need=5.000000 keep=1
ds4: b2: verify-policy=rank pos=4 draft=49654 qT=0.087195 margin=0.324830 entropy=1.415688 rank=4 need=5.000000 keep=1
ds4: b2: verify-policy=rank pos=5 draft=4131 qT=0.940229 margin=0.880458 entropy=0.226337 rank=1 need=5.000000 keep=1
ds4: b2: verify-policy=rank pos=6 draft=418 qT=0.065846 margin=0.161151 entropy=1.985500 rank=5 need=5.000000 keep=1
ds4: b2: verify-policy summary policy=rank chosen=7 base=7 prob_min=0.030000 margin_min=0.020000 entropy_max=4.000000 rank_max=5
ds4: b2: pos 1 draft=1957 qT=1.00000 pT=0.00000 accept_p=0.0000 u=0.2899 reject
ds4: b2: MERGED correction-anchor pending C=71350
ds4: dspark b2 cycle: n_accept=2 logical_commits=3 emitted_anchor=1 (drafts=1) | anchor=25.2 drafter=22.0 verify=85.2 accept=1.3 kv=0.3 total=134.0 ms
ds4: b2 ENTER first_token=71350 max=80 cap=17 temp=1.000 top_p=1.000 min_p=0.050
ds4: b2: main_hidden[0..5]=-2.2218 4.0270 -6.4699 -1.2208 1.4172 2.5405
ds4: b2: pos 0 OVERRIDE target-sampled draft=305 temp=1.000
ds4: b2: verify-policy=rank pos=1 draft=2408 qT=1.000000 margin=1.000000 entropy=0.000000 rank=1 need=5.000000 keep=1
ds4: b2: verify-policy=rank pos=2 draft=1715 qT=0.063958 margin=0.872085 entropy=0.237721 rank=2 need=5.000000 keep=1
ds4: b2: verify-policy=rank pos=3 draft=1065 qT=1.000000 margin=1.000000 entropy=0.000000 rank=1 need=5.000000 keep=1
ds4: b2: verify-policy=rank pos=4 draft=20828 qT=1.000000 margin=1.000000 entropy=0.000000 rank=1 need=5.000000 keep=1
ds4: b2: verify-policy=rank pos=5 draft=16846 qT=0.740207 margin=0.480413 entropy=0.572841 rank=1 need=5.000000 keep=1
ds4: b2: verify-policy=rank pos=6 draft=16 qT=1.000000 margin=1.000000 entropy=0.000000 rank=1 need=5.000000 keep=1
ds4: b2: verify-policy summary policy=rank chosen=7 base=7 prob_min=0.030000 margin_min=0.020000 entropy_max=4.000000 rank_max=5
ds4: b2: pos 1 draft=2408 qT=1.00000 pT=1.00000 accept_p=1.0000 u=0.9777 ACCEPT
ds4: b2: pos 2 draft=1715 qT=0.06396 pT=1.00000 accept_p=1.0000 u=0.2202 ACCEPT
ds4: b2: pos 3 draft=1065 qT=1.00000 pT=1.00000 accept_p=1.0000 u=0.0607 ACCEPT
ds4: b2: pos 4 draft=20828 qT=1.00000 pT=1.00000 accept_p=1.0000 u=0.8721 ACCEPT
ds4: b2: pos 5 draft=16846 qT=0.74021 pT=0.19641 accept_p=0.2653 u=0.6900 reject
ds4: b2: MERGED correction-anchor pending C=16
ds4: dspark b2 cycle: n_accept=6 logical_commits=7 emitted_anchor=1 (drafts=5) | anchor=27.0 drafter=21.9 verify=84.2 accept=6.2 kv=1.3 total=140.6 ms
ds4: b2 ENTER first_token=16 max=74 cap=17 temp=1.000 top_p=1.000 min_p=0.050
ds4: b2: main_hidden[0..5]=-0.8415 0.1536 -4.7376 0.1197 4.1027 -2.5128
ds4: b2: pos 0 OVERRIDE target-sampled draft=8279 temp=1.000
ds4: b2: verify-policy=rank pos=1 draft=28 qT=0.919851 margin=0.839702 entropy=0.279133 rank=1 need=5.000000 keep=1
ds4: b2: verify-policy=rank pos=2 draft=2408 qT=0.165943 margin=0.032814 entropy=2.239101 rank=2 need=5.000000 keep=1
ds4: b2: verify-policy=rank pos=3 draft=101616 qT=1.000000 margin=1.000000 entropy=0.000000 rank=1 need=5.000000 keep=1
ds4: b2: verify-policy=rank pos=4 draft=1332 qT=1.000000 margin=1.000000 entropy=0.000000 rank=1 need=5.000000 keep=1
ds4: b2: verify-policy=rank pos=5 draft=3980 qT=0.537768 margin=0.344567 entropy=1.298676 rank=1 need=5.000000 keep=1
ds4: b2: verify-policy=rank pos=6 draft=16 qT=0.950010 margin=0.900020 entropy=0.198485 rank=1 need=5.000000 keep=1
ds4: b2: verify-policy summary policy=rank chosen=7 base=7 prob_min=0.030000 margin_min=0.020000 entropy_max=4.000000 rank_max=5
ds4: b2: pos 1 draft=28 qT=0.91985 pT=1.00000 accept_p=1.0000 u=0.3078 ACCEPT
ds4: b2: pos 2 draft=2408 qT=0.16594 pT=0.00000 accept_p=0.0000 u=0.2415 reject
ds4: b2: MERGED correction-anchor pending C=3939
ds4: dspark b2 cycle: n_accept=3 logical_commits=4 emitted_anchor=1 (drafts=2) | anchor=25.2 drafter=22.1 verify=86.0 accept=2.5 kv=1.4 total=137.2 ms
ds4: b2 ENTER first_token=3939 max=71 cap=17 temp=1.000 top_p=1.000 min_p=0.050
ds4: b2: main_hidden[0..5]=0.5833 4.1486 -10.2460 6.9731 2.5188 -4.6696
ds4: b2: pos 0 OVERRIDE target-sampled draft=6521 temp=1.000
ds4: b2: verify-policy=rank pos=1 draft=92980 qT=1.000000 margin=1.000000 entropy=0.000000 rank=1 need=5.000000 keep=1
ds4: b2: verify-policy=rank pos=2 draft=685 qT=0.886927 margin=0.773854 entropy=0.352893 rank=1 need=5.000000 keep=1
ds4: b2: verify-policy=rank pos=3 draft=477 qT=1.000000 margin=1.000000 entropy=0.000000 rank=1 need=5.000000 keep=1
ds4: b2: verify-policy=rank pos=4 draft=33823 qT=0.526705 margin=0.053410 entropy=0.691720 rank=1 need=5.000000 keep=1
ds4: b2: verify-policy=rank pos=5 draft=16 qT=1.000000 margin=1.000000 entropy=0.000000 rank=1 need=5.000000 keep=1
ds4: b2: verify-policy=rank pos=6 draft=19350 qT=0.900864 margin=0.801729 entropy=0.323179 rank=1 need=5.000000 keep=1
ds4: b2: verify-policy summary policy=rank chosen=7 base=7 prob_min=0.030000 margin_min=0.020000 entropy_max=4.000000 rank_max=5
ds4: b2: pos 1 draft=92980 qT=1.00000 pT=1.00000 accept_p=1.0000 u=0.6530 ACCEPT
ds4: b2: pos 2 draft=685 qT=0.88693 pT=1.00000 accept_p=1.0000 u=0.4005 ACCEPT
ds4: b2: pos 3 draft=477 qT=1.00000 pT=0.39213 accept_p=0.3921 u=0.8606 reject
ds4: b2: MERGED correction-anchor pending C=14738
ds4: dspark b2 cycle: n_accept=4 logical_commits=5 emitted_anchor=1 (drafts=3) | anchor=25.2 drafter=22.1 verify=86.0 accept=3.6 kv=1.1 total=137.9 ms
ds4: b2 ENTER first_token=14738 max=67 cap=17 temp=1.000 top_p=1.000 min_p=0.050
ds4: b2: main_hidden[0..5]=3.8514 4.7561 -3.8349 -2.7606 2.9575 -0.1681
ds4: b2: pos 0 OVERRIDE target-sampled draft=16 temp=1.000
ds4: b2: verify-policy=rank pos=1 draft=19350 qT=1.000000 margin=1.000000 entropy=0.000000 rank=1 need=5.000000 keep=1
ds4: b2: verify-policy=rank pos=2 draft=28 qT=0.434459 margin=0.142356 entropy=1.373699 rank=1 need=5.000000 keep=1
ds4: b2: verify-policy=rank pos=3 draft=1192 qT=0.698347 margin=0.595722 entropy=1.080608 rank=1 need=5.000000 keep=1
ds4: b2: verify-policy=rank pos=4 draft=304 qT=0.197547 margin=0.136251 entropy=2.054215 rank=2 need=5.000000 keep=1
ds4: b2: verify-policy=rank pos=5 draft=2572 qT=0.016699 margin=0.002340 entropy=3.160649 rank=19 need=5.000000 keep=0
ds4: b2: verify-policy summary policy=rank chosen=6 base=7 prob_min=0.030000 margin_min=0.020000 entropy_max=4.000000 rank_max=5
ds4: b2: pos 1 draft=19350 qT=1.00000 pT=1.00000 accept_p=1.0000 u=0.9557 ACCEPT
ds4: b2: pos 2 draft=28 qT=0.43446 pT=1.00000 accept_p=1.0000 u=0.2896 ACCEPT
ds4: b2: pos 3 draft=1192 qT=0.69835 pT=0.86824 accept_p=1.0000 u=0.6175 ACCEPT
ds4: b2: pos 4 draft=304 qT=0.19755 pT=0.00000 accept_p=0.0000 u=0.4705 reject
ds4: b2: MERGED correction-anchor pending C=14531
ds4: dspark b2 cycle: n_accept=5 logical_commits=6 emitted_anchor=1 (drafts=4) | anchor=25.2 drafter=21.3 verify=75.9 accept=5.0 kv=1.4 total=128.9 ms
ds4: b2 ENTER first_token=14531 max=62 cap=17 temp=1.000 top_p=1.000 min_p=0.050
ds4: b2: main_hidden[0..5]=0.6762 -0.0009 -6.0038 0.8135 4.9114 -4.2211
ds4: b2: pos 0 OVERRIDE target-sampled draft=53510 temp=1.000
ds4: b2: verify-policy=rank pos=1 draft=6623 qT=1.000000 margin=1.000000 entropy=0.000000 rank=1 need=5.000000 keep=1
ds4: b2: verify-policy=rank pos=2 draft=3980 qT=1.000000 margin=1.000000 entropy=0.000000 rank=1 need=5.000000 keep=1
ds4: b2: verify-policy=rank pos=3 draft=16 qT=1.000000 margin=1.000000 entropy=0.000000 rank=1 need=5.000000 keep=1
ds4: b2: verify-policy=rank pos=4 draft=19350 qT=1.000000 margin=1.000000 entropy=0.000000 rank=1 need=5.000000 keep=1
ds4: b2: verify-policy=rank pos=5 draft=15363 qT=0.424368 margin=0.169291 entropy=1.428709 rank=1 need=5.000000 keep=1
ds4: b2: verify-policy=rank pos=6 draft=16 qT=0.558647 margin=0.312884 entropy=1.256521 rank=1 need=5.000000 keep=1
ds4: b2: verify-policy summary policy=rank chosen=7 base=7 prob_min=0.030000 margin_min=0.020000 entropy_max=4.000000 rank_max=5
ds4: b2: pos 1 draft=6623 qT=1.00000 pT=1.00000 accept_p=1.0000 u=0.1834 ACCEPT
ds4: b2: pos 2 draft=3980 qT=1.00000 pT=1.00000 accept_p=1.0000 u=0.6254 ACCEPT
ds4: b2: pos 3 draft=16 qT=1.00000 pT=1.00000 accept_p=1.0000 u=0.1683 ACCEPT
ds4: b2: pos 4 draft=19350 qT=1.00000 pT=0.00000 accept_p=0.0000 u=0.4407 reject
ds4: b2: MERGED correction-anchor pending C=5715
ds4: dspark b2 cycle: n_accept=5 logical_commits=6 emitted_anchor=1 (drafts=4) | anchor=25.1 drafter=22.0 verify=87.8 accept=5.0 kv=1.5 total=141.3 ms
ds4: b2 ENTER first_token=5715 max=57 cap=17 temp=1.000 top_p=1.000 min_p=0.050
ds4: b2: main_hidden[0..5]=7.0012 8.1929 0.7803 3.0506 5.0563 0.0583
ds4: b2: pos 0 OVERRIDE target-sampled draft=1234 temp=1.000
ds4: b2: verify-policy=rank pos=1 draft=20586 qT=1.000000 margin=1.000000 entropy=0.000000 rank=1 need=5.000000 keep=1
ds4: b2: verify-policy=rank pos=2 draft=517 qT=1.000000 margin=1.000000 entropy=0.000000 rank=1 need=5.000000 keep=1
ds4: b2: verify-policy=rank pos=3 draft=20586 qT=0.042494 margin=0.296058 entropy=1.426746 rank=6 need=5.000000 keep=0
ds4: b2: verify-policy summary policy=rank chosen=4 base=7 prob_min=0.030000 margin_min=0.020000 entropy_max=4.000000 rank_max=5
ds4: b2: pos 1 draft=20586 qT=1.00000 pT=1.00000 accept_p=1.0000 u=0.8073 ACCEPT
ds4: b2: pos 2 draft=517 qT=1.00000 pT=1.00000 accept_p=1.0000 u=0.3546 ACCEPT
ds4: b2: pos 3 draft=20586 qT=0.04249 pT=0.00000 accept_p=0.0000 u=0.1325 reject
ds4: b2: MERGED correction-anchor pending C=16
ds4: dspark b2 cycle: n_accept=4 logical_commits=5 emitted_anchor=1 (drafts=3) | anchor=25.8 drafter=19.8 verify=62.0 accept=3.8 kv=0.9 total=112.3 ms
ds4: b2 ENTER first_token=16 max=53 cap=17 temp=1.000 top_p=1.000 min_p=0.050
ds4: b2: main_hidden[0..5]=3.9734 4.8291 -3.4001 -2.0253 4.1014 0.6075
ds4: b2: pos 0 OVERRIDE target-sampled draft=19018 temp=1.000
ds4: b2: verify-policy=rank pos=1 draft=47468 qT=0.513221 margin=0.161776 entropy=1.053678 rank=1 need=5.000000 keep=1
ds4: b2: verify-policy=rank pos=2 draft=42830 qT=0.086725 margin=0.645371 entropy=0.942672 rank=2 need=5.000000 keep=1
ds4: b2: verify-policy=rank pos=3 draft=339 qT=0.861101 margin=0.778796 entropy=0.496843 rank=1 need=5.000000 keep=1
ds4: b2: verify-policy=rank pos=4 draft=5718 qT=0.730914 margin=0.581419 entropy=0.767200 rank=1 need=5.000000 keep=1
ds4: b2: verify-policy=rank pos=5 draft=734 qT=0.924899 margin=0.849799 entropy=0.266637 rank=1 need=5.000000 keep=1
ds4: b2: verify-policy=rank pos=6 draft=5085 qT=0.935817 margin=0.871634 entropy=0.238326 rank=1 need=5.000000 keep=1
ds4: b2: verify-policy summary policy=rank chosen=7 base=7 prob_min=0.030000 margin_min=0.020000 entropy_max=4.000000 rank_max=5
ds4: b2: pos 1 draft=47468 qT=0.51322 pT=0.59349 accept_p=1.0000 u=0.0372 ACCEPT
ds4: b2: pos 2 draft=42830 qT=0.08673 pT=0.00000 accept_p=0.0000 u=0.6496 reject
ds4: b2: MERGED correction-anchor pending C=339
ds4: dspark b2 cycle: n_accept=3 logical_commits=4 emitted_anchor=1 (drafts=2) | anchor=26.0 drafter=22.1 verify=87.4 accept=2.4 kv=1.0 total=138.8 ms
ds4: b2 ENTER first_token=339 max=50 cap=17 temp=1.000 top_p=1.000 min_p=0.050
ds4: b2: main_hidden[0..5]=3.6062 1.8091 -5.9151 -2.6958 2.6999 0.3249
ds4: b2: pos 0 OVERRIDE target-sampled draft=5718 temp=1.000
ds4: b2: verify-policy=rank pos=1 draft=734 qT=1.000000 margin=1.000000 entropy=0.000000 rank=1 need=5.000000 keep=1
ds4: b2: verify-policy=rank pos=2 draft=5085 qT=0.887150 margin=0.830259 entropy=0.430651 rank=1 need=5.000000 keep=1
ds4: b2: verify-policy=rank pos=3 draft=28 qT=0.578403 margin=0.434588 entropy=1.332409 rank=1 need=5.000000 keep=1
ds4: b2: verify-policy=rank pos=4 draft=539 qT=0.241850 margin=0.032052 entropy=2.240447 rank=1 need=5.000000 keep=1
ds4: b2: verify-policy=rank pos=5 draft=15 qT=0.937547 margin=0.875094 entropy=0.233665 rank=1 need=5.000000 keep=1
ds4: b2: verify-policy=rank pos=6 draft=73815 qT=0.062042 margin=0.126387 entropy=1.901314 rank=5 need=5.000000 keep=1
ds4: b2: verify-policy summary policy=rank chosen=7 base=7 prob_min=0.030000 margin_min=0.020000 entropy_max=4.000000 rank_max=5
ds4: b2: pos 1 draft=734 qT=1.00000 pT=0.12925 accept_p=0.1292 u=0.8554 reject
ds4: b2: MERGED correction-anchor pending C=678
ds4: dspark b2 cycle: n_accept=2 logical_commits=3 emitted_anchor=1 (drafts=1) | anchor=25.9 drafter=21.9 verify=86.9 accept=1.3 kv=0.3 total=136.4 ms
ds4: b2 ENTER first_token=678 max=48 cap=17 temp=1.000 top_p=1.000 min_p=0.050
ds4: b2: main_hidden[0..5]=2.8556 8.6740 -1.3312 -6.0866 7.8350 4.0476
ds4: b2: pos 0 OVERRIDE target-sampled draft=14083 temp=1.000
ds4: b2: verify-policy=rank pos=1 draft=979 qT=0.242616 margin=0.238368 entropy=1.241784 rank=2 need=5.000000 keep=1
ds4: b2: verify-policy=rank pos=2 draft=19 qT=0.738604 margin=0.544127 entropy=0.723206 rank=1 need=5.000000 keep=1
ds4: b2: verify-policy=rank pos=3 draft=16 qT=1.000000 margin=1.000000 entropy=0.000000 rank=1 need=5.000000 keep=1
ds4: b2: verify-policy=rank pos=4 draft=128822 qT=1.000000 margin=1.000000 entropy=0.000000 rank=1 need=5.000000 keep=1
ds4: b2: verify-policy=rank pos=5 draft=666 qT=0.831158 margin=0.704243 entropy=0.548678 rank=1 need=5.000000 keep=1
ds4: b2: verify-policy=rank pos=6 draft=343 qT=0.516043 margin=0.058068 entropy=0.793890 rank=1 need=5.000000 keep=1
ds4: b2: verify-policy summary policy=rank chosen=7 base=7 prob_min=0.030000 margin_min=0.020000 entropy_max=4.000000 rank_max=5
ds4: b2: pos 1 draft=979 qT=0.24262 pT=0.36538 accept_p=1.0000 u=0.1745 ACCEPT
ds4: b2: pos 2 draft=19 qT=0.73860 pT=0.07976 accept_p=0.1080 u=0.7936 reject
ds4: b2: MERGED correction-anchor pending C=99832
ds4: dspark b2 cycle: n_accept=3 logical_commits=4 emitted_anchor=1 (drafts=2) | anchor=27.6 drafter=22.0 verify=85.5 accept=2.5 kv=1.0 total=138.6 ms
ds4: b2 ENTER first_token=99832 max=45 cap=17 temp=1.000 top_p=1.000 min_p=0.050
ds4: b2: main_hidden[0..5]=-3.1109 0.7101 -6.0751 -5.7204 -0.4158 -2.2416
ds4: b2: pos 0 OVERRIDE target-sampled draft=223 temp=1.000
ds4: b2: verify-policy=rank pos=1 draft=19 qT=1.000000 margin=1.000000 entropy=0.000000 rank=1 need=5.000000 keep=1
ds4: b2: verify-policy=rank pos=2 draft=28 qT=1.000000 margin=1.000000 entropy=0.000000 rank=1 need=5.000000 keep=1
ds4: b2: verify-policy=rank pos=3 draft=5930 qT=1.000000 margin=1.000000 entropy=0.000000 rank=1 need=5.000000 keep=1
ds4: b2: verify-policy=rank pos=4 draft=20828 qT=1.000000 margin=1.000000 entropy=0.000000 rank=1 need=5.000000 keep=1
ds4: b2: verify-policy=rank pos=5 draft=16846 qT=1.000000 margin=1.000000 entropy=0.000000 rank=1 need=5.000000 keep=1
ds4: b2: verify-policy=rank pos=6 draft=28 qT=0.672913 margin=0.407842 entropy=0.790945 rank=1 need=5.000000 keep=1
ds4: b2: verify-policy summary policy=rank chosen=7 base=7 prob_min=0.030000 margin_min=0.020000 entropy_max=4.000000 rank_max=5
ds4: b2: pos 1 draft=19 qT=1.00000 pT=1.00000 accept_p=1.0000 u=0.0530 ACCEPT
ds4: b2: pos 2 draft=28 qT=1.00000 pT=1.00000 accept_p=1.0000 u=0.4953 ACCEPT
ds4: b2: pos 3 draft=5930 qT=1.00000 pT=0.68891 accept_p=0.6889 u=0.2306 ACCEPT
ds4: b2: pos 4 draft=20828 qT=1.00000 pT=1.00000 accept_p=1.0000 u=0.7385 ACCEPT
ds4: b2: pos 5 draft=16846 qT=1.00000 pT=1.00000 accept_p=1.0000 u=0.0350 ACCEPT
ds4: b2: pos 6 draft=28 qT=0.67291 pT=0.00000 accept_p=0.0000 u=0.3757 reject
ds4: b2: MERGED correction-anchor pending C=6382
ds4: dspark b2 cycle: n_accept=7 logical_commits=8 emitted_anchor=1 (drafts=6) | anchor=25.9 drafter=21.5 verify=86.6 accept=7.5 kv=1.1 total=142.6 ms
ds4: b2 ENTER first_token=6382 max=38 cap=17 temp=1.000 top_p=1.000 min_p=0.050
ds4: b2: main_hidden[0..5]=2.1410 -1.9754 -1.2449 4.8961 -3.7361 -3.2652
ds4: b2: pos 0 OVERRIDE target-sampled draft=270 temp=1.000
ds4: b2: verify-policy=rank pos=1 draft=25454 qT=0.898390 margin=0.796781 entropy=0.328605 rank=1 need=5.000000 keep=1
ds4: b2: verify-policy=rank pos=2 draft=304 qT=1.000000 margin=1.000000 entropy=0.000000 rank=1 need=5.000000 keep=1
ds4: b2: verify-policy=rank pos=3 draft=22218 qT=1.000000 margin=1.000000 entropy=0.000000 rank=1 need=5.000000 keep=1
ds4: b2: verify-policy=rank pos=4 draft=12846 qT=1.000000 margin=1.000000 entropy=0.000000 rank=1 need=5.000000 keep=1
ds4: b2: verify-policy=rank pos=5 draft=1936 qT=0.157474 margin=0.042239 entropy=2.336319 rank=2 need=5.000000 keep=1
ds4: b2: verify-policy=rank pos=6 draft=48844 qT=0.223384 margin=0.016891 entropy=2.131146 rank=1 need=5.000000 keep=1
ds4: b2: verify-policy summary policy=rank chosen=7 base=7 prob_min=0.030000 margin_min=0.020000 entropy_max=4.000000 rank_max=5
ds4: b2: pos 1 draft=25454 qT=0.89839 pT=1.00000 accept_p=1.0000 u=0.5415 ACCEPT
ds4: b2: pos 2 draft=304 qT=1.00000 pT=1.00000 accept_p=1.0000 u=0.0659 ACCEPT
ds4: b2: pos 3 draft=22218 qT=1.00000 pT=0.49435 accept_p=0.4944 u=0.3718 ACCEPT
ds4: b2: pos 4 draft=12846 qT=1.00000 pT=1.00000 accept_p=1.0000 u=0.4108 ACCEPT
ds4: b2: pos 5 draft=1936 qT=0.15747 pT=0.06136 accept_p=0.3896 u=0.9469 reject
ds4: b2: MERGED correction-anchor pending C=10300
ds4: dspark b2 cycle: n_accept=6 logical_commits=7 emitted_anchor=1 (drafts=5) | anchor=26.0 drafter=21.9 verify=85.7 accept=6.2 kv=1.0 total=140.9 ms
ds4: b2 ENTER first_token=10300 max=32 cap=17 temp=1.000 top_p=1.000 min_p=0.050
ds4: b2: main_hidden[0..5]=5.0739 -2.1688 -0.9560 3.1502 1.4524 -0.1330
ds4: b2: pos 0 OVERRIDE target-sampled draft=294 temp=1.000
ds4: b2: verify-policy=rank pos=1 draft=1014 qT=0.377086 margin=0.026104 entropy=1.385385 rank=1 need=5.000000 keep=1
ds4: b2: verify-policy=rank pos=2 draft=14 qT=1.000000 margin=1.000000 entropy=0.000000 rank=1 need=5.000000 keep=1
ds4: b2: verify-policy=rank pos=3 draft=790 qT=0.131505 margin=0.028920 entropy=2.790026 rank=1 need=5.000000 keep=1
ds4: b2: verify-policy=rank pos=4 draft=1142 qT=0.081392 margin=0.238505 entropy=1.816387 rank=3 need=5.000000 keep=1
ds4: b2: verify-policy=rank pos=5 draft=366 qT=0.901267 margin=0.848552 entropy=0.390500 rank=1 need=5.000000 keep=1
ds4: b2: verify-policy=rank pos=6 draft=48844 qT=0.033781 margin=0.238756 entropy=1.535911 rank=5 need=5.000000 keep=1
ds4: b2: verify-policy summary policy=rank chosen=7 base=7 prob_min=0.030000 margin_min=0.020000 entropy_max=4.000000 rank_max=5
ds4: b2: pos 1 draft=1014 qT=0.37709 pT=0.91504 accept_p=1.0000 u=0.5581 ACCEPT
ds4: b2: pos 2 draft=14 qT=1.00000 pT=0.00000 accept_p=0.0000 u=0.7853 reject
ds4: b2: MERGED correction-anchor pending C=2951
ds4: dspark b2 cycle: n_accept=3 logical_commits=4 emitted_anchor=1 (drafts=2) | anchor=27.5 drafter=21.3 verify=83.6 accept=2.5 kv=1.0 total=135.8 ms
ds4: b2 ENTER first_token=2951 max=29 cap=17 temp=1.000 top_p=1.000 min_p=0.050
ds4: b2: main_hidden[0..5]=1.2127 -4.2797 -2.5169 1.6043 1.5680 -0.4811
ds4: b2: pos 0 OVERRIDE target-sampled draft=377 temp=1.000
ds4: b2: verify-policy=rank pos=1 draft=18888 qT=0.944524 margin=0.889047 entropy=0.214335 rank=1 need=5.000000 keep=1
ds4: b2: verify-policy=rank pos=2 draft=9935 qT=0.672734 margin=0.540213 entropy=0.981789 rank=1 need=5.000000 keep=1
ds4: b2: verify-policy=rank pos=3 draft=14 qT=0.852952 margin=0.770704 entropy=0.518442 rank=1 need=5.000000 keep=1
ds4: b2: verify-policy=rank pos=4 draft=13394 qT=0.021398 margin=0.029796 entropy=3.119226 rank=13 need=5.000000 keep=0
ds4: b2: verify-policy summary policy=rank chosen=5 base=7 prob_min=0.030000 margin_min=0.020000 entropy_max=4.000000 rank_max=5
ds4: b2: pos 1 draft=18888 qT=0.94452 pT=0.84199 accept_p=0.8914 u=0.9958 reject
ds4: b2: MERGED correction-anchor pending C=26145
ds4: dspark b2 cycle: n_accept=2 logical_commits=3 emitted_anchor=1 (drafts=1) | anchor=25.8 drafter=20.6 verify=73.4 accept=1.3 kv=1.0 total=122.1 ms
ds4: b2 ENTER first_token=26145 max=27 cap=17 temp=1.000 top_p=1.000 min_p=0.050
ds4: b2: main_hidden[0..5]=5.8144 -4.7448 -7.4579 1.7416 0.7448 -3.1052
ds4: b2: pos 0 OVERRIDE target-sampled draft=943 temp=1.000
ds4: b2: verify-policy=rank pos=1 draft=14531 qT=0.835576 margin=0.719326 entropy=0.546379 rank=1 need=5.000000 keep=1
ds4: b2: verify-policy=rank pos=2 draft=14 qT=0.344076 margin=0.192852 entropy=1.035898 rank=2 need=5.000000 keep=1
ds4: b2: verify-policy=rank pos=3 draft=1901 qT=0.726797 margin=0.583247 entropy=0.917093 rank=1 need=5.000000 keep=1
ds4: b2: verify-policy=rank pos=4 draft=14531 qT=0.041992 margin=0.009504 entropy=2.875585 rank=7 need=5.000000 keep=0
ds4: b2: verify-policy summary policy=rank chosen=5 base=7 prob_min=0.030000 margin_min=0.020000 entropy_max=4.000000 rank_max=5
ds4: b2: pos 1 draft=14531 qT=0.83558 pT=0.05568 accept_p=0.0666 u=0.2566 reject
ds4: b2: MERGED correction-anchor pending C=2703
ds4: dspark b2 cycle: n_accept=2 logical_commits=3 emitted_anchor=1 (drafts=1) | anchor=26.0 drafter=20.4 verify=71.7 accept=1.3 kv=0.3 total=119.7 ms
ds4: b2 ENTER first_token=2703 max=25 cap=17 temp=1.000 top_p=1.000 min_p=0.050
ds4: b2: main_hidden[0..5]=1.4287 -0.5165 -4.7487 5.9874 1.3754 -3.0479
ds4: b2: pos 0 OVERRIDE target-sampled draft=4629 temp=1.000
ds4: b2: verify-policy=rank pos=1 draft=343 qT=0.558772 margin=0.291198 entropy=0.981986 rank=1 need=5.000000 keep=1
ds4: b2: verify-policy=rank pos=2 draft=8679 qT=0.546734 margin=0.093469 entropy=0.688773 rank=1 need=5.000000 keep=1
ds4: b2: verify-policy=rank pos=3 draft=33749 qT=0.035781 margin=0.057664 entropy=2.048167 rank=8 need=5.000000 keep=0
ds4: b2: verify-policy summary policy=rank chosen=4 base=7 prob_min=0.030000 margin_min=0.020000 entropy_max=4.000000 rank_max=5
ds4: b2: pos 1 draft=343 qT=0.55877 pT=0.50953 accept_p=0.9119 u=0.3292 ACCEPT
ds4: b2: pos 2 draft=8679 qT=0.54673 pT=0.81020 accept_p=1.0000 u=0.2431 ACCEPT
ds4: b2: pos 3 draft=33749 qT=0.03578 pT=0.00000 accept_p=0.0000 u=0.2305 reject
ds4: b2: MERGED correction-anchor pending C=19580
ds4: dspark b2 cycle: n_accept=4 logical_commits=5 emitted_anchor=1 (drafts=3) | anchor=26.0 drafter=20.2 verify=62.2 accept=3.7 kv=1.4 total=113.5 ms
ds4: b2 ENTER first_token=19580 max=21 cap=17 temp=1.000 top_p=1.000 min_p=0.050
ds4: b2: main_hidden[0..5]=3.5343 -6.5145 -9.9530 1.0773 5.7992 -4.3096
ds4: b2: pos 0 OVERRIDE target-sampled draft=754 temp=1.000
ds4: b2: verify-policy=rank pos=1 draft=1901 qT=0.875432 margin=0.750864 entropy=0.375929 rank=1 need=5.000000 keep=1
ds4: b2: verify-policy=rank pos=2 draft=2408 qT=0.576193 margin=0.284569 entropy=1.083588 rank=1 need=5.000000 keep=1
ds4: b2: verify-policy=rank pos=3 draft=101616 qT=0.806949 margin=0.714404 entropy=0.693275 rank=1 need=5.000000 keep=1
ds4: b2: verify-policy=rank pos=4 draft=1332 qT=1.000000 margin=1.000000 entropy=0.000000 rank=1 need=5.000000 keep=1
ds4: b2: verify-policy=rank pos=5 draft=14 qT=0.186290 margin=0.055878 entropy=2.857135 rank=1 need=5.000000 keep=1
ds4: b2: verify-policy=rank pos=6 draft=436 qT=0.096663 margin=0.205538 entropy=1.981735 rank=4 need=5.000000 keep=1
ds4: b2: verify-policy summary policy=rank chosen=7 base=7 prob_min=0.030000 margin_min=0.020000 entropy_max=4.000000 rank_max=5
ds4: b2: pos 1 draft=1901 qT=0.87543 pT=0.95053 accept_p=1.0000 u=0.4193 ACCEPT
ds4: b2: pos 2 draft=2408 qT=0.57619 pT=1.00000 accept_p=1.0000 u=0.1836 ACCEPT
ds4: b2: pos 3 draft=101616 qT=0.80695 pT=0.00000 accept_p=0.0000 u=0.2153 reject
ds4: b2: MERGED correction-anchor pending C=1715
ds4: dspark b2 cycle: n_accept=4 logical_commits=5 emitted_anchor=1 (drafts=3) | anchor=26.2 drafter=22.0 verify=86.5 accept=3.8 kv=1.4 total=139.8 ms
ds4: b2 ENTER first_token=1715 max=17 cap=17 temp=1.000 top_p=1.000 min_p=0.050
ds4: b2: main_hidden[0..5]=-2.5070 0.2407 -2.6391 1.4573 8.2736 -1.9038
ds4: b2: pos 0 OVERRIDE target-sampled draft=1065 temp=1.000
ds4: b2: verify-policy=rank pos=1 draft=20828 qT=1.000000 margin=1.000000 entropy=0.000000 rank=1 need=5.000000 keep=1
ds4: b2: verify-policy=rank pos=2 draft=16846 qT=1.000000 margin=1.000000 entropy=0.000000 rank=1 need=5.000000 keep=1
ds4: b2: verify-policy=rank pos=3 draft=1353 qT=0.250078 margin=0.048384 entropy=2.159289 rank=1 need=5.000000 keep=1
ds4: b2: verify-policy=rank pos=4 draft=74638 qT=0.774999 margin=0.669699 entropy=0.771432 rank=1 need=5.000000 keep=1
ds4: b2: verify-policy=rank pos=5 draft=436 qT=0.136702 margin=0.239802 entropy=1.973466 rank=2 need=5.000000 keep=1
ds4: b2: verify-policy=rank pos=6 draft=74638 qT=0.157115 margin=0.006725 entropy=2.589452 rank=1 need=5.000000 keep=1
ds4: b2: verify-policy summary policy=rank chosen=7 base=7 prob_min=0.030000 margin_min=0.020000 entropy_max=4.000000 rank_max=5
ds4: b2: pos 1 draft=20828 qT=1.00000 pT=1.00000 accept_p=1.0000 u=0.4525 ACCEPT
ds4: b2: pos 2 draft=16846 qT=1.00000 pT=1.00000 accept_p=1.0000 u=0.1186 ACCEPT
ds4: b2: pos 3 draft=1353 qT=0.25008 pT=0.93742 accept_p=1.0000 u=0.9575 ACCEPT
ds4: b2: pos 4 draft=74638 qT=0.77500 pT=0.42274 accept_p=0.5455 u=0.3148 ACCEPT
ds4: b2: pos 5 draft=436 qT=0.13670 pT=0.00000 accept_p=0.0000 u=0.9633 reject
ds4: b2: MERGED correction-anchor pending C=12846
ds4: dspark b2 cycle: n_accept=6 logical_commits=7 emitted_anchor=1 (drafts=5) | anchor=25.8 drafter=22.1 verify=86.4 accept=6.2 kv=1.2 total=141.8 ms
ds4: b2 ENTER first_token=12846 max=11 cap=17 temp=1.000 top_p=1.000 min_p=0.050
ds4: b2: main_hidden[0..5]=2.5549 5.2605 -6.8764 -0.9702 4.3334 2.3612
ds4: b2: pos 0 OVERRIDE target-sampled draft=1561 temp=1.000
ds4: b2: verify-policy=rank pos=1 draft=270 qT=0.667013 margin=0.509530 entropy=1.105986 rank=1 need=5.000000 keep=1
ds4: b2: verify-policy=rank pos=2 draft=12740 qT=0.062128 margin=0.049490 entropy=2.374325 rank=6 need=5.000000 keep=0
ds4: b2: verify-policy summary policy=rank chosen=3 base=7 prob_min=0.030000 margin_min=0.020000 entropy_max=4.000000 rank_max=5
ds4: b2: pos 1 draft=270 qT=0.66701 pT=0.43752 accept_p=0.6559 u=0.7482 reject
ds4: b2: MERGED correction-anchor pending C=786
ds4: dspark b2 cycle: n_accept=2 logical_commits=3 emitted_anchor=1 (drafts=1) | anchor=26.1 drafter=18.9 verify=55.5 accept=1.3 kv=0.3 total=102.1 ms
ds4: b2 ENTER first_token=786 max=9 cap=17 temp=1.000 top_p=1.000 min_p=0.050
ds4: b2: main_hidden[0..5]=1.9062 -0.2632 -4.3625 2.7061 -1.2292 -1.0538
ds4: b2: pos 0 OVERRIDE target-sampled draft=38937 temp=1.000
ds4: b2: verify-policy=rank pos=1 draft=477 qT=1.000000 margin=1.000000 entropy=0.000000 rank=1 need=5.000000 keep=1
ds4: b2: verify-policy=rank pos=2 draft=3459 qT=0.752627 margin=0.505254 entropy=0.559431 rank=1 need=5.000000 keep=1
ds4: b2: verify-policy=rank pos=3 draft=16 qT=0.939317 margin=0.878634 entropy=0.228843 rank=1 need=5.000000 keep=1
ds4: b2: verify-policy=rank pos=4 draft=10403 qT=1.000000 margin=1.000000 entropy=0.000000 rank=1 need=5.000000 keep=1
ds4: b2: verify-policy=rank pos=5 draft=13515 qT=0.162340 margin=0.182360 entropy=1.642435 rank=3 need=5.000000 keep=1
ds4: b2: verify-policy=rank pos=6 draft=1455 qT=0.514404 margin=0.287481 entropy=1.285181 rank=1 need=5.000000 keep=1
ds4: b2: verify-policy summary policy=rank chosen=7 base=7 prob_min=0.030000 margin_min=0.020000 entropy_max=4.000000 rank_max=5
ds4: b2: pos 1 draft=477 qT=1.00000 pT=0.89114 accept_p=0.8911 u=0.0497 ACCEPT
ds4: b2: pos 2 draft=3459 qT=0.75263 pT=0.00000 accept_p=0.0000 u=0.3867 reject
ds4: b2: MERGED correction-anchor pending C=27081
ds4: dspark b2 cycle: n_accept=3 logical_commits=4 emitted_anchor=1 (drafts=2) | anchor=25.9 drafter=22.3 verify=85.6 accept=3.2 kv=1.1 total=138.1 ms
ds4: b2 ENTER first_token=27081 max=6 cap=17 temp=1.000 top_p=1.000 min_p=0.050
ds4: b2: main_hidden[0..5]=2.9144 3.1115 -7.5433 0.7607 6.6550 -2.3405
ds4: b2: pos 0 OVERRIDE target-sampled draft=16 temp=1.000
ds4: b2: verify-policy=rank pos=1 draft=5930 qT=0.781277 margin=0.562554 entropy=0.525287 rank=1 need=5.000000 keep=1
ds4: b2: verify-policy=rank pos=2 draft=20828 qT=1.000000 margin=1.000000 entropy=0.000000 rank=1 need=5.000000 keep=1
ds4: b2: verify-policy=rank pos=3 draft=16846 qT=1.000000 margin=1.000000 entropy=0.000000 rank=1 need=5.000000 keep=1
ds4: b2: verify-policy=rank pos=4 draft=14 qT=0.266884 margin=0.005553 entropy=2.113370 rank=1 need=5.000000 keep=1
ds4: b2: verify-policy=rank pos=5 draft=305 qT=0.046524 margin=0.018136 entropy=2.981525 rank=8 need=5.000000 keep=0
ds4: b2: verify-policy summary policy=rank chosen=6 base=7 prob_min=0.030000 margin_min=0.020000 entropy_max=4.000000 rank_max=5
ds4: b2: pos 1 draft=5930 qT=0.78128 pT=0.87106 accept_p=1.0000 u=0.5247 ACCEPT
ds4: b2: pos 2 draft=20828 qT=1.00000 pT=0.95011 accept_p=0.9501 u=0.9004 ACCEPT
ds4: b2: pos 3 draft=16846 qT=1.00000 pT=1.00000 accept_p=1.0000 u=0.3887 ACCEPT
ds4: b2: pos 4 draft=14 qT=0.26688 pT=0.00000 accept_p=0.0000 u=0.6263 reject
ds4: b2: MERGED correction-anchor pending C=588
ds4: dspark b2 cycle: n_accept=5 logical_commits=6 emitted_anchor=1 (drafts=4) | anchor=26.2 drafter=25.6 verify=79.9 accept=5.0 kv=1.6 total=138.3 ms
ds4: b2 ENTER first_token=588 max=1 cap=17 temp=1.000 top_p=1.000 min_p=0.050
ds4: b2: main_hidden[0..5]=0.6660 0.9594 5.2105 5.4766 -1.4605 -0.0632
ds4: b2: pos 0 OVERRIDE target-sampled draft=5831 temp=1.000
ds4: b2: verify-policy=rank pos=1 draft=4197 qT=0.641935 margin=0.316830 entropy=0.762316 rank=1 need=5.000000 keep=1
ds4: b2: verify-policy=rank pos=2 draft=14 qT=0.617419 margin=0.468659 entropy=1.150300 rank=1 need=5.000000 keep=1
ds4: b2: verify-policy=rank pos=3 draft=790 qT=1.000000 margin=1.000000 entropy=0.000000 rank=1 need=5.000000 keep=1
ds4: b2: verify-policy=rank pos=4 draft=60146 qT=0.026208 margin=0.016995 entropy=2.359151 rank=10 need=5.000000 keep=0
ds4: b2: verify-policy summary policy=rank chosen=5 base=7 prob_min=0.030000 margin_min=0.020000 entropy_max=4.000000 rank_max=5
ds4: b2: MERGED correction-anchor pending C=5831
ds4: dspark b2 cycle: n_accept=1 logical_commits=2 emitted_anchor=1 (drafts=1) | anchor=26.0 drafter=20.6 verify=73.2 accept=0.0 kv=0.3 total=120.2 ms
ds4: prefill: 77.30 t/s, generation: 29.08 t/s
ds4: Metal cleanup discarded 11 live tensor handles
