ds4: Metal device Apple M5 Max, 128.00 GiB RAM
ds4: Metal 4 tensor API enabled for Tensor kernels
ds4: drift-patch flags hc_stable=on norm_unify=on kv_raw_f32=off rope_exp2_log2=off math_safe=off tensor_matmul=on
ds4: Metal model views created in 0.014 ms, residency requested in 1.215 ms, warmup 2.777 ms (mapped 126.25 MiB from offset 0.00 MiB)
ds4: Metal mapped mmaped model as 1 overlapping shared buffers
ds4: DSpark drafter loaded: ../ds4/gguf/dspark.gguf (3 mtp stages)
ds4: Metal model views created in 2.161 ms, residency requested in 829.194 ms, warmup 0.954 ms (mapped 82697.67 MiB from offset 5.09 MiB)
ds4: Metal mapped mmaped model as 3 overlapping shared buffers
ds4: Metal model views created in 0.253 ms, residency requested in 819.832 ms, warmup 1.136 ms (mapped 10957.67 MiB from offset 0.01 MiB)
ds4: Metal mapped mmaped model as 4 overlapping shared buffers
ds4: metal backend initialized for graph diagnostics
ds4: context buffers 495.92 MiB (ctx=8192, backend=metal, prefill_chunk=4096, raw_kv_rows=4352, compressed_kv_rows=2050)
ds4: dispatch -> run_sampled_generation (temp=0.8 mtp=0 dspark=1)
ds4: b2 ENTER first_token=2581 max=128 cap=17 temp=0.800 top_p=1.000 min_p=0.050
ds4: b2: main_hidden[0..5]=1.6575 0.9929 -0.1991 0.4064 6.5112 -1.3568
ds4: b2: pos 0 OVERRIDE target-sampled draft=1309 temp=0.800
ds4: b2: verify-policy=entropy pos=1 draft=304 qT=1.000000 margin=1.000000 entropy=0.000000 rank=1 need=3.000000 keep=1
ds4: b2: verify-policy=entropy pos=2 draft=8470 qT=1.000000 margin=1.000000 entropy=0.000000 rank=1 need=3.000000 keep=1
ds4: b2: verify-policy=entropy pos=3 draft=270 qT=0.758707 margin=0.607078 entropy=0.711772 rank=1 need=3.000000 keep=1
ds4: b2: verify-policy=entropy pos=4 draft=2038 qT=0.243714 margin=0.316329 entropy=1.196075 rank=2 need=3.000000 keep=1
ds4: b2: verify-policy=entropy pos=5 draft=15174 qT=0.171617 margin=0.110094 entropy=2.066548 rank=2 need=3.000000 keep=1
ds4: b2: verify-policy=entropy pos=6 draft=295 qT=0.473580 margin=0.027949 entropy=0.917416 rank=1 need=3.000000 keep=1
ds4: b2: verify-policy summary policy=entropy chosen=7 base=7 prob_min=0.030000 margin_min=0.020000 entropy_max=3.000000 rank_max=2
ds4: b2: pos 1 draft=304 qT=1.00000 pT=1.00000 accept_p=1.0000 u=0.0000 ACCEPT
ds4: b2: pos 2 draft=8470 qT=1.00000 pT=1.00000 accept_p=1.0000 u=0.0625 ACCEPT
ds4: b2: pos 3 draft=270 qT=0.75871 pT=0.03671 accept_p=0.0484 u=0.6059 reject
ds4: b2: MERGED correction-anchor pending C=71350
ds4: dspark b2 cycle: n_accept=5 logical_commits=5 emitted_anchor=0 (drafts=3) | anchor=25.9 drafter=23.4 verify=90.6 accept=3.8 kv=1.4 total=145.1 ms
ds4: b2 ENTER first_token=71350 max=123 cap=17 temp=0.800 top_p=1.000 min_p=0.050
ds4: b2: main_hidden[0..5]=1.4367 -1.1211 -4.6996 -1.6968 1.1519 1.2630
ds4: b2: pos 0 OVERRIDE target-sampled draft=8062 temp=0.800
ds4: b2: verify-policy=entropy pos=1 draft=2408 qT=0.255371 margin=0.243409 entropy=1.138469 rank=2 need=3.000000 keep=1
ds4: b2: verify-policy=entropy pos=2 draft=101616 qT=1.000000 margin=1.000000 entropy=0.000000 rank=1 need=3.000000 keep=1
ds4: b2: verify-policy=entropy pos=3 draft=1332 qT=1.000000 margin=1.000000 entropy=0.000000 rank=1 need=3.000000 keep=1
ds4: b2: verify-policy=entropy pos=4 draft=14 qT=0.727671 margin=0.550049 entropy=0.761501 rank=1 need=3.000000 keep=1
ds4: b2: verify-policy=entropy pos=5 draft=16846 qT=0.861124 margin=0.722247 entropy=0.402919 rank=1 need=3.000000 keep=1
ds4: b2: verify-policy=entropy pos=6 draft=14 qT=1.000000 margin=1.000000 entropy=0.000000 rank=1 need=3.000000 keep=1
ds4: b2: verify-policy summary policy=entropy chosen=7 base=7 prob_min=0.030000 margin_min=0.020000 entropy_max=3.000000 rank_max=2
ds4: b2: pos 1 draft=2408 qT=0.25537 pT=1.00000 accept_p=1.0000 u=0.5236 ACCEPT
ds4: b2: pos 2 draft=101616 qT=1.00000 pT=0.00000 accept_p=0.0000 u=0.9636 reject
ds4: b2: MERGED correction-anchor pending C=1715
ds4: dspark b2 cycle: n_accept=3 logical_commits=4 emitted_anchor=1 (drafts=2) | anchor=25.1 drafter=21.5 verify=85.4 accept=2.5 kv=1.4 total=135.8 ms
ds4: b2 ENTER first_token=1715 max=120 cap=17 temp=0.800 top_p=1.000 min_p=0.050
ds4: b2: main_hidden[0..5]=-0.9251 1.1152 -3.8341 -0.0655 5.4285 -1.2382
ds4: b2: pos 0 OVERRIDE target-sampled draft=1065 temp=0.800
ds4: b2: verify-policy=entropy pos=1 draft=20828 qT=1.000000 margin=1.000000 entropy=0.000000 rank=1 need=3.000000 keep=1
ds4: b2: verify-policy=entropy pos=2 draft=16846 qT=1.000000 margin=1.000000 entropy=0.000000 rank=1 need=3.000000 keep=1
ds4: b2: verify-policy=entropy pos=3 draft=14 qT=1.000000 margin=1.000000 entropy=0.000000 rank=1 need=3.000000 keep=1
ds4: b2: verify-policy=entropy pos=4 draft=2408 qT=0.684124 margin=0.459756 entropy=0.813841 rank=1 need=3.000000 keep=1
ds4: b2: verify-policy=entropy pos=5 draft=101616 qT=0.693652 margin=0.387303 entropy=0.616148 rank=1 need=3.000000 keep=1
ds4: b2: verify-policy=entropy pos=6 draft=1332 qT=1.000000 margin=1.000000 entropy=0.000000 rank=1 need=3.000000 keep=1
ds4: b2: verify-policy summary policy=entropy chosen=7 base=7 prob_min=0.030000 margin_min=0.020000 entropy_max=3.000000 rank_max=2
ds4: b2: pos 1 draft=20828 qT=1.00000 pT=1.00000 accept_p=1.0000 u=0.7741 ACCEPT
ds4: b2: pos 2 draft=16846 qT=1.00000 pT=0.87472 accept_p=0.8747 u=0.4892 ACCEPT
ds4: b2: pos 3 draft=14 qT=1.00000 pT=1.00000 accept_p=1.0000 u=0.4517 ACCEPT
ds4: b2: pos 4 draft=2408 qT=0.68412 pT=0.00000 accept_p=0.0000 u=0.1125 reject
ds4: b2: MERGED correction-anchor pending C=14531
ds4: dspark b2 cycle: n_accept=5 logical_commits=6 emitted_anchor=1 (drafts=4) | anchor=26.7 drafter=21.8 verify=84.1 accept=4.5 kv=1.3 total=138.3 ms
ds4: b2 ENTER first_token=14531 max=115 cap=17 temp=0.800 top_p=1.000 min_p=0.050
ds4: b2: main_hidden[0..5]=-0.6893 -2.0160 -5.8407 0.5134 7.9027 -4.6674
ds4: b2: pos 0 OVERRIDE target-sampled draft=6521 temp=0.800
ds4: b2: verify-policy=entropy pos=1 draft=92980 qT=0.740596 margin=0.481193 entropy=0.572432 rank=1 need=3.000000 keep=1
ds4: b2: verify-policy=entropy pos=2 draft=685 qT=0.694368 margin=0.388737 entropy=0.615561 rank=1 need=3.000000 keep=1
ds4: b2: verify-policy=entropy pos=3 draft=14 qT=1.000000 margin=1.000000 entropy=0.000000 rank=1 need=3.000000 keep=1
ds4: b2: verify-policy=entropy pos=4 draft=71350 qT=0.559118 margin=0.151592 entropy=0.804313 rank=1 need=3.000000 keep=1
ds4: b2: verify-policy=entropy pos=5 draft=16846 qT=1.000000 margin=1.000000 entropy=0.000000 rank=1 need=3.000000 keep=1
ds4: b2: verify-policy=entropy pos=6 draft=16 qT=0.725178 margin=0.450356 entropy=0.587996 rank=1 need=3.000000 keep=1
ds4: b2: verify-policy summary policy=entropy chosen=7 base=7 prob_min=0.030000 margin_min=0.020000 entropy_max=3.000000 rank_max=2
ds4: b2: pos 1 draft=92980 qT=0.74060 pT=0.95009 accept_p=1.0000 u=0.3053 ACCEPT
ds4: b2: pos 2 draft=685 qT=0.69437 pT=1.00000 accept_p=1.0000 u=0.5660 ACCEPT
ds4: b2: pos 3 draft=14 qT=1.00000 pT=0.00000 accept_p=0.0000 u=0.5372 reject
ds4: b2: MERGED correction-anchor pending C=2753
ds4: dspark b2 cycle: n_accept=4 logical_commits=5 emitted_anchor=1 (drafts=3) | anchor=25.1 drafter=21.7 verify=85.2 accept=3.5 kv=1.4 total=137.0 ms
ds4: b2 ENTER first_token=2753 max=111 cap=17 temp=0.800 top_p=1.000 min_p=0.050
ds4: b2: main_hidden[0..5]=5.3273 -0.0111 -9.6585 2.2928 -1.1358 -2.0349
ds4: b2: pos 0 OVERRIDE target-sampled draft=14 temp=0.800
ds4: b2: verify-policy=entropy pos=1 draft=14531 qT=1.000000 margin=1.000000 entropy=0.000000 rank=1 need=3.000000 keep=1
ds4: b2: verify-policy=entropy pos=2 draft=53510 qT=1.000000 margin=1.000000 entropy=0.000000 rank=1 need=3.000000 keep=1
ds4: b2: verify-policy=entropy pos=3 draft=14 qT=0.773586 margin=0.617573 entropy=0.675249 rank=1 need=3.000000 keep=1
ds4: b2: verify-policy=entropy pos=4 draft=14531 qT=0.327676 margin=0.227116 entropy=1.020979 rank=2 need=3.000000 keep=1
ds4: b2: verify-policy=entropy pos=5 draft=53510 qT=1.000000 margin=1.000000 entropy=0.000000 rank=1 need=3.000000 keep=1
ds4: b2: verify-policy=entropy pos=6 draft=16 qT=1.000000 margin=1.000000 entropy=0.000000 rank=1 need=3.000000 keep=1
ds4: b2: verify-policy summary policy=entropy chosen=7 base=7 prob_min=0.030000 margin_min=0.020000 entropy_max=3.000000 rank_max=2
ds4: b2: pos 1 draft=14531 qT=1.00000 pT=0.42679 accept_p=0.4268 u=0.1061 ACCEPT
ds4: b2: pos 2 draft=53510 qT=1.00000 pT=1.00000 accept_p=1.0000 u=0.6606 ACCEPT
ds4: b2: pos 3 draft=14 qT=0.77359 pT=0.00000 accept_p=0.0000 u=0.0584 reject
ds4: b2: MERGED correction-anchor pending C=1812
ds4: dspark b2 cycle: n_accept=4 logical_commits=5 emitted_anchor=1 (drafts=3) | anchor=25.1 drafter=22.4 verify=83.6 accept=3.8 kv=1.0 total=135.9 ms
ds4: b2 ENTER first_token=1812 max=107 cap=17 temp=0.800 top_p=1.000 min_p=0.050
ds4: b2: main_hidden[0..5]=-0.7050 -2.0093 -8.3718 7.1394 -0.2267 -0.4098
ds4: b2: pos 0 OVERRIDE target-sampled draft=3980 temp=0.800
ds4: b2: verify-policy=entropy pos=1 draft=14 qT=0.738912 margin=0.477825 entropy=0.574192 rank=1 need=3.000000 keep=1
ds4: b2: verify-policy=entropy pos=2 draft=305 qT=1.000000 margin=1.000000 entropy=0.000000 rank=1 need=3.000000 keep=1
ds4: b2: verify-policy=entropy pos=3 draft=3287 qT=0.022898 margin=0.087590 entropy=2.768373 rank=12 need=3.000000 keep=1
ds4: b2: verify-policy=entropy pos=4 draft=16 qT=0.804316 margin=0.667164 entropy=0.613751 rank=1 need=3.000000 keep=1
ds4: b2: verify-policy=entropy pos=5 draft=21017 qT=0.914379 margin=0.828757 entropy=0.292289 rank=1 need=3.000000 keep=1
ds4: b2: verify-policy=entropy pos=6 draft=304 qT=1.000000 margin=1.000000 entropy=0.000000 rank=1 need=3.000000 keep=1
ds4: b2: verify-policy summary policy=entropy chosen=7 base=7 prob_min=0.030000 margin_min=0.020000 entropy_max=3.000000 rank_max=2
ds4: b2: pos 1 draft=14 qT=0.73891 pT=0.91929 accept_p=1.0000 u=0.9461 ACCEPT
ds4: b2: pos 2 draft=305 qT=1.00000 pT=0.56686 accept_p=0.5669 u=0.2679 ACCEPT
ds4: b2: pos 3 draft=3287 qT=0.02290 pT=0.00000 accept_p=0.0000 u=0.1462 reject
ds4: b2: MERGED correction-anchor pending C=1234
ds4: dspark b2 cycle: n_accept=4 logical_commits=5 emitted_anchor=1 (drafts=3) | anchor=25.0 drafter=21.4 verify=84.1 accept=3.8 kv=0.7 total=135.0 ms
ds4: b2 ENTER first_token=1234 max=103 cap=17 temp=0.800 top_p=1.000 min_p=0.050
ds4: b2: main_hidden[0..5]=2.9892 8.4138 -5.3791 -1.4344 5.5465 3.1701
ds4: b2: pos 0 OVERRIDE target-sampled draft=20586 temp=0.800
ds4: b2: verify-policy=entropy pos=1 draft=517 qT=1.000000 margin=1.000000 entropy=0.000000 rank=1 need=3.000000 keep=1
ds4: b2: verify-policy=entropy pos=2 draft=16 qT=0.768674 margin=0.617888 entropy=0.690381 rank=1 need=3.000000 keep=1
ds4: b2: verify-policy=entropy pos=3 draft=21017 qT=1.000000 margin=1.000000 entropy=0.000000 rank=1 need=3.000000 keep=1
ds4: b2: verify-policy=entropy pos=4 draft=304 qT=1.000000 margin=1.000000 entropy=0.000000 rank=1 need=3.000000 keep=1
ds4: b2: verify-policy=entropy pos=5 draft=8470 qT=0.756425 margin=0.620016 entropy=0.722239 rank=1 need=3.000000 keep=1
ds4: b2: verify-policy=entropy pos=6 draft=1660 qT=0.191994 margin=0.011689 entropy=1.721052 rank=3 need=3.000000 keep=1
ds4: b2: verify-policy summary policy=entropy chosen=7 base=7 prob_min=0.030000 margin_min=0.020000 entropy_max=3.000000 rank_max=2
ds4: b2: pos 1 draft=517 qT=1.00000 pT=1.00000 accept_p=1.0000 u=0.7631 ACCEPT
ds4: b2: pos 2 draft=16 qT=0.76867 pT=1.00000 accept_p=1.0000 u=0.9481 ACCEPT
ds4: b2: pos 3 draft=21017 qT=1.00000 pT=0.00000 accept_p=0.0000 u=0.3014 reject
ds4: b2: MERGED correction-anchor pending C=455
ds4: dspark b2 cycle: n_accept=4 logical_commits=5 emitted_anchor=1 (drafts=3) | anchor=25.2 drafter=24.0 verify=86.1 accept=3.7 kv=1.4 total=140.5 ms
ds4: b2 ENTER first_token=455 max=99 cap=17 temp=0.800 top_p=1.000 min_p=0.050
ds4: b2: main_hidden[0..5]=2.9235 -1.7801 -7.8187 -1.8372 2.6620 3.4677
ds4: b2: pos 0 OVERRIDE target-sampled draft=3967 temp=0.800
ds4: b2: verify-policy=entropy pos=1 draft=10059 qT=0.938352 margin=0.876704 entropy=0.231478 rank=1 need=3.000000 keep=1
ds4: b2: verify-policy=entropy pos=2 draft=260 qT=0.204211 margin=0.209052 entropy=1.691580 rank=2 need=3.000000 keep=1
ds4: b2: verify-policy=entropy pos=3 draft=2767 qT=0.101360 margin=0.237523 entropy=1.471920 rank=3 need=3.000000 keep=1
ds4: b2: verify-policy=entropy pos=4 draft=42830 qT=1.000000 margin=1.000000 entropy=0.000000 rank=1 need=3.000000 keep=1
ds4: b2: verify-policy=entropy pos=5 draft=14 qT=0.918755 margin=0.837511 entropy=0.281799 rank=1 need=3.000000 keep=1
ds4: b2: verify-policy=entropy pos=6 draft=223 qT=0.300620 margin=0.125440 entropy=1.935806 rank=1 need=3.000000 keep=1
ds4: b2: verify-policy summary policy=entropy chosen=7 base=7 prob_min=0.030000 margin_min=0.020000 entropy_max=3.000000 rank_max=2
ds4: b2: pos 1 draft=10059 qT=0.93835 pT=0.94996 accept_p=1.0000 u=0.3225 ACCEPT
ds4: b2: pos 2 draft=260 qT=0.20421 pT=0.00000 accept_p=0.0000 u=0.3571 reject
ds4: b2: MERGED correction-anchor pending C=223
ds4: dspark b2 cycle: n_accept=3 logical_commits=4 emitted_anchor=1 (drafts=2) | anchor=25.0 drafter=21.9 verify=85.6 accept=2.5 kv=1.5 total=136.5 ms
ds4: b2 ENTER first_token=223 max=96 cap=17 temp=0.800 top_p=1.000 min_p=0.050
ds4: b2: main_hidden[0..5]=0.1262 -3.8386 -0.6793 2.0148 0.8371 2.2872
ds4: b2: pos 0 OVERRIDE target-sampled draft=21 temp=0.800
ds4: b2: verify-policy=entropy pos=1 draft=15 qT=1.000000 margin=1.000000 entropy=0.000000 rank=1 need=3.000000 keep=1
ds4: b2: verify-policy=entropy pos=2 draft=22 qT=1.000000 margin=1.000000 entropy=0.000000 rank=1 need=3.000000 keep=1
ds4: b2: verify-policy=entropy pos=3 draft=3107 qT=0.943875 margin=0.887750 entropy=0.216169 rank=1 need=3.000000 keep=1
ds4: b2: verify-policy=entropy pos=4 draft=42830 qT=1.000000 margin=1.000000 entropy=0.000000 rank=1 need=3.000000 keep=1
ds4: b2: verify-policy=entropy pos=5 draft=16 qT=0.745296 margin=0.490591 entropy=0.567445 rank=1 need=3.000000 keep=1
ds4: b2: verify-policy=entropy pos=6 draft=1350 qT=0.471105 margin=0.304897 entropy=1.661817 rank=1 need=3.000000 keep=1
ds4: b2: verify-policy summary policy=entropy chosen=7 base=7 prob_min=0.030000 margin_min=0.020000 entropy_max=3.000000 rank_max=2
ds4: b2: pos 1 draft=15 qT=1.00000 pT=1.00000 accept_p=1.0000 u=0.9207 ACCEPT
ds4: b2: pos 2 draft=22 qT=1.00000 pT=1.00000 accept_p=1.0000 u=0.1933 ACCEPT
ds4: b2: pos 3 draft=3107 qT=0.94388 pT=1.00000 accept_p=1.0000 u=0.2361 ACCEPT
ds4: b2: pos 4 draft=42830 qT=1.00000 pT=1.00000 accept_p=1.0000 u=0.7442 ACCEPT
ds4: b2: pos 5 draft=16 qT=0.74530 pT=0.48799 accept_p=0.6548 u=0.5437 ACCEPT
ds4: b2: pos 6 draft=1350 qT=0.47111 pT=0.00000 accept_p=0.0000 u=0.0374 reject
ds4: b2: MERGED correction-anchor pending C=4480
ds4: dspark b2 cycle: n_accept=7 logical_commits=8 emitted_anchor=1 (drafts=6) | anchor=26.7 drafter=21.7 verify=84.3 accept=7.1 kv=1.6 total=141.5 ms
ds4: b2 ENTER first_token=4480 max=89 cap=17 temp=0.800 top_p=1.000 min_p=0.050
ds4: b2: main_hidden[0..5]=-0.1786 6.4963 -2.2275 -7.2647 9.3036 4.5685
ds4: b2: pos 0 OVERRIDE target-sampled draft=734 temp=0.800
ds4: b2: verify-policy=entropy pos=1 draft=4456 qT=0.874023 margin=0.748046 entropy=0.378667 rank=1 need=3.000000 keep=1
ds4: b2: verify-policy=entropy pos=2 draft=339 qT=0.363161 margin=0.273677 entropy=0.655215 rank=2 need=3.000000 keep=1
ds4: b2: verify-policy=entropy pos=3 draft=10318 qT=0.763360 margin=0.639813 entropy=0.788543 rank=1 need=3.000000 keep=1
ds4: b2: verify-policy=entropy pos=4 draft=15363 qT=0.116161 margin=0.767677 entropy=0.359206 rank=2 need=3.000000 keep=1
ds4: b2: verify-policy=entropy pos=5 draft=28 qT=0.835832 margin=0.733338 entropy=0.555181 rank=1 need=3.000000 keep=1
ds4: b2: verify-policy=entropy pos=6 draft=582 qT=0.211963 margin=0.103227 entropy=1.167299 rank=3 need=3.000000 keep=1
ds4: b2: verify-policy summary policy=entropy chosen=7 base=7 prob_min=0.030000 margin_min=0.020000 entropy_max=3.000000 rank_max=2
ds4: b2: pos 1 draft=4456 qT=0.87402 pT=1.00000 accept_p=1.0000 u=0.6630 ACCEPT
ds4: b2: pos 2 draft=339 qT=0.36316 pT=0.10635 accept_p=0.2928 u=0.1993 ACCEPT
ds4: b2: pos 3 draft=10318 qT=0.76336 pT=0.56868 accept_p=0.7450 u=0.1323 ACCEPT
ds4: b2: pos 4 draft=15363 qT=0.11616 pT=1.00000 accept_p=1.0000 u=0.7931 ACCEPT
ds4: b2: pos 5 draft=28 qT=0.83583 pT=1.00000 accept_p=1.0000 u=0.1945 ACCEPT
ds4: b2: pos 6 draft=582 qT=0.21196 pT=0.00000 accept_p=0.0000 u=0.2899 reject
ds4: b2: MERGED correction-anchor pending C=39285
ds4: dspark b2 cycle: n_accept=7 logical_commits=8 emitted_anchor=1 (drafts=6) | anchor=25.1 drafter=21.9 verify=85.8 accept=6.8 kv=1.5 total=141.1 ms
ds4: b2 ENTER first_token=39285 max=82 cap=17 temp=0.800 top_p=1.000 min_p=0.050
ds4: b2: main_hidden[0..5]=-0.8744 4.0556 -7.5115 -1.1446 3.6689 -2.5276
ds4: b2: pos 0 OVERRIDE target-sampled draft=71350 temp=0.800
ds4: b2: verify-policy=entropy pos=1 draft=16846 qT=1.000000 margin=1.000000 entropy=0.000000 rank=1 need=3.000000 keep=1
ds4: b2: verify-policy=entropy pos=2 draft=16 qT=0.121931 margin=0.058593 entropy=1.469853 rank=4 need=3.000000 keep=1
ds4: b2: verify-policy=entropy pos=3 draft=73815 qT=0.497014 margin=0.099440 entropy=1.024422 rank=1 need=3.000000 keep=1
ds4: b2: verify-policy=entropy pos=4 draft=343 qT=0.470335 margin=0.158579 entropy=1.371326 rank=1 need=3.000000 keep=1
ds4: b2: verify-policy=entropy pos=5 draft=25910 qT=0.656778 margin=0.354199 entropy=0.768000 rank=1 need=3.000000 keep=1
ds4: b2: verify-policy=entropy pos=6 draft=20828 qT=1.000000 margin=1.000000 entropy=0.000000 rank=1 need=3.000000 keep=1
ds4: b2: verify-policy summary policy=entropy chosen=7 base=7 prob_min=0.030000 margin_min=0.020000 entropy_max=3.000000 rank_max=2
ds4: b2: pos 1 draft=16846 qT=1.00000 pT=0.51727 accept_p=0.5173 u=0.9777 reject
ds4: b2: MERGED correction-anchor pending C=305
ds4: dspark b2 cycle: n_accept=2 logical_commits=3 emitted_anchor=1 (drafts=1) | anchor=25.1 drafter=22.5 verify=85.2 accept=1.1 kv=0.3 total=134.2 ms
ds4: b2 ENTER first_token=305 max=80 cap=17 temp=0.800 top_p=1.000 min_p=0.050
ds4: b2: main_hidden[0..5]=-0.4063 0.9913 -4.5956 -2.3329 1.8855 -1.0435
ds4: b2: pos 0 OVERRIDE target-sampled draft=2408 temp=0.800
ds4: b2: verify-policy=entropy pos=1 draft=1715 qT=1.000000 margin=1.000000 entropy=0.000000 rank=1 need=3.000000 keep=1
ds4: b2: verify-policy=entropy pos=2 draft=1065 qT=1.000000 margin=1.000000 entropy=0.000000 rank=1 need=3.000000 keep=1
ds4: b2: verify-policy=entropy pos=3 draft=20828 qT=1.000000 margin=1.000000 entropy=0.000000 rank=1 need=3.000000 keep=1
ds4: b2: verify-policy=entropy pos=4 draft=16846 qT=1.000000 margin=1.000000 entropy=0.000000 rank=1 need=3.000000 keep=1
ds4: b2: verify-policy=entropy pos=5 draft=16 qT=1.000000 margin=1.000000 entropy=0.000000 rank=1 need=3.000000 keep=1
ds4: b2: verify-policy=entropy pos=6 draft=10403 qT=1.000000 margin=1.000000 entropy=0.000000 rank=1 need=3.000000 keep=1
ds4: b2: verify-policy summary policy=entropy chosen=7 base=7 prob_min=0.030000 margin_min=0.020000 entropy_max=3.000000 rank_max=2
ds4: b2: pos 1 draft=1715 qT=1.00000 pT=1.00000 accept_p=1.0000 u=0.0607 ACCEPT
ds4: b2: pos 2 draft=1065 qT=1.00000 pT=1.00000 accept_p=1.0000 u=0.8721 ACCEPT
ds4: b2: pos 3 draft=20828 qT=1.00000 pT=1.00000 accept_p=1.0000 u=0.6900 ACCEPT
ds4: b2: pos 4 draft=16846 qT=1.00000 pT=0.87634 accept_p=0.8763 u=0.0358 ACCEPT
ds4: b2: pos 5 draft=16 qT=1.00000 pT=1.00000 accept_p=1.0000 u=0.3078 ACCEPT
ds4: b2: pos 6 draft=10403 qT=1.00000 pT=0.83252 accept_p=0.8325 u=0.2415 ACCEPT
ds4: dspark b2 cycle: n_accept=7 logical_commits=8 emitted_anchor=1 (drafts=7) | anchor=26.7 drafter=22.1 verify=84.7 accept=6.7 kv=0.0 total=140.3 ms
ds4: b2 ENTER first_token=1715 max=73 cap=17 temp=0.800 top_p=1.000 min_p=0.050
ds4: b2: main_hidden[0..5]=-0.1184 1.4744 -2.6758 5.3716 -0.5794 2.3026
ds4: b2: pos 0 OVERRIDE target-sampled draft=1065 temp=0.800
ds4: b2: verify-policy=entropy pos=1 draft=20828 qT=1.000000 margin=1.000000 entropy=0.000000 rank=1 need=3.000000 keep=1
ds4: b2: verify-policy=entropy pos=2 draft=16846 qT=1.000000 margin=1.000000 entropy=0.000000 rank=1 need=3.000000 keep=1
ds4: b2: verify-policy=entropy pos=3 draft=344 qT=0.411282 margin=0.106213 entropy=1.297502 rank=1 need=3.000000 keep=1
ds4: b2: verify-policy=entropy pos=4 draft=20739 qT=0.609318 margin=0.381143 entropy=1.046720 rank=1 need=3.000000 keep=1
ds4: b2: verify-policy=entropy pos=5 draft=75461 qT=0.134773 margin=0.081012 entropy=2.007352 rank=3 need=3.000000 keep=1
ds4: b2: verify-policy=entropy pos=6 draft=2503 qT=0.090476 margin=0.608182 entropy=0.711956 rank=3 need=3.000000 keep=1
ds4: b2: verify-policy summary policy=entropy chosen=7 base=7 prob_min=0.030000 margin_min=0.020000 entropy_max=3.000000 rank_max=2
ds4: b2: pos 1 draft=20828 qT=1.00000 pT=1.00000 accept_p=1.0000 u=0.4290 ACCEPT
ds4: b2: pos 2 draft=16846 qT=1.00000 pT=0.00000 accept_p=0.0000 u=0.6530 reject
ds4: b2: MERGED correction-anchor pending C=3189
ds4: dspark b2 cycle: n_accept=4 logical_commits=4 emitted_anchor=0 (drafts=2) | anchor=27.5 drafter=22.2 verify=84.4 accept=2.5 kv=1.0 total=137.7 ms
ds4: b2 ENTER first_token=3189 max=69 cap=17 temp=0.800 top_p=1.000 min_p=0.050
ds4: b2: main_hidden[0..5]=-2.6582 7.5255 -5.9229 1.2156 0.1267 5.3478
ds4: b2: pos 0 OVERRIDE target-sampled draft=12846 temp=0.800
ds4: b2: verify-policy=entropy pos=1 draft=477 qT=0.924693 margin=0.849385 entropy=0.267156 rank=1 need=3.000000 keep=1
ds4: b2: verify-policy=entropy pos=2 draft=1353 qT=0.837674 margin=0.675349 entropy=0.443506 rank=1 need=3.000000 keep=1
ds4: b2: verify-policy=entropy pos=3 draft=22218 qT=0.109855 margin=0.274234 entropy=1.353886 rank=3 need=3.000000 keep=1
ds4: b2: verify-policy=entropy pos=4 draft=12846 qT=0.350721 margin=0.119630 entropy=1.153832 rank=2 need=3.000000 keep=1
ds4: b2: verify-policy=entropy pos=5 draft=16 qT=0.267251 margin=0.227508 entropy=1.350467 rank=2 need=3.000000 keep=1
ds4: b2: verify-policy=entropy pos=6 draft=5930 qT=0.609995 margin=0.219989 entropy=0.668750 rank=1 need=3.000000 keep=1
ds4: b2: verify-policy summary policy=entropy chosen=7 base=7 prob_min=0.030000 margin_min=0.020000 entropy_max=3.000000 rank_max=2
ds4: b2: pos 1 draft=477 qT=0.92469 pT=0.67012 accept_p=0.7247 u=0.8606 reject
ds4: b2: MERGED correction-anchor pending C=22218
ds4: dspark b2 cycle: n_accept=2 logical_commits=3 emitted_anchor=1 (drafts=1) | anchor=25.1 drafter=22.2 verify=86.0 accept=1.2 kv=0.3 total=134.9 ms
ds4: b2 ENTER first_token=22218 max=67 cap=17 temp=0.800 top_p=1.000 min_p=0.050
ds4: b2: main_hidden[0..5]=2.0469 3.0463 -8.1813 0.5945 3.5350 -2.7454
ds4: b2: pos 0 OVERRIDE target-sampled draft=1353 temp=0.800
ds4: b2: verify-policy=entropy pos=1 draft=1561 qT=0.673758 margin=0.347516 entropy=0.631485 rank=1 need=3.000000 keep=1
ds4: b2: verify-policy=entropy pos=2 draft=710 qT=1.000000 margin=1.000000 entropy=0.000000 rank=1 need=3.000000 keep=1
ds4: b2: verify-policy=entropy pos=3 draft=3459 qT=0.823639 margin=0.746575 entropy=0.655195 rank=1 need=3.000000 keep=1
ds4: b2: verify-policy=entropy pos=4 draft=2496 qT=0.302219 margin=0.229924 entropy=1.218489 rank=2 need=3.000000 keep=1
ds4: b2: verify-policy=entropy pos=5 draft=14 qT=0.080832 margin=0.740800 entropy=0.659343 rank=2 need=3.000000 keep=1
ds4: b2: verify-policy=entropy pos=6 draft=790 qT=0.260446 margin=0.099744 entropy=1.764151 rank=2 need=3.000000 keep=1
ds4: b2: verify-policy summary policy=entropy chosen=7 base=7 prob_min=0.030000 margin_min=0.020000 entropy_max=3.000000 rank_max=2
ds4: b2: pos 1 draft=1561 qT=0.67376 pT=0.79659 accept_p=1.0000 u=0.9557 ACCEPT
ds4: b2: pos 2 draft=710 qT=1.00000 pT=0.05380 accept_p=0.0538 u=0.2896 reject
ds4: b2: MERGED correction-anchor pending C=786
ds4: dspark b2 cycle: n_accept=3 logical_commits=4 emitted_anchor=1 (drafts=2) | anchor=25.1 drafter=22.4 verify=87.7 accept=2.5 kv=1.3 total=139.0 ms
ds4: b2 ENTER first_token=786 max=64 cap=17 temp=0.800 top_p=1.000 min_p=0.050
ds4: b2: main_hidden[0..5]=2.3547 -0.1190 -3.4356 2.7889 -0.3125 -2.9581
ds4: b2: pos 0 OVERRIDE target-sampled draft=38937 temp=0.800
ds4: b2: verify-policy=entropy pos=1 draft=477 qT=1.000000 margin=1.000000 entropy=0.000000 rank=1 need=3.000000 keep=1
ds4: b2: verify-policy=entropy pos=2 draft=3459 qT=1.000000 margin=1.000000 entropy=0.000000 rank=1 need=3.000000 keep=1
ds4: b2: verify-policy=entropy pos=3 draft=16 qT=0.665431 margin=0.409548 entropy=0.874395 rank=1 need=3.000000 keep=1
ds4: b2: verify-policy=entropy pos=4 draft=10403 qT=0.903748 margin=0.807496 entropy=0.316769 rank=1 need=3.000000 keep=1
ds4: b2: verify-policy=entropy pos=5 draft=70217 qT=0.391438 margin=0.144889 entropy=0.940082 rank=2 need=3.000000 keep=1
ds4: b2: verify-policy=entropy pos=6 draft=261 qT=1.000000 margin=1.000000 entropy=0.000000 rank=1 need=3.000000 keep=1
ds4: b2: verify-policy summary policy=entropy chosen=7 base=7 prob_min=0.030000 margin_min=0.020000 entropy_max=3.000000 rank_max=2
ds4: b2: pos 1 draft=477 qT=1.00000 pT=0.89921 accept_p=0.8992 u=0.4705 ACCEPT
ds4: b2: pos 2 draft=3459 qT=1.00000 pT=0.00000 accept_p=0.0000 u=0.0455 reject
ds4: b2: MERGED correction-anchor pending C=27081
ds4: dspark b2 cycle: n_accept=3 logical_commits=4 emitted_anchor=1 (drafts=2) | anchor=26.8 drafter=22.2 verify=85.7 accept=2.5 kv=1.4 total=138.6 ms
ds4: b2 ENTER first_token=27081 max=61 cap=17 temp=0.800 top_p=1.000 min_p=0.050
ds4: b2: main_hidden[0..5]=3.4561 1.9782 -8.2159 2.2092 3.8744 -2.5268
ds4: b2: pos 0 OVERRIDE target-sampled draft=305 temp=0.800
ds4: b2: verify-policy=entropy pos=1 draft=5930 qT=0.348373 margin=0.217852 entropy=0.955442 rank=2 need=3.000000 keep=1
ds4: b2: verify-policy=entropy pos=2 draft=20828 qT=1.000000 margin=1.000000 entropy=0.000000 rank=1 need=3.000000 keep=1
ds4: b2: verify-policy=entropy pos=3 draft=16846 qT=1.000000 margin=1.000000 entropy=0.000000 rank=1 need=3.000000 keep=1
ds4: b2: verify-policy=entropy pos=4 draft=32388 qT=0.050334 margin=0.029854 entropy=1.620761 rank=5 need=3.000000 keep=1
ds4: b2: verify-policy=entropy pos=5 draft=343 qT=0.050120 margin=0.290174 entropy=1.311661 rank=4 need=3.000000 keep=1
ds4: b2: verify-policy=entropy pos=6 draft=71 qT=0.583238 margin=0.266361 entropy=0.977971 rank=1 need=3.000000 keep=1
ds4: b2: verify-policy summary policy=entropy chosen=7 base=7 prob_min=0.030000 margin_min=0.020000 entropy_max=3.000000 rank_max=2
ds4: b2: pos 1 draft=5930 qT=0.34837 pT=0.00000 accept_p=0.0000 u=0.6254 reject
ds4: b2: MERGED correction-anchor pending C=270
ds4: dspark b2 cycle: n_accept=2 logical_commits=3 emitted_anchor=1 (drafts=1) | anchor=25.1 drafter=21.9 verify=87.3 accept=1.2 kv=0.4 total=135.9 ms
ds4: b2 ENTER first_token=270 max=59 cap=17 temp=0.800 top_p=1.000 min_p=0.050
ds4: b2: main_hidden[0..5]=0.1743 0.4969 -1.7626 3.4827 -1.6470 2.1336
ds4: b2: pos 0 OVERRIDE target-sampled draft=3618 temp=0.800
ds4: b2: verify-policy=entropy pos=1 draft=344 qT=1.000000 margin=1.000000 entropy=0.000000 rank=1 need=3.000000 keep=1
ds4: b2: verify-policy=entropy pos=2 draft=4813 qT=0.431835 margin=0.151857 entropy=1.343932 rank=1 need=3.000000 keep=1
ds4: b2: verify-policy=entropy pos=3 draft=16 qT=1.000000 margin=1.000000 entropy=0.000000 rank=1 need=3.000000 keep=1
ds4: b2: verify-policy=entropy pos=4 draft=5930 qT=1.000000 margin=1.000000 entropy=0.000000 rank=1 need=3.000000 keep=1
ds4: b2: verify-policy=entropy pos=5 draft=20828 qT=1.000000 margin=1.000000 entropy=0.000000 rank=1 need=3.000000 keep=1
ds4: b2: verify-policy=entropy pos=6 draft=16846 qT=1.000000 margin=1.000000 entropy=0.000000 rank=1 need=3.000000 keep=1
ds4: b2: verify-policy summary policy=entropy chosen=7 base=7 prob_min=0.030000 margin_min=0.020000 entropy_max=3.000000 rank_max=2
ds4: b2: pos 1 draft=344 qT=1.00000 pT=1.00000 accept_p=1.0000 u=0.4407 ACCEPT
ds4: b2: pos 2 draft=4813 qT=0.43184 pT=0.00000 accept_p=0.0000 u=0.5650 reject
ds4: b2: MERGED correction-anchor pending C=3480
ds4: dspark b2 cycle: n_accept=3 logical_commits=4 emitted_anchor=1 (drafts=2) | anchor=25.8 drafter=22.2 verify=87.1 accept=2.5 kv=1.5 total=139.0 ms
ds4: b2 ENTER first_token=3480 max=56 cap=17 temp=0.800 top_p=1.000 min_p=0.050
ds4: b2: main_hidden[0..5]=-0.2415 2.4731 -10.1308 2.7311 5.3792 -0.4551
ds4: b2: pos 0 OVERRIDE target-sampled draft=16 temp=0.800
ds4: b2: verify-policy=entropy pos=1 draft=5930 qT=1.000000 margin=1.000000 entropy=0.000000 rank=1 need=3.000000 keep=1
ds4: b2: verify-policy=entropy pos=2 draft=20828 qT=1.000000 margin=1.000000 entropy=0.000000 rank=1 need=3.000000 keep=1
ds4: b2: verify-policy=entropy pos=3 draft=16846 qT=0.933204 margin=0.866408 entropy=0.245271 rank=1 need=3.000000 keep=1
ds4: b2: verify-policy=entropy pos=4 draft=16 qT=1.000000 margin=1.000000 entropy=0.000000 rank=1 need=3.000000 keep=1
ds4: b2: verify-policy=entropy pos=5 draft=5930 qT=1.000000 margin=1.000000 entropy=0.000000 rank=1 need=3.000000 keep=1
ds4: b2: verify-policy=entropy pos=6 draft=20828 qT=1.000000 margin=1.000000 entropy=0.000000 rank=1 need=3.000000 keep=1
ds4: b2: verify-policy summary policy=entropy chosen=7 base=7 prob_min=0.030000 margin_min=0.020000 entropy_max=3.000000 rank_max=2
ds4: b2: pos 1 draft=5930 qT=1.00000 pT=1.00000 accept_p=1.0000 u=0.3546 ACCEPT
ds4: b2: pos 2 draft=20828 qT=1.00000 pT=1.00000 accept_p=1.0000 u=0.1325 ACCEPT
ds4: b2: pos 3 draft=16846 qT=0.93320 pT=0.25324 accept_p=0.2714 u=0.4789 reject
ds4: b2: MERGED correction-anchor pending C=3189
ds4: dspark b2 cycle: n_accept=4 logical_commits=5 emitted_anchor=1 (drafts=3) | anchor=27.5 drafter=22.2 verify=85.0 accept=3.7 kv=0.8 total=139.3 ms
ds4: b2 ENTER first_token=3189 max=52 cap=17 temp=0.800 top_p=1.000 min_p=0.050
ds4: b2: main_hidden[0..5]=3.0378 1.7280 -0.7807 5.6248 -5.3558 4.1828
ds4: b2: pos 0 OVERRIDE target-sampled draft=270 temp=0.800
ds4: b2: verify-policy=entropy pos=1 draft=25454 qT=1.000000 margin=1.000000 entropy=0.000000 rank=1 need=3.000000 keep=1
ds4: b2: verify-policy=entropy pos=2 draft=12846 qT=0.277201 margin=0.054767 entropy=1.875741 rank=1 need=3.000000 keep=1
ds4: b2: verify-policy=entropy pos=3 draft=304 qT=0.217419 margin=0.051487 entropy=1.883019 rank=2 need=3.000000 keep=1
ds4: b2: verify-policy=entropy pos=4 draft=6235 qT=0.410369 margin=0.137114 entropy=0.828799 rank=2 need=3.000000 keep=1
ds4: b2: verify-policy=entropy pos=5 draft=3188 qT=0.529026 margin=0.271134 entropy=1.201713 rank=1 need=3.000000 keep=1
ds4: b2: verify-policy=entropy pos=6 draft=20739 qT=0.077979 margin=0.541884 entropy=1.020091 rank=3 need=3.000000 keep=1
ds4: b2: verify-policy summary policy=entropy chosen=7 base=7 prob_min=0.030000 margin_min=0.020000 entropy_max=3.000000 rank_max=2
ds4: b2: pos 1 draft=25454 qT=1.00000 pT=1.00000 accept_p=1.0000 u=0.6496 ACCEPT
ds4: b2: pos 2 draft=12846 qT=0.27720 pT=0.00000 accept_p=0.0000 u=0.7963 reject
ds4: b2: MERGED correction-anchor pending C=111855
ds4: dspark b2 cycle: n_accept=3 logical_commits=4 emitted_anchor=1 (drafts=2) | anchor=27.7 drafter=21.8 verify=85.1 accept=2.4 kv=1.4 total=138.4 ms
ds4: b2 ENTER first_token=111855 max=49 cap=17 temp=0.800 top_p=1.000 min_p=0.050
ds4: b2: main_hidden[0..5]=0.9746 -0.9820 -2.7180 2.9899 0.9488 -4.8337
ds4: b2: pos 0 OVERRIDE target-sampled draft=778 temp=0.800
ds4: b2: verify-policy=entropy pos=1 draft=74638 qT=0.863332 margin=0.785544 entropy=0.492287 rank=1 need=3.000000 keep=1
ds4: b2: verify-policy=entropy pos=2 draft=1066 qT=0.796700 margin=0.639501 entropy=0.613778 rank=1 need=3.000000 keep=1
ds4: b2: verify-policy=entropy pos=3 draft=343 qT=0.277114 margin=0.445773 entropy=0.590207 rank=2 need=3.000000 keep=1
ds4: b2: verify-policy=entropy pos=4 draft=71 qT=0.761640 margin=0.523281 entropy=0.549182 rank=1 need=3.000000 keep=1
ds4: b2: verify-policy=entropy pos=5 draft=3588 qT=1.000000 margin=1.000000 entropy=0.000000 rank=1 need=3.000000 keep=1
ds4: b2: verify-policy=entropy pos=6 draft=1042 qT=1.000000 margin=1.000000 entropy=0.000000 rank=1 need=3.000000 keep=1
ds4: b2: verify-policy summary policy=entropy chosen=7 base=7 prob_min=0.030000 margin_min=0.020000 entropy_max=3.000000 rank_max=2
ds4: b2: pos 1 draft=74638 qT=0.86333 pT=0.00000 accept_p=0.0000 u=0.7515 reject
ds4: b2: MERGED correction-anchor pending C=14531
ds4: dspark b2 cycle: n_accept=2 logical_commits=3 emitted_anchor=1 (drafts=1) | anchor=25.9 drafter=21.9 verify=86.8 accept=1.3 kv=0.3 total=136.2 ms
ds4: b2 ENTER first_token=14531 max=47 cap=17 temp=0.800 top_p=1.000 min_p=0.050
ds4: b2: main_hidden[0..5]=2.0423 3.9256 -3.9598 1.0871 -1.4301 -3.3290
ds4: b2: pos 0 OVERRIDE target-sampled draft=759 temp=0.800
ds4: b2: verify-policy=entropy pos=1 draft=366 qT=0.696006 margin=0.392013 entropy=0.614210 rank=1 need=3.000000 keep=1
ds4: b2: verify-policy=entropy pos=2 draft=4737 qT=1.000000 margin=1.000000 entropy=0.000000 rank=1 need=3.000000 keep=1
ds4: b2: verify-policy=entropy pos=3 draft=305 qT=1.000000 margin=1.000000 entropy=0.000000 rank=1 need=3.000000 keep=1
ds4: b2: verify-policy=entropy pos=4 draft=22218 qT=0.357001 margin=0.243153 entropy=0.809104 rank=2 need=3.000000 keep=1
ds4: b2: verify-policy=entropy pos=5 draft=14 qT=0.023647 margin=0.082301 entropy=1.218745 rank=6 need=3.000000 keep=1
ds4: b2: verify-policy=entropy pos=6 draft=305 qT=0.688161 margin=0.376323 entropy=0.620564 rank=1 need=3.000000 keep=1
ds4: b2: verify-policy summary policy=entropy chosen=7 base=7 prob_min=0.030000 margin_min=0.020000 entropy_max=3.000000 rank_max=2
ds4: b2: pos 1 draft=366 qT=0.69601 pT=1.00000 accept_p=1.0000 u=0.7936 ACCEPT
ds4: b2: pos 2 draft=4737 qT=1.00000 pT=1.00000 accept_p=1.0000 u=0.6560 ACCEPT
ds4: b2: pos 3 draft=305 qT=1.00000 pT=1.00000 accept_p=1.0000 u=0.0530 ACCEPT
ds4: b2: pos 4 draft=22218 qT=0.35700 pT=0.00000 accept_p=0.0000 u=0.4953 reject
ds4: b2: MERGED correction-anchor pending C=74638
ds4: dspark b2 cycle: n_accept=5 logical_commits=6 emitted_anchor=1 (drafts=4) | anchor=25.9 drafter=21.7 verify=86.6 accept=4.8 kv=1.4 total=140.5 ms
ds4: b2 ENTER first_token=74638 max=42 cap=17 temp=0.800 top_p=1.000 min_p=0.050
ds4: b2: main_hidden[0..5]=6.6552 6.1086 -1.3557 3.5307 -4.7507 0.2020
ds4: b2: pos 0 OVERRIDE target-sampled draft=12846 temp=0.800
ds4: b2: verify-policy=entropy pos=1 draft=10300 qT=0.474025 margin=0.051950 entropy=0.691797 rank=2 need=3.000000 keep=1
ds4: b2: verify-policy=entropy pos=2 draft=294 qT=0.665066 margin=0.330133 entropy=0.637618 rank=1 need=3.000000 keep=1
ds4: b2: verify-policy=entropy pos=3 draft=270 qT=0.707628 margin=0.415257 entropy=0.604261 rank=1 need=3.000000 keep=1
ds4: b2: verify-policy=entropy pos=4 draft=1529 qT=0.061882 margin=0.413589 entropy=1.180771 rank=4 need=3.000000 keep=1
ds4: b2: verify-policy=entropy pos=5 draft=16 qT=0.420870 margin=0.158261 entropy=0.680571 rank=2 need=3.000000 keep=1
ds4: b2: verify-policy=entropy pos=6 draft=36363 qT=0.907985 margin=0.815970 entropy=0.307175 rank=1 need=3.000000 keep=1
ds4: b2: verify-policy summary policy=entropy chosen=7 base=7 prob_min=0.030000 margin_min=0.020000 entropy_max=3.000000 rank_max=2
ds4: b2: pos 1 draft=10300 qT=0.47403 pT=1.00000 accept_p=1.0000 u=0.7385 ACCEPT
ds4: b2: pos 2 draft=294 qT=0.66507 pT=0.91423 accept_p=1.0000 u=0.0350 ACCEPT
ds4: b2: pos 3 draft=270 qT=0.70763 pT=0.00000 accept_p=0.0000 u=0.3757 reject
ds4: b2: MERGED correction-anchor pending C=1014
ds4: dspark b2 cycle: n_accept=4 logical_commits=5 emitted_anchor=1 (drafts=3) | anchor=26.0 drafter=21.8 verify=86.5 accept=3.6 kv=0.8 total=138.6 ms
ds4: b2 ENTER first_token=1014 max=38 cap=17 temp=0.800 top_p=1.000 min_p=0.050
ds4: b2: main_hidden[0..5]=7.1454 -1.8583 -1.4438 6.3023 -1.4979 2.1353
ds4: b2: pos 0 OVERRIDE target-sampled draft=14 temp=0.800
ds4: b2: verify-policy=entropy pos=1 draft=832 qT=0.093538 margin=0.458035 entropy=1.303573 rank=3 need=3.000000 keep=1
ds4: b2: verify-policy=entropy pos=2 draft=270 qT=0.618616 margin=0.468418 entropy=1.156985 rank=1 need=3.000000 keep=1
ds4: b2: verify-policy=entropy pos=3 draft=1485 qT=0.191451 margin=0.156311 entropy=1.531386 rank=2 need=3.000000 keep=1
ds4: b2: verify-policy=entropy pos=4 draft=363 qT=1.000000 margin=1.000000 entropy=0.000000 rank=1 need=3.000000 keep=1
ds4: b2: verify-policy=entropy pos=5 draft=5757 qT=1.000000 margin=1.000000 entropy=0.000000 rank=1 need=3.000000 keep=1
ds4: b2: verify-policy=entropy pos=6 draft=339 qT=0.783602 margin=0.704906 entropy=0.813743 rank=1 need=3.000000 keep=1
ds4: b2: verify-policy summary policy=entropy chosen=7 base=7 prob_min=0.030000 margin_min=0.020000 entropy_max=3.000000 rank_max=2
ds4: b2: pos 1 draft=832 qT=0.09354 pT=0.00000 accept_p=0.0000 u=0.5415 reject
ds4: b2: MERGED correction-anchor pending C=304
ds4: dspark b2 cycle: n_accept=2 logical_commits=3 emitted_anchor=1 (drafts=1) | anchor=26.0 drafter=22.0 verify=85.8 accept=1.2 kv=0.4 total=135.3 ms
ds4: b2 ENTER first_token=304 max=36 cap=17 temp=0.800 top_p=1.000 min_p=0.050
ds4: b2: main_hidden[0..5]=0.1300 2.8390 0.7819 0.6563 -1.5928 1.6594
ds4: b2: pos 0 OVERRIDE target-sampled draft=3144 temp=0.800
ds4: b2: verify-policy=entropy pos=1 draft=1387 qT=0.394999 margin=0.118851 entropy=1.511712 rank=1 need=3.000000 keep=1
ds4: b2: verify-policy=entropy pos=2 draft=16 qT=0.537506 margin=0.143321 entropy=0.931070 rank=1 need=3.000000 keep=1
ds4: b2: verify-policy=entropy pos=3 draft=5930 qT=0.829712 margin=0.724903 entropy=0.569795 rank=1 need=3.000000 keep=1
ds4: b2: verify-policy=entropy pos=4 draft=20828 qT=1.000000 margin=1.000000 entropy=0.000000 rank=1 need=3.000000 keep=1
ds4: b2: verify-policy=entropy pos=5 draft=16846 qT=1.000000 margin=1.000000 entropy=0.000000 rank=1 need=3.000000 keep=1
ds4: b2: verify-policy=entropy pos=6 draft=11027 qT=0.026658 margin=0.253058 entropy=1.724563 rank=8 need=3.000000 keep=1
ds4: b2: verify-policy summary policy=entropy chosen=7 base=7 prob_min=0.030000 margin_min=0.020000 entropy_max=3.000000 rank_max=2
ds4: b2: pos 1 draft=1387 qT=0.39500 pT=0.00000 accept_p=0.0000 u=0.3718 reject
ds4: b2: MERGED correction-anchor pending C=270
ds4: dspark b2 cycle: n_accept=2 logical_commits=3 emitted_anchor=1 (drafts=1) | anchor=27.5 drafter=22.0 verify=85.3 accept=1.3 kv=0.4 total=136.5 ms
ds4: b2 ENTER first_token=270 max=34 cap=17 temp=0.800 top_p=1.000 min_p=0.050
ds4: b2: main_hidden[0..5]=0.8722 1.7720 2.4608 2.8459 -2.1842 3.3306
ds4: b2: pos 0 OVERRIDE target-sampled draft=28499 temp=0.800
ds4: b2: verify-policy=entropy pos=1 draft=16527 qT=1.000000 margin=1.000000 entropy=0.000000 rank=1 need=3.000000 keep=1
ds4: b2: verify-policy=entropy pos=2 draft=16 qT=0.776162 margin=0.552324 entropy=0.531723 rank=1 need=3.000000 keep=1
ds4: b2: verify-policy=entropy pos=3 draft=5930 qT=0.598468 margin=0.294970 entropy=0.960761 rank=1 need=3.000000 keep=1
ds4: b2: verify-policy=entropy pos=4 draft=20828 qT=1.000000 margin=1.000000 entropy=0.000000 rank=1 need=3.000000 keep=1
ds4: b2: verify-policy=entropy pos=5 draft=16846 qT=1.000000 margin=1.000000 entropy=0.000000 rank=1 need=3.000000 keep=1
ds4: b2: verify-policy=entropy pos=6 draft=344 qT=0.807424 margin=0.706874 entropy=0.686983 rank=1 need=3.000000 keep=1
ds4: b2: verify-policy summary policy=entropy chosen=7 base=7 prob_min=0.030000 margin_min=0.020000 entropy_max=3.000000 rank_max=2
ds4: b2: pos 1 draft=16527 qT=1.00000 pT=1.00000 accept_p=1.0000 u=0.9469 ACCEPT
ds4: b2: pos 2 draft=16 qT=0.77616 pT=0.66779 accept_p=0.8604 u=0.2104 ACCEPT
ds4: b2: pos 3 draft=5930 qT=0.59847 pT=0.04807 accept_p=0.0803 u=0.5581 reject
ds4: b2: MERGED correction-anchor pending C=2275
ds4: dspark b2 cycle: n_accept=4 logical_commits=5 emitted_anchor=1 (drafts=3) | anchor=26.0 drafter=22.2 verify=86.3 accept=3.7 kv=1.5 total=139.7 ms
ds4: b2 ENTER first_token=2275 max=30 cap=17 temp=0.800 top_p=1.000 min_p=0.050
ds4: b2: main_hidden[0..5]=0.5977 -1.2979 -7.2382 2.5042 2.7894 1.2408
ds4: b2: pos 0 OVERRIDE target-sampled draft=855 temp=0.800
ds4: b2: verify-policy=entropy pos=1 draft=436 qT=0.449488 margin=0.101025 entropy=0.688035 rank=2 need=3.000000 keep=1
ds4: b2: verify-policy=entropy pos=2 draft=1142 qT=0.372662 margin=0.109996 entropy=1.152951 rank=2 need=3.000000 keep=1
ds4: b2: verify-policy=entropy pos=3 draft=366 qT=1.000000 margin=1.000000 entropy=0.000000 rank=1 need=3.000000 keep=1
ds4: b2: verify-policy=entropy pos=4 draft=7139 qT=1.000000 margin=1.000000 entropy=0.000000 rank=1 need=3.000000 keep=1
ds4: b2: verify-policy=entropy pos=5 draft=14 qT=0.644947 margin=0.289895 entropy=0.650518 rank=1 need=3.000000 keep=1
ds4: b2: verify-policy=entropy pos=6 draft=832 qT=0.526134 margin=0.363602 entropy=1.483883 rank=1 need=3.000000 keep=1
ds4: b2: verify-policy summary policy=entropy chosen=7 base=7 prob_min=0.030000 margin_min=0.020000 entropy_max=3.000000 rank_max=2
ds4: b2: pos 1 draft=436 qT=0.44949 pT=0.00000 accept_p=0.0000 u=0.7687 reject
ds4: b2: MERGED correction-anchor pending C=11446
ds4: dspark b2 cycle: n_accept=2 logical_commits=3 emitted_anchor=1 (drafts=1) | anchor=25.9 drafter=21.7 verify=86.5 accept=1.3 kv=0.3 total=135.6 ms
ds4: b2 ENTER first_token=11446 max=28 cap=17 temp=0.800 top_p=1.000 min_p=0.050
ds4: b2: main_hidden[0..5]=3.4612 1.6935 0.4254 2.2509 3.5724 -3.0344
ds4: b2: pos 0 OVERRIDE target-sampled draft=344 temp=0.800
ds4: b2: verify-policy=entropy pos=1 draft=7139 qT=1.000000 margin=1.000000 entropy=0.000000 rank=1 need=3.000000 keep=1
ds4: b2: verify-policy=entropy pos=2 draft=14 qT=1.000000 margin=1.000000 entropy=0.000000 rank=1 need=3.000000 keep=1
ds4: b2: verify-policy=entropy pos=3 draft=436 qT=0.838450 margin=0.676899 entropy=0.442232 rank=1 need=3.000000 keep=1
ds4: b2: verify-policy=entropy pos=4 draft=1142 qT=0.728963 margin=0.525067 entropy=0.736020 rank=1 need=3.000000 keep=1
ds4: b2: verify-policy=entropy pos=5 draft=366 qT=0.639903 margin=0.460040 entropy=1.008245 rank=1 need=3.000000 keep=1
ds4: b2: verify-policy=entropy pos=6 draft=7139 qT=0.947385 margin=0.894769 entropy=0.206145 rank=1 need=3.000000 keep=1
ds4: b2: verify-policy summary policy=entropy chosen=7 base=7 prob_min=0.030000 margin_min=0.020000 entropy_max=3.000000 rank_max=2
ds4: b2: pos 1 draft=7139 qT=1.00000 pT=1.00000 accept_p=1.0000 u=0.2400 ACCEPT
ds4: b2: pos 2 draft=14 qT=1.00000 pT=1.00000 accept_p=1.0000 u=0.2566 ACCEPT
ds4: b2: pos 3 draft=436 qT=0.83845 pT=0.05674 accept_p=0.0677 u=0.5932 reject
ds4: b2: MERGED correction-anchor pending C=1309
ds4: dspark b2 cycle: n_accept=4 logical_commits=5 emitted_anchor=1 (drafts=3) | anchor=27.5 drafter=21.8 verify=85.4 accept=3.7 kv=1.6 total=140.1 ms
ds4: b2 ENTER first_token=1309 max=24 cap=17 temp=0.800 top_p=1.000 min_p=0.050
ds4: b2: main_hidden[0..5]=-3.8738 0.0022 -2.7891 -1.6192 -1.7421 2.2830
ds4: b2: pos 0 OVERRIDE target-sampled draft=304 temp=0.800
ds4: b2: verify-policy=entropy pos=1 draft=50015 qT=0.779575 margin=0.651989 entropy=0.677482 rank=1 need=3.000000 keep=1
ds4: b2: verify-policy=entropy pos=2 draft=339 qT=1.000000 margin=1.000000 entropy=0.000000 rank=1 need=3.000000 keep=1
ds4: b2: verify-policy=entropy pos=3 draft=13613 qT=1.000000 margin=1.000000 entropy=0.000000 rank=1 need=3.000000 keep=1
ds4: b2: verify-policy=entropy pos=4 draft=20828 qT=1.000000 margin=1.000000 entropy=0.000000 rank=1 need=3.000000 keep=1
ds4: b2: verify-policy=entropy pos=5 draft=1788 qT=0.292661 margin=0.193338 entropy=1.257350 rank=2 need=3.000000 keep=1
ds4: b2: verify-policy=entropy pos=6 draft=339 qT=0.198487 margin=0.603026 entropy=0.498298 rank=2 need=3.000000 keep=1
ds4: b2: verify-policy summary policy=entropy chosen=7 base=7 prob_min=0.030000 margin_min=0.020000 entropy_max=3.000000 rank_max=2
ds4: b2: pos 1 draft=50015 qT=0.77957 pT=0.00000 accept_p=0.0000 u=0.2431 reject
ds4: b2: MERGED correction-anchor pending C=75746
ds4: dspark b2 cycle: n_accept=2 logical_commits=3 emitted_anchor=1 (drafts=1) | anchor=27.5 drafter=21.9 verify=85.3 accept=1.3 kv=1.2 total=137.2 ms
ds4: b2 ENTER first_token=75746 max=22 cap=17 temp=0.800 top_p=1.000 min_p=0.050
ds4: b2: main_hidden[0..5]=-2.8111 5.2565 -1.9934 8.5509 0.3562 -0.7486
ds4: b2: pos 0 OVERRIDE target-sampled draft=3083 temp=0.800
ds4: b2: verify-policy=entropy pos=1 draft=339 qT=0.918569 margin=0.837139 entropy=0.282249 rank=1 need=3.000000 keep=1
ds4: b2: verify-policy=entropy pos=2 draft=13613 qT=1.000000 margin=1.000000 entropy=0.000000 rank=1 need=3.000000 keep=1
ds4: b2: verify-policy=entropy pos=3 draft=20828 qT=1.000000 margin=1.000000 entropy=0.000000 rank=1 need=3.000000 keep=1
ds4: b2: verify-policy=entropy pos=4 draft=16846 qT=0.884335 margin=0.815159 entropy=0.436131 rank=1 need=3.000000 keep=1
ds4: b2: verify-policy=entropy pos=5 draft=339 qT=0.440160 margin=0.119680 entropy=0.685968 rank=2 need=3.000000 keep=1
ds4: b2: verify-policy=entropy pos=6 draft=8197 qT=0.346184 margin=0.174457 entropy=1.946806 rank=1 need=3.000000 keep=1
ds4: b2: verify-policy summary policy=entropy chosen=7 base=7 prob_min=0.030000 margin_min=0.020000 entropy_max=3.000000 rank_max=2
ds4: b2: pos 1 draft=339 qT=0.91857 pT=0.56513 accept_p=0.6152 u=0.3511 ACCEPT
ds4: b2: pos 2 draft=13613 qT=1.00000 pT=0.00000 accept_p=0.0000 u=0.4193 reject
ds4: b2: MERGED correction-anchor pending C=18653
ds4: dspark b2 cycle: n_accept=3 logical_commits=4 emitted_anchor=1 (drafts=2) | anchor=25.9 drafter=21.9 verify=86.3 accept=2.5 kv=1.1 total=137.7 ms
ds4: b2 ENTER first_token=18653 max=19 cap=17 temp=0.800 top_p=1.000 min_p=0.050
ds4: b2: main_hidden[0..5]=-0.8427 4.6442 -2.8172 2.6373 0.4116 -0.1574
ds4: b2: pos 0 OVERRIDE target-sampled draft=15363 temp=0.800
ds4: b2: verify-policy=entropy pos=1 draft=28 qT=1.000000 margin=1.000000 entropy=0.000000 rank=1 need=3.000000 keep=1
ds4: b2: verify-policy=entropy pos=2 draft=36363 qT=0.894289 margin=0.788578 entropy=0.337453 rank=1 need=3.000000 keep=1
ds4: b2: verify-policy=entropy pos=3 draft=6521 qT=1.000000 margin=1.000000 entropy=0.000000 rank=1 need=3.000000 keep=1
ds4: b2: verify-policy=entropy pos=4 draft=92980 qT=0.839265 margin=0.723879 entropy=0.536519 rank=1 need=3.000000 keep=1
ds4: b2: verify-policy=entropy pos=5 draft=685 qT=1.000000 margin=1.000000 entropy=0.000000 rank=1 need=3.000000 keep=1
ds4: b2: verify-policy=entropy pos=6 draft=16 qT=0.363200 margin=0.094041 entropy=1.228384 rank=2 need=3.000000 keep=1
ds4: b2: verify-policy summary policy=entropy chosen=7 base=7 prob_min=0.030000 margin_min=0.020000 entropy_max=3.000000 rank_max=2
ds4: b2: pos 1 draft=28 qT=1.00000 pT=1.00000 accept_p=1.0000 u=0.2153 ACCEPT
ds4: b2: pos 2 draft=36363 qT=0.89429 pT=0.00000 accept_p=0.0000 u=0.0440 reject
ds4: b2: MERGED correction-anchor pending C=7492
ds4: dspark b2 cycle: n_accept=3 logical_commits=4 emitted_anchor=1 (drafts=2) | anchor=25.9 drafter=22.6 verify=86.1 accept=2.5 kv=1.4 total=138.5 ms
ds4: b2 ENTER first_token=7492 max=16 cap=17 temp=0.800 top_p=1.000 min_p=0.050
ds4: b2: main_hidden[0..5]=0.9057 3.3299 -9.0400 7.7002 3.5740 -4.3435
ds4: b2: pos 0 OVERRIDE target-sampled draft=14531 temp=0.800
ds4: b2: verify-policy=entropy pos=1 draft=6521 qT=1.000000 margin=1.000000 entropy=0.000000 rank=1 need=3.000000 keep=1
ds4: b2: verify-policy=entropy pos=2 draft=92980 qT=1.000000 margin=1.000000 entropy=0.000000 rank=1 need=3.000000 keep=1
ds4: b2: verify-policy=entropy pos=3 draft=685 qT=1.000000 margin=1.000000 entropy=0.000000 rank=1 need=3.000000 keep=1
ds4: b2: verify-policy=entropy pos=4 draft=477 qT=0.794683 margin=0.690877 entropy=0.649987 rank=1 need=3.000000 keep=1
ds4: b2: verify-policy=entropy pos=5 draft=14738 qT=0.904016 margin=0.808031 entropy=0.316169 rank=1 need=3.000000 keep=1
ds4: b2: verify-policy=entropy pos=6 draft=33 qT=0.380340 margin=0.143413 entropy=0.931241 rank=2 need=3.000000 keep=1
ds4: b2: verify-policy summary policy=entropy chosen=7 base=7 prob_min=0.030000 margin_min=0.020000 entropy_max=3.000000 rank_max=2
ds4: b2: pos 1 draft=6521 qT=1.00000 pT=1.00000 accept_p=1.0000 u=0.1186 ACCEPT
ds4: b2: pos 2 draft=92980 qT=1.00000 pT=1.00000 accept_p=1.0000 u=0.9575 ACCEPT
ds4: b2: pos 3 draft=685 qT=1.00000 pT=1.00000 accept_p=1.0000 u=0.3148 ACCEPT
ds4: b2: pos 4 draft=477 qT=0.79468 pT=1.00000 accept_p=1.0000 u=0.9633 ACCEPT
ds4: b2: pos 5 draft=14738 qT=0.90402 pT=1.00000 accept_p=1.0000 u=0.1088 ACCEPT
ds4: b2: pos 6 draft=33 qT=0.38034 pT=0.00000 accept_p=0.0000 u=0.7482 reject
ds4: b2: MERGED correction-anchor pending C=28
ds4: dspark b2 cycle: n_accept=7 logical_commits=8 emitted_anchor=1 (drafts=6) | anchor=27.5 drafter=22.1 verify=85.3 accept=7.4 kv=1.2 total=143.5 ms
ds4: b2 ENTER first_token=28 max=9 cap=17 temp=0.800 top_p=1.000 min_p=0.050
ds4: b2: main_hidden[0..5]=3.5824 2.1926 -4.9919 2.7320 1.2823 4.2908
ds4: b2: pos 0 OVERRIDE target-sampled draft=1754 temp=0.800
ds4: b2: verify-policy=entropy pos=1 draft=28499 qT=1.000000 margin=1.000000 entropy=0.000000 rank=1 need=3.000000 keep=1
ds4: b2: verify-policy=entropy pos=2 draft=2231 qT=0.238654 margin=0.121732 entropy=1.592251 rank=2 need=3.000000 keep=1
ds4: b2: verify-policy=entropy pos=3 draft=22218 qT=0.180652 margin=0.267544 entropy=1.473901 rank=3 need=3.000000 keep=1
ds4: b2: verify-policy=entropy pos=4 draft=28499 qT=0.740469 margin=0.554813 entropy=0.727581 rank=1 need=3.000000 keep=1
ds4: b2: verify-policy=entropy pos=5 draft=14 qT=1.000000 margin=1.000000 entropy=0.000000 rank=1 need=3.000000 keep=1
ds4: b2: verify-policy=entropy pos=6 draft=28499 qT=0.076621 margin=0.063809 entropy=1.951699 rank=6 need=3.000000 keep=1
ds4: b2: verify-policy summary policy=entropy chosen=7 base=7 prob_min=0.030000 margin_min=0.020000 entropy_max=3.000000 rank_max=2
ds4: b2: pos 1 draft=28499 qT=1.00000 pT=0.00000 accept_p=0.0000 u=0.0497 reject
ds4: b2: MERGED correction-anchor pending C=270
ds4: dspark b2 cycle: n_accept=2 logical_commits=3 emitted_anchor=1 (drafts=1) | anchor=26.2 drafter=22.7 verify=86.8 accept=1.2 kv=0.4 total=137.3 ms
ds4: b2 ENTER first_token=270 max=7 cap=17 temp=0.800 top_p=1.000 min_p=0.050
ds4: b2: main_hidden[0..5]=-3.3573 0.2198 -5.4054 4.1012 -3.2261 3.9248
ds4: b2: pos 0 OVERRIDE target-sampled draft=25454 temp=0.800
ds4: b2: verify-policy=entropy pos=1 draft=2231 qT=1.000000 margin=1.000000 entropy=0.000000 rank=1 need=3.000000 keep=1
ds4: b2: verify-policy=entropy pos=2 draft=50015 qT=1.000000 margin=1.000000 entropy=0.000000 rank=1 need=3.000000 keep=1
ds4: b2: verify-policy=entropy pos=3 draft=28499 qT=0.466516 margin=0.252901 entropy=1.537603 rank=1 need=3.000000 keep=1
ds4: b2: verify-policy=entropy pos=4 draft=343 qT=0.109762 margin=0.060104 entropy=1.790958 rank=3 need=3.000000 keep=1
ds4: b2: verify-policy=entropy pos=5 draft=25910 qT=0.748545 margin=0.674937 entropy=0.909524 rank=1 need=3.000000 keep=1
ds4: b2: verify-policy=entropy pos=6 draft=9089 qT=0.935380 margin=0.870759 entropy=0.239495 rank=1 need=3.000000 keep=1
ds4: b2: verify-policy summary policy=entropy chosen=7 base=7 prob_min=0.030000 margin_min=0.020000 entropy_max=3.000000 rank_max=2
ds4: b2: pos 1 draft=2231 qT=1.00000 pT=0.20797 accept_p=0.2080 u=0.6921 reject
ds4: b2: MERGED correction-anchor pending C=769
ds4: dspark b2 cycle: n_accept=2 logical_commits=3 emitted_anchor=1 (drafts=1) | anchor=26.0 drafter=22.5 verify=86.2 accept=1.3 kv=0.4 total=136.4 ms
ds4: b2 ENTER first_token=769 max=5 cap=17 temp=0.800 top_p=1.000 min_p=0.050
ds4: b2: main_hidden[0..5]=-0.8561 2.6442 0.5929 4.0897 -1.4461 3.7959
ds4: b2: pos 0 OVERRIDE target-sampled draft=304 temp=0.800
ds4: b2: verify-policy=entropy pos=1 draft=1116 qT=0.126271 margin=0.217108 entropy=1.593026 rank=3 need=3.000000 keep=1
ds4: b2: verify-policy=entropy pos=2 draft=305 qT=0.716009 margin=0.548610 entropy=0.788962 rank=1 need=3.000000 keep=1
ds4: b2: verify-policy=entropy pos=3 draft=1116 qT=1.000000 margin=1.000000 entropy=0.000000 rank=1 need=3.000000 keep=1
ds4: b2: verify-policy=entropy pos=4 draft=14 qT=0.846760 margin=0.693519 entropy=0.428289 rank=1 need=3.000000 keep=1
ds4: b2: verify-policy=entropy pos=5 draft=13922 qT=0.588826 margin=0.422645 entropy=1.113582 rank=1 need=3.000000 keep=1
ds4: b2: verify-policy=entropy pos=6 draft=48895 qT=0.888361 margin=0.829054 entropy=0.427092 rank=1 need=3.000000 keep=1
ds4: b2: verify-policy summary policy=entropy chosen=7 base=7 prob_min=0.030000 margin_min=0.020000 entropy_max=3.000000 rank_max=2
ds4: b2: pos 1 draft=1116 qT=0.12627 pT=0.00000 accept_p=0.0000 u=0.9004 reject
ds4: b2: MERGED correction-anchor pending C=50015
ds4: dspark b2 cycle: n_accept=2 logical_commits=3 emitted_anchor=1 (drafts=1) | anchor=26.0 drafter=22.2 verify=86.8 accept=1.2 kv=0.4 total=136.5 ms
ds4: b2 ENTER first_token=50015 max=3 cap=17 temp=0.800 top_p=1.000 min_p=0.050
ds4: b2: main_hidden[0..5]=-2.1358 -2.5720 -3.6983 2.4971 0.0708 2.7572
ds4: b2: pos 0 OVERRIDE target-sampled draft=270 temp=0.800
ds4: b2: verify-policy=entropy pos=1 draft=28499 qT=1.000000 margin=1.000000 entropy=0.000000 rank=1 need=3.000000 keep=1
ds4: b2: verify-policy=entropy pos=2 draft=14 qT=0.909161 margin=0.818322 entropy=0.304474 rank=1 need=3.000000 keep=1
ds4: b2: verify-policy=entropy pos=3 draft=305 qT=0.894893 margin=0.789785 entropy=0.336162 rank=1 need=3.000000 keep=1
ds4: b2: verify-policy=entropy pos=4 draft=322 qT=1.000000 margin=1.000000 entropy=0.000000 rank=1 need=3.000000 keep=1
ds4: b2: verify-policy=entropy pos=5 draft=101616 qT=1.000000 margin=1.000000 entropy=0.000000 rank=1 need=3.000000 keep=1
ds4: b2: verify-policy=entropy pos=6 draft=1782 qT=0.389818 margin=0.184361 entropy=0.805480 rank=2 need=3.000000 keep=1
ds4: b2: verify-policy summary policy=entropy chosen=7 base=7 prob_min=0.030000 margin_min=0.020000 entropy_max=3.000000 rank_max=2
ds4: b2: pos 1 draft=28499 qT=1.00000 pT=1.00000 accept_p=1.0000 u=0.6263 ACCEPT
ds4: b2: pos 2 draft=14 qT=0.90916 pT=0.30621 accept_p=0.3368 u=0.0265 ACCEPT
ds4: b2: MERGED correction-anchor pending C=14
ds4: dspark b2 cycle: n_accept=3 logical_commits=4 emitted_anchor=1 (drafts=3) | anchor=25.9 drafter=22.0 verify=86.6 accept=2.4 kv=1.2 total=138.0 ms
ds4: prefill: 77.40 t/s, generation: 25.74 t/s
ds4: Metal cleanup discarded 11 live tensor handles
