ds4: Metal device Apple M5 Max, 128.00 GiB RAM
ds4: Metal 4 tensor API enabled for Tensor kernels
ds4: drift-patch flags hc_stable=on norm_unify=on kv_raw_f32=off rope_exp2_log2=off math_safe=off tensor_matmul=on
ds4: Metal model views created in 0.018 ms, residency requested in 1.192 ms, warmup 2.645 ms (mapped 126.25 MiB from offset 0.00 MiB)
ds4: Metal mapped mmaped model as 1 overlapping shared buffers
ds4: DSpark drafter loaded: ../ds4/gguf/dspark.gguf (3 mtp stages)
ds4: Metal model views created in 1.820 ms, residency requested in 815.939 ms, warmup 1.029 ms (mapped 82697.67 MiB from offset 5.09 MiB)
ds4: Metal mapped mmaped model as 3 overlapping shared buffers
ds4: Metal model views created in 0.359 ms, residency requested in 1369.956 ms, warmup 2.068 ms (mapped 10957.67 MiB from offset 0.01 MiB)
ds4: Metal mapped mmaped model as 4 overlapping shared buffers
ds4: metal backend initialized for graph diagnostics
ds4: context buffers 495.92 MiB (ctx=8192, backend=metal, prefill_chunk=4096, raw_kv_rows=4352, compressed_kv_rows=2050)
ds4: dispatch -> run_sampled_generation (temp=0.7 mtp=0 dspark=1)
ds4: b2 ENTER first_token=2581 max=128 cap=17 temp=0.700 top_p=1.000 min_p=0.050
ds4: b2: main_hidden[0..5]=1.6575 0.9929 -0.1991 0.4064 6.5112 -1.3568
ds4: b2: pos 0 OVERRIDE target-sampled draft=1309 temp=0.700
ds4: b2: pos 1 draft=304 qT=1.00000 pT=1.00000 accept_p=1.0000 u=0.0000 ACCEPT
ds4: b2: pos 2 draft=8470 qT=1.00000 pT=1.00000 accept_p=1.0000 u=0.0625 ACCEPT
ds4: b2: pos 3 draft=270 qT=0.80264 pT=0.00000 accept_p=0.0000 u=0.6059 reject
ds4: b2: MERGED correction-anchor pending C=71350
ds4: dspark b2 cycle: n_accept=5 logical_commits=5 emitted_anchor=0 (drafts=3) | anchor=25.9 drafter=18.4 verify=90.6 accept=4.8 kv=0.5 total=140.1 ms
ds4: b2 ENTER first_token=71350 max=123 cap=17 temp=0.700 top_p=1.000 min_p=0.050
ds4: b2: main_hidden[0..5]=1.4367 -1.1211 -4.6996 -1.6968 1.1519 1.2630
ds4: b2: pos 0 OVERRIDE target-sampled draft=8062 temp=0.700
ds4: b2: pos 1 draft=2408 qT=0.25260 pT=1.00000 accept_p=1.0000 u=0.5236 ACCEPT
ds4: b2: pos 2 draft=101616 qT=1.00000 pT=0.00000 accept_p=0.0000 u=0.9636 reject
ds4: b2: MERGED correction-anchor pending C=1715
ds4: dspark b2 cycle: n_accept=3 logical_commits=4 emitted_anchor=1 (drafts=2) | anchor=25.2 drafter=18.2 verify=84.3 accept=3.1 kv=1.0 total=131.9 ms
ds4: b2 ENTER first_token=1715 max=120 cap=17 temp=0.700 top_p=1.000 min_p=0.050
ds4: b2: main_hidden[0..5]=-0.9251 1.1152 -3.8341 -0.0655 5.4285 -1.2382
ds4: b2: pos 0 OVERRIDE target-sampled draft=1065 temp=0.700
ds4: b2: pos 1 draft=20828 qT=1.00000 pT=1.00000 accept_p=1.0000 u=0.7741 ACCEPT
ds4: b2: pos 2 draft=16846 qT=1.00000 pT=0.90211 accept_p=0.9021 u=0.4892 ACCEPT
ds4: b2: pos 3 draft=14 qT=1.00000 pT=1.00000 accept_p=1.0000 u=0.4517 ACCEPT
ds4: b2: pos 4 draft=2408 qT=0.72462 pT=0.00000 accept_p=0.0000 u=0.1125 reject
ds4: b2: MERGED correction-anchor pending C=14531
ds4: dspark b2 cycle: n_accept=5 logical_commits=6 emitted_anchor=1 (drafts=4) | anchor=27.2 drafter=19.0 verify=83.6 accept=5.7 kv=1.3 total=136.7 ms
ds4: b2 ENTER first_token=14531 max=115 cap=17 temp=0.700 top_p=1.000 min_p=0.050
ds4: b2: main_hidden[0..5]=-0.6893 -2.0160 -5.8407 0.5134 7.9027 -4.6674
ds4: b2: pos 0 OVERRIDE target-sampled draft=6521 temp=0.700
ds4: b2: pos 1 draft=92980 qT=0.76834 pT=1.00000 accept_p=1.0000 u=0.3053 ACCEPT
ds4: b2: pos 2 draft=685 qT=0.71867 pT=1.00000 accept_p=1.0000 u=0.5660 ACCEPT
ds4: b2: pos 3 draft=14 qT=1.00000 pT=0.00000 accept_p=0.0000 u=0.5372 reject
ds4: b2: MERGED correction-anchor pending C=2753
ds4: dspark b2 cycle: n_accept=4 logical_commits=5 emitted_anchor=1 (drafts=3) | anchor=25.6 drafter=19.0 verify=85.6 accept=4.5 kv=1.5 total=136.3 ms
ds4: b2 ENTER first_token=2753 max=111 cap=17 temp=0.700 top_p=1.000 min_p=0.050
ds4: b2: main_hidden[0..5]=5.3273 -0.0111 -9.6585 2.2928 -1.1358 -2.0349
ds4: b2: pos 0 OVERRIDE target-sampled draft=14 temp=0.700
ds4: b2: pos 1 draft=14531 qT=1.00000 pT=0.43871 accept_p=0.4387 u=0.1061 ACCEPT
ds4: b2: pos 2 draft=53510 qT=1.00000 pT=1.00000 accept_p=1.0000 u=0.6606 ACCEPT
ds4: b2: pos 3 draft=14 qT=0.81629 pT=0.00000 accept_p=0.0000 u=0.0584 reject
ds4: b2: MERGED correction-anchor pending C=1812
ds4: dspark b2 cycle: n_accept=4 logical_commits=5 emitted_anchor=1 (drafts=3) | anchor=25.1 drafter=18.5 verify=85.4 accept=5.0 kv=1.0 total=135.0 ms
ds4: b2 ENTER first_token=1812 max=107 cap=17 temp=0.700 top_p=1.000 min_p=0.050
ds4: b2: main_hidden[0..5]=-0.7050 -2.0093 -8.3718 7.1394 -0.2267 -0.4098
ds4: b2: pos 0 OVERRIDE target-sampled draft=3980 temp=0.700
ds4: b2: pos 1 draft=14 qT=0.76655 pT=0.94160 accept_p=1.0000 u=0.9461 ACCEPT
ds4: b2: pos 2 draft=305 qT=1.00000 pT=0.57627 accept_p=0.5763 u=0.2679 ACCEPT
ds4: b2: pos 3 draft=1970 qT=0.01590 pT=0.00000 accept_p=0.0000 u=0.1462 reject
ds4: b2: MERGED correction-anchor pending C=1234
ds4: dspark b2 cycle: n_accept=4 logical_commits=5 emitted_anchor=1 (drafts=3) | anchor=25.5 drafter=18.2 verify=84.7 accept=4.1 kv=1.3 total=133.8 ms
ds4: b2 ENTER first_token=1234 max=103 cap=17 temp=0.700 top_p=1.000 min_p=0.050
ds4: b2: main_hidden[0..5]=2.9892 8.4138 -5.3791 -1.4344 5.5465 3.1701
ds4: b2: pos 0 OVERRIDE target-sampled draft=20586 temp=0.700
ds4: b2: pos 1 draft=517 qT=1.00000 pT=1.00000 accept_p=1.0000 u=0.7631 ACCEPT
ds4: b2: pos 2 draft=16 qT=0.81212 pT=1.00000 accept_p=1.0000 u=0.9481 ACCEPT
ds4: b2: pos 3 draft=21017 qT=1.00000 pT=0.00000 accept_p=0.0000 u=0.3014 reject
ds4: b2: MERGED correction-anchor pending C=455
ds4: dspark b2 cycle: n_accept=4 logical_commits=5 emitted_anchor=1 (drafts=3) | anchor=25.1 drafter=18.8 verify=85.2 accept=4.5 kv=1.2 total=134.8 ms
ds4: b2 ENTER first_token=455 max=99 cap=17 temp=0.700 top_p=1.000 min_p=0.050
ds4: b2: main_hidden[0..5]=2.9235 -1.7801 -7.8187 -1.8372 2.6620 3.4677
ds4: b2: pos 0 OVERRIDE target-sampled draft=3967 temp=0.700
ds4: b2: pos 1 draft=10059 qT=1.00000 pT=1.00000 accept_p=1.0000 u=0.3225 ACCEPT
ds4: b2: pos 2 draft=223 qT=0.47019 pT=1.00000 accept_p=1.0000 u=0.3571 ACCEPT
ds4: b2: pos 3 draft=20 qT=0.41211 pT=0.00000 accept_p=0.0000 u=0.6611 reject
ds4: b2: MERGED correction-anchor pending C=21
ds4: dspark b2 cycle: n_accept=4 logical_commits=5 emitted_anchor=1 (drafts=3) | anchor=25.5 drafter=18.9 verify=85.0 accept=5.4 kv=1.1 total=135.9 ms
ds4: b2 ENTER first_token=21 max=95 cap=17 temp=0.700 top_p=1.000 min_p=0.050
ds4: b2: main_hidden[0..5]=-2.2792 0.7253 1.4517 0.9473 -1.0022 4.5670
ds4: b2: pos 0 OVERRIDE target-sampled draft=15 temp=0.700
ds4: b2: pos 1 draft=22 qT=1.00000 pT=1.00000 accept_p=1.0000 u=0.1933 ACCEPT
ds4: b2: pos 2 draft=42830 qT=1.00000 pT=0.00000 accept_p=0.0000 u=0.2361 reject
ds4: b2: MERGED correction-anchor pending C=3107
ds4: dspark b2 cycle: n_accept=3 logical_commits=4 emitted_anchor=1 (drafts=2) | anchor=25.5 drafter=18.7 verify=85.9 accept=3.0 kv=1.5 total=134.6 ms
ds4: b2 ENTER first_token=3107 max=92 cap=17 temp=0.700 top_p=1.000 min_p=0.050
ds4: b2: main_hidden[0..5]=3.4679 5.5858 -3.1238 2.9552 2.1368 0.0904
ds4: b2: pos 0 OVERRIDE target-sampled draft=42830 temp=0.700
ds4: b2: pos 1 draft=16 qT=0.73592 pT=0.49429 accept_p=0.6717 u=0.5437 ACCEPT
ds4: b2: pos 2 draft=5715 qT=0.79627 pT=0.04154 accept_p=0.0522 u=0.0374 ACCEPT
ds4: b2: pos 3 draft=260 qT=0.72459 pT=0.00000 accept_p=0.0000 u=0.8930 reject
ds4: b2: MERGED correction-anchor pending C=1234
ds4: dspark b2 cycle: n_accept=4 logical_commits=5 emitted_anchor=1 (drafts=3) | anchor=26.5 drafter=18.9 verify=84.3 accept=4.4 kv=1.3 total=135.4 ms
ds4: b2 ENTER first_token=1234 max=88 cap=17 temp=0.700 top_p=1.000 min_p=0.050
ds4: b2: main_hidden[0..5]=3.8145 5.3100 -4.6756 0.0077 7.0669 1.0214
ds4: b2: pos 0 OVERRIDE target-sampled draft=20586 temp=0.700
ds4: b2: pos 1 draft=517 qT=1.00000 pT=1.00000 accept_p=1.0000 u=0.1993 ACCEPT
ds4: b2: pos 2 draft=16 qT=0.20752 pT=0.72638 accept_p=1.0000 u=0.1323 ACCEPT
ds4: b2: pos 3 draft=19018 qT=0.40283 pT=0.69483 accept_p=1.0000 u=0.7931 ACCEPT
ds4: b2: pos 4 draft=436 qT=0.61907 pT=0.87664 accept_p=1.0000 u=0.1945 ACCEPT
ds4: b2: pos 5 draft=734 qT=0.72584 pT=0.00000 accept_p=0.0000 u=0.2899 reject
ds4: b2: MERGED correction-anchor pending C=47468
ds4: dspark b2 cycle: n_accept=6 logical_commits=7 emitted_anchor=1 (drafts=5) | anchor=26.8 drafter=18.4 verify=84.0 accept=7.0 kv=0.3 total=136.6 ms
ds4: b2 ENTER first_token=47468 max=82 cap=17 temp=0.700 top_p=1.000 min_p=0.050
ds4: b2: main_hidden[0..5]=-1.6533 -4.1458 -1.2831 -2.6703 6.1185 -2.7022
ds4: b2: pos 0 OVERRIDE target-sampled draft=339 temp=0.700
ds4: b2: pos 1 draft=10318 qT=0.25779 pT=0.69164 accept_p=1.0000 u=0.9777 ACCEPT
ds4: b2: pos 2 draft=15363 qT=0.47225 pT=1.00000 accept_p=1.0000 u=0.2202 ACCEPT
ds4: b2: pos 3 draft=28 qT=1.00000 pT=1.00000 accept_p=1.0000 u=0.0607 ACCEPT
ds4: b2: pos 4 draft=28231 qT=0.03593 pT=0.00000 accept_p=0.0000 u=0.8721 reject
ds4: b2: MERGED correction-anchor pending C=11348
ds4: dspark b2 cycle: n_accept=5 logical_commits=6 emitted_anchor=1 (drafts=4) | anchor=25.5 drafter=19.6 verify=85.6 accept=6.0 kv=1.0 total=137.8 ms
ds4: b2 ENTER first_token=11348 max=77 cap=17 temp=0.700 top_p=1.000 min_p=0.050
ds4: b2: main_hidden[0..5]=-2.0721 5.1511 -8.7074 -1.1752 3.9471 -3.0096
ds4: b2: pos 0 OVERRIDE target-sampled draft=71350 temp=0.700
ds4: b2: pos 1 draft=16846 qT=1.00000 pT=0.24460 accept_p=0.2446 u=0.0358 ACCEPT
ds4: b2: pos 2 draft=16 qT=1.00000 pT=0.00000 accept_p=0.0000 u=0.3078 reject
ds4: b2: MERGED correction-anchor pending C=343
ds4: dspark b2 cycle: n_accept=3 logical_commits=4 emitted_anchor=1 (drafts=2) | anchor=25.3 drafter=19.4 verify=85.4 accept=3.2 kv=1.4 total=134.7 ms
ds4: b2 ENTER first_token=343 max=74 cap=17 temp=0.700 top_p=1.000 min_p=0.050
ds4: b2: main_hidden[0..5]=3.1268 0.6264 -0.7803 3.1180 -3.8683 2.5052
ds4: b2: pos 0 OVERRIDE target-sampled draft=8320 temp=0.700
ds4: b2: pos 1 draft=25908 qT=0.28951 pT=0.00000 accept_p=0.0000 u=0.4290 reject
ds4: b2: MERGED correction-anchor pending C=70167
ds4: dspark b2 cycle: n_accept=2 logical_commits=3 emitted_anchor=1 (drafts=1) | anchor=25.4 drafter=19.3 verify=85.2 accept=1.3 kv=0.3 total=131.6 ms
ds4: b2 ENTER first_token=70167 max=72 cap=17 temp=0.700 top_p=1.000 min_p=0.050
ds4: b2: main_hidden[0..5]=1.2594 0.9301 -5.5715 5.1877 1.0044 -4.9407
ds4: b2: pos 0 OVERRIDE target-sampled draft=778 temp=0.700
ds4: b2: pos 1 draft=19580 qT=0.18762 pT=0.00000 accept_p=0.0000 u=0.4005 reject
ds4: b2: MERGED correction-anchor pending C=3618
ds4: dspark b2 cycle: n_accept=2 logical_commits=3 emitted_anchor=1 (drafts=1) | anchor=27.6 drafter=18.9 verify=84.8 accept=1.6 kv=0.4 total=133.2 ms
ds4: b2 ENTER first_token=3618 max=70 cap=17 temp=0.700 top_p=1.000 min_p=0.050
ds4: b2: main_hidden[0..5]=1.8808 3.8590 -4.7460 5.0589 1.9288 -2.4215
ds4: b2: pos 0 OVERRIDE target-sampled draft=304 temp=0.700
ds4: b2: pos 1 draft=2188 qT=1.00000 pT=1.00000 accept_p=1.0000 u=0.1596 ACCEPT
ds4: b2: pos 2 draft=11 qT=1.00000 pT=0.77396 accept_p=0.7740 u=0.9557 reject
ds4: b2: MERGED correction-anchor pending C=1936
ds4: dspark b2 cycle: n_accept=3 logical_commits=4 emitted_anchor=1 (drafts=2) | anchor=25.9 drafter=19.7 verify=85.1 accept=2.5 kv=1.0 total=134.2 ms
ds4: b2 ENTER first_token=1936 max=67 cap=17 temp=0.700 top_p=1.000 min_p=0.050
ds4: b2: main_hidden[0..5]=1.4959 -0.2969 -3.1421 2.8457 -0.8483 -0.3371
ds4: b2: pos 0 OVERRIDE target-sampled draft=12761 temp=0.700
ds4: b2: pos 1 draft=11 qT=1.00000 pT=0.60466 accept_p=0.6047 u=0.6175 reject
ds4: b2: MERGED correction-anchor pending C=5664
ds4: dspark b2 cycle: n_accept=2 logical_commits=3 emitted_anchor=1 (drafts=1) | anchor=25.4 drafter=19.5 verify=87.1 accept=1.6 kv=1.0 total=134.7 ms
ds4: b2 ENTER first_token=5664 max=65 cap=17 temp=0.700 top_p=1.000 min_p=0.050
ds4: b2: main_hidden[0..5]=0.3069 1.5884 -8.5226 2.3394 3.3036 -7.2557
ds4: b2: pos 0 OVERRIDE target-sampled draft=11 temp=0.700
ds4: b2: pos 1 draft=305 qT=1.00000 pT=0.00000 accept_p=0.0000 u=0.0455 reject
ds4: b2: MERGED correction-anchor pending C=8062
ds4: dspark b2 cycle: n_accept=2 logical_commits=3 emitted_anchor=1 (drafts=1) | anchor=25.3 drafter=18.8 verify=86.4 accept=1.4 kv=1.0 total=133.0 ms
ds4: b2 ENTER first_token=8062 max=63 cap=17 temp=0.700 top_p=1.000 min_p=0.050
ds4: b2: main_hidden[0..5]=-2.4784 1.6811 -5.1370 2.1614 -0.5325 1.8692
ds4: b2: pos 0 OVERRIDE target-sampled draft=2408 temp=0.700
ds4: b2: pos 1 draft=1715 qT=1.00000 pT=1.00000 accept_p=1.0000 u=0.6254 ACCEPT
ds4: b2: pos 2 draft=1065 qT=1.00000 pT=1.00000 accept_p=1.0000 u=0.1683 ACCEPT
ds4: b2: pos 3 draft=20828 qT=1.00000 pT=1.00000 accept_p=1.0000 u=0.4407 ACCEPT
ds4: b2: pos 4 draft=16846 qT=0.88807 pT=0.00000 accept_p=0.0000 u=0.5650 reject
ds4: b2: MERGED correction-anchor pending C=343
ds4: dspark b2 cycle: n_accept=5 logical_commits=6 emitted_anchor=1 (drafts=4) | anchor=25.2 drafter=19.0 verify=87.3 accept=6.4 kv=1.1 total=139.0 ms
ds4: b2 ENTER first_token=343 max=58 cap=17 temp=0.700 top_p=1.000 min_p=0.050
ds4: b2: main_hidden[0..5]=-1.3451 3.9848 -2.6966 1.1272 1.0172 3.7023
ds4: b2: pos 0 OVERRIDE target-sampled draft=55194 temp=0.700
ds4: b2: pos 1 draft=288 qT=0.87933 pT=0.76815 accept_p=0.8736 u=0.3546 ACCEPT
ds4: b2: pos 2 draft=11 qT=1.00000 pT=0.00000 accept_p=0.0000 u=0.1325 reject
ds4: b2: MERGED correction-anchor pending C=362
ds4: dspark b2 cycle: n_accept=3 logical_commits=4 emitted_anchor=1 (drafts=2) | anchor=25.9 drafter=18.8 verify=86.4 accept=2.8 kv=1.3 total=135.3 ms
ds4: b2 ENTER first_token=362 max=55 cap=17 temp=0.700 top_p=1.000 min_p=0.050
ds4: b2: main_hidden[0..5]=-2.5656 1.0878 -4.5856 0.1791 2.4230 -5.1142
ds4: b2: pos 0 OVERRIDE target-sampled draft=7717 temp=0.700
ds4: b2: pos 1 draft=3083 qT=0.07692 pT=0.00000 accept_p=0.0000 u=0.0372 reject
ds4: b2: MERGED correction-anchor pending C=5664
ds4: dspark b2 cycle: n_accept=2 logical_commits=3 emitted_anchor=1 (drafts=1) | anchor=26.2 drafter=19.5 verify=86.6 accept=1.2 kv=0.3 total=133.8 ms
ds4: b2 ENTER first_token=5664 max=53 cap=17 temp=0.700 top_p=1.000 min_p=0.050
ds4: b2: main_hidden[0..5]=-0.4457 1.5179 -7.1805 3.9040 3.7678 -6.7115
ds4: b2: pos 0 OVERRIDE target-sampled draft=797 temp=0.700
ds4: b2: pos 1 draft=5930 qT=0.79768 pT=0.00000 accept_p=0.0000 u=0.7963 reject
ds4: b2: MERGED correction-anchor pending C=95565
ds4: dspark b2 cycle: n_accept=2 logical_commits=3 emitted_anchor=1 (drafts=1) | anchor=26.3 drafter=19.4 verify=86.6 accept=1.2 kv=0.3 total=133.8 ms
ds4: b2 ENTER first_token=95565 max=51 cap=17 temp=0.700 top_p=1.000 min_p=0.050
ds4: b2: main_hidden[0..5]=4.3757 8.2001 -10.1412 6.1885 3.5253 -4.3427
ds4: b2: pos 0 OVERRIDE target-sampled draft=396 temp=0.700
ds4: b2: pos 1 draft=734 qT=0.50226 pT=0.00000 accept_p=0.0000 u=0.7515 reject
ds4: b2: MERGED correction-anchor pending C=5970
ds4: dspark b2 cycle: n_accept=2 logical_commits=3 emitted_anchor=1 (drafts=1) | anchor=25.9 drafter=17.4 verify=86.0 accept=1.2 kv=0.3 total=130.8 ms
ds4: b2 ENTER first_token=5970 max=49 cap=17 temp=0.700 top_p=1.000 min_p=0.050
ds4: b2: main_hidden[0..5]=-1.5368 5.7390 -5.2606 4.3515 0.5124 1.6496
ds4: b2: pos 0 OVERRIDE target-sampled draft=125836 temp=0.700
ds4: b2: pos 1 draft=22218 qT=0.49409 pT=0.00000 accept_p=0.0000 u=0.7936 reject
ds4: b2: MERGED correction-anchor pending C=1347
ds4: dspark b2 cycle: n_accept=2 logical_commits=3 emitted_anchor=1 (drafts=1) | anchor=26.2 drafter=17.4 verify=85.9 accept=1.3 kv=0.4 total=131.1 ms
ds4: b2 ENTER first_token=1347 max=47 cap=17 temp=0.700 top_p=1.000 min_p=0.050
ds4: b2: main_hidden[0..5]=-2.3016 -0.3353 -6.0604 2.6216 0.0631 0.0181
ds4: b2: pos 0 OVERRIDE target-sampled draft=48844 temp=0.700
ds4: b2: pos 1 draft=339 qT=1.00000 pT=0.00000 accept_p=0.0000 u=0.0530 reject
ds4: b2: MERGED correction-anchor pending C=304
ds4: dspark b2 cycle: n_accept=2 logical_commits=3 emitted_anchor=1 (drafts=1) | anchor=26.2 drafter=18.4 verify=85.9 accept=1.2 kv=0.3 total=132.1 ms
ds4: b2 ENTER first_token=304 max=45 cap=17 temp=0.700 top_p=1.000 min_p=0.050
ds4: b2: main_hidden[0..5]=-2.1530 2.4577 0.6625 1.5878 -1.9115 1.7922
ds4: b2: pos 0 OVERRIDE target-sampled draft=3144 temp=0.700
ds4: b2: pos 1 draft=28499 qT=0.33714 pT=0.60882 accept_p=1.0000 u=0.2306 ACCEPT
ds4: b2: pos 2 draft=339 qT=1.00000 pT=0.00000 accept_p=0.0000 u=0.7385 reject
ds4: b2: MERGED correction-anchor pending C=3530
ds4: dspark b2 cycle: n_accept=3 logical_commits=4 emitted_anchor=1 (drafts=2) | anchor=26.3 drafter=17.4 verify=86.2 accept=2.3 kv=1.2 total=133.4 ms
ds4: b2 ENTER first_token=3530 max=42 cap=17 temp=0.700 top_p=1.000 min_p=0.050
ds4: b2: main_hidden[0..5]=-0.1449 -2.3698 -6.1133 5.1496 2.1648 0.7748
ds4: b2: pos 0 OVERRIDE target-sampled draft=339 temp=0.700
ds4: b2: pos 1 draft=18653 qT=0.81217 pT=1.00000 accept_p=1.0000 u=0.3757 ACCEPT
ds4: b2: pos 2 draft=14531 qT=1.00000 pT=0.00000 accept_p=0.0000 u=0.6449 reject
ds4: b2: MERGED correction-anchor pending C=15363
ds4: dspark b2 cycle: n_accept=3 logical_commits=4 emitted_anchor=1 (drafts=2) | anchor=26.1 drafter=18.4 verify=85.8 accept=3.0 kv=1.0 total=134.3 ms
ds4: b2 ENTER first_token=15363 max=39 cap=17 temp=0.700 top_p=1.000 min_p=0.050
ds4: b2: main_hidden[0..5]=0.8400 5.3802 -4.2686 0.5801 -0.2396 -1.5423
ds4: b2: pos 0 OVERRIDE target-sampled draft=28 temp=0.700
ds4: b2: pos 1 draft=3939 qT=0.88147 pT=0.85524 accept_p=0.9702 u=0.0659 ACCEPT
ds4: b2: pos 2 draft=28 qT=0.80332 pT=0.00000 accept_p=0.0000 u=0.3718 reject
ds4: b2: MERGED correction-anchor pending C=14531
ds4: dspark b2 cycle: n_accept=3 logical_commits=4 emitted_anchor=1 (drafts=2) | anchor=25.8 drafter=18.2 verify=86.1 accept=3.6 kv=1.4 total=135.0 ms
ds4: b2 ENTER first_token=14531 max=36 cap=17 temp=0.700 top_p=1.000 min_p=0.050
ds4: b2: main_hidden[0..5]=-0.0413 -0.3071 -5.7152 1.6826 8.2851 -4.6015
ds4: b2: pos 0 OVERRIDE target-sampled draft=6521 temp=0.700
ds4: b2: pos 1 draft=92980 qT=1.00000 pT=1.00000 accept_p=1.0000 u=0.9469 ACCEPT
ds4: b2: pos 2 draft=685 qT=1.00000 pT=1.00000 accept_p=1.0000 u=0.2104 ACCEPT
ds4: b2: pos 3 draft=477 qT=1.00000 pT=1.00000 accept_p=1.0000 u=0.5581 ACCEPT
ds4: b2: pos 4 draft=33823 qT=0.41151 pT=0.00000 accept_p=0.0000 u=0.7853 reject
ds4: b2: MERGED correction-anchor pending C=14738
ds4: dspark b2 cycle: n_accept=5 logical_commits=6 emitted_anchor=1 (drafts=4) | anchor=27.4 drafter=19.5 verify=85.7 accept=5.7 kv=0.8 total=139.2 ms
ds4: b2 ENTER first_token=14738 max=31 cap=17 temp=0.700 top_p=1.000 min_p=0.050
ds4: b2: main_hidden[0..5]=5.9049 2.8852 -4.2737 -0.0124 6.3745 6.4889
ds4: b2: pos 0 OVERRIDE target-sampled draft=28 temp=0.700
ds4: b2: pos 1 draft=1309 qT=0.66064 pT=0.00000 accept_p=0.0000 u=0.9958 reject
ds4: b2: MERGED correction-anchor pending C=851
ds4: dspark b2 cycle: n_accept=2 logical_commits=3 emitted_anchor=1 (drafts=1) | anchor=26.3 drafter=18.7 verify=85.1 accept=1.2 kv=0.4 total=131.6 ms
ds4: b2 ENTER first_token=851 max=29 cap=17 temp=0.700 top_p=1.000 min_p=0.050
ds4: b2: main_hidden[0..5]=2.9466 3.0255 -0.6065 -1.0116 2.9016 5.3772
ds4: b2: pos 0 OVERRIDE target-sampled draft=4776 temp=0.700
ds4: b2: pos 1 draft=28499 qT=0.27718 pT=1.00000 accept_p=1.0000 u=0.2566 ACCEPT
ds4: b2: pos 2 draft=50015 qT=0.30435 pT=1.00000 accept_p=1.0000 u=0.5932 ACCEPT
ds4: b2: pos 3 draft=28499 qT=0.92819 pT=0.00000 accept_p=0.0000 u=0.3292 reject
ds4: b2: MERGED correction-anchor pending C=14
ds4: dspark b2 cycle: n_accept=4 logical_commits=5 emitted_anchor=1 (drafts=3) | anchor=25.7 drafter=17.4 verify=84.7 accept=4.1 kv=0.4 total=132.1 ms
ds4: b2 ENTER first_token=14 max=25 cap=17 temp=0.700 top_p=1.000 min_p=0.050
ds4: b2: main_hidden[0..5]=0.5399 1.9668 -2.5667 -1.4001 -2.0721 4.1686
ds4: b2: pos 0 OVERRIDE target-sampled draft=48895 temp=0.700
ds4: b2: pos 1 draft=1116 qT=0.80854 pT=1.00000 accept_p=1.0000 u=0.2305 ACCEPT
ds4: b2: pos 2 draft=14 qT=0.91171 pT=1.00000 accept_p=1.0000 u=0.3511 ACCEPT
ds4: b2: pos 3 draft=48895 qT=0.06480 pT=0.00000 accept_p=0.0000 u=0.4193 reject
ds4: b2: MERGED correction-anchor pending C=305
ds4: dspark b2 cycle: n_accept=4 logical_commits=5 emitted_anchor=1 (drafts=3) | anchor=26.1 drafter=19.1 verify=86.8 accept=3.8 kv=1.3 total=137.0 ms
ds4: b2 ENTER first_token=305 max=21 cap=17 temp=0.700 top_p=1.000 min_p=0.050
ds4: b2: main_hidden[0..5]=1.4427 2.9069 -4.6472 -2.7989 -0.6000 3.1761
ds4: b2: pos 0 OVERRIDE target-sampled draft=4197 temp=0.700
ds4: b2: pos 1 draft=24057 qT=0.82911 pT=1.00000 accept_p=1.0000 u=0.2153 ACCEPT
ds4: b2: pos 2 draft=16 qT=0.69913 pT=0.75797 accept_p=1.0000 u=0.0440 ACCEPT
ds4: b2: pos 3 draft=25023 qT=0.46800 pT=0.00000 accept_p=0.0000 u=0.4525 reject
ds4: b2: MERGED correction-anchor pending C=28231
ds4: dspark b2 cycle: n_accept=4 logical_commits=5 emitted_anchor=1 (drafts=3) | anchor=26.1 drafter=18.1 verify=86.3 accept=4.2 kv=1.0 total=135.8 ms
ds4: b2 ENTER first_token=28231 max=17 cap=17 temp=0.700 top_p=1.000 min_p=0.050
ds4: b2: main_hidden[0..5]=0.8242 6.0713 -6.9584 -0.7709 -0.7787 -3.0067
ds4: b2: pos 0 OVERRIDE target-sampled draft=396 temp=0.700
ds4: b2: pos 1 draft=339 qT=0.35482 pT=0.00000 accept_p=0.0000 u=0.9575 reject
ds4: b2: MERGED correction-anchor pending C=270
ds4: dspark b2 cycle: n_accept=2 logical_commits=3 emitted_anchor=1 (drafts=1) | anchor=26.7 drafter=17.7 verify=85.8 accept=1.3 kv=0.3 total=131.9 ms
ds4: b2 ENTER first_token=270 max=15 cap=17 temp=0.700 top_p=1.000 min_p=0.050
ds4: b2: main_hidden[0..5]=-1.7285 0.7147 -6.5548 1.6634 -3.3053 3.8518
ds4: b2: pos 0 OVERRIDE target-sampled draft=15768 temp=0.700
ds4: b2: pos 1 draft=28499 qT=1.00000 pT=0.00000 accept_p=0.0000 u=0.9633 reject
ds4: b2: MERGED correction-anchor pending C=270
ds4: dspark b2 cycle: n_accept=2 logical_commits=3 emitted_anchor=1 (drafts=1) | anchor=26.0 drafter=19.1 verify=86.4 accept=1.5 kv=1.2 total=134.3 ms
ds4: b2 ENTER first_token=270 max=13 cap=17 temp=0.700 top_p=1.000 min_p=0.050
ds4: b2: main_hidden[0..5]=-1.6105 1.0888 -6.9581 2.2819 -3.0698 5.4663
ds4: b2: pos 0 OVERRIDE target-sampled draft=28499 temp=0.700
ds4: b2: pos 1 draft=14 qT=1.00000 pT=1.00000 accept_p=1.0000 u=0.7482 ACCEPT
ds4: b2: pos 2 draft=270 qT=1.00000 pT=1.00000 accept_p=1.0000 u=0.9983 ACCEPT
ds4: b2: pos 3 draft=4077 qT=0.75583 pT=0.05185 accept_p=0.0686 u=0.0497 ACCEPT
ds4: b2: pos 4 draft=339 qT=0.51716 pT=0.00000 accept_p=0.0000 u=0.3867 reject
ds4: b2: MERGED correction-anchor pending C=270
ds4: dspark b2 cycle: n_accept=5 logical_commits=6 emitted_anchor=1 (drafts=4) | anchor=26.0 drafter=18.5 verify=86.7 accept=6.4 kv=1.3 total=139.0 ms
ds4: b2 ENTER first_token=270 max=8 cap=17 temp=0.700 top_p=1.000 min_p=0.050
ds4: b2: main_hidden[0..5]=-1.0817 5.3463 -1.0312 4.3066 0.1385 1.4307
ds4: b2: pos 0 OVERRIDE target-sampled draft=2753 temp=0.700
ds4: b2: pos 1 draft=339 qT=0.91965 pT=1.00000 accept_p=1.0000 u=0.5247 ACCEPT
ds4: b2: pos 2 draft=99832 qT=0.24500 pT=0.00000 accept_p=0.0000 u=0.9004 reject
ds4: b2: MERGED correction-anchor pending C=40550
ds4: dspark b2 cycle: n_accept=3 logical_commits=4 emitted_anchor=1 (drafts=2) | anchor=27.5 drafter=18.7 verify=85.0 accept=2.9 kv=1.1 total=135.2 ms
ds4: b2 ENTER first_token=40550 max=5 cap=17 temp=0.700 top_p=1.000 min_p=0.050
ds4: b2: main_hidden[0..5]=2.2204 4.4352 1.2079 1.3791 -2.7892 -1.4254
ds4: b2: pos 0 OVERRIDE target-sampled draft=15363 temp=0.700
ds4: b2: pos 1 draft=28 qT=1.00000 pT=1.00000 accept_p=1.0000 u=0.6263 ACCEPT
ds4: b2: pos 2 draft=14531 qT=0.90563 pT=0.28497 accept_p=0.3147 u=0.0265 ACCEPT
ds4: b2: pos 3 draft=18800 qT=0.17875 pT=0.00000 accept_p=0.0000 u=0.8092 reject
ds4: b2: MERGED correction-anchor pending C=53510
ds4: dspark b2 cycle: n_accept=4 logical_commits=5 emitted_anchor=1 (drafts=3) | anchor=26.4 drafter=19.3 verify=86.2 accept=4.5 kv=1.4 total=137.8 ms
ds4: b2 ENTER first_token=53510 max=1 cap=17 temp=0.700 top_p=1.000 min_p=0.050
ds4: b2: main_hidden[0..5]=4.7155 1.0902 -6.8812 2.4730 5.4009 -1.4063
ds4: b2: pos 0 OVERRIDE target-sampled draft=6623 temp=0.700
ds4: b2: MERGED correction-anchor pending C=6623
ds4: dspark b2 cycle: n_accept=1 logical_commits=2 emitted_anchor=1 (drafts=1) | anchor=26.3 drafter=18.9 verify=86.5 accept=0.0 kv=0.4 total=132.1 ms
ds4: prefill: 78.05 t/s, generation: 24.35 t/s
ds4: Metal cleanup discarded 11 live tensor handles
