ds4: Metal device Apple M5 Max, 128.00 GiB RAM
ds4: Metal 4 tensor API enabled for Tensor kernels
ds4: drift-patch flags hc_stable=on norm_unify=on kv_raw_f32=off rope_exp2_log2=off math_safe=off tensor_matmul=on
ds4: Metal model views created in 0.021 ms, residency requested in 1.303 ms, warmup 3.275 ms (mapped 126.25 MiB from offset 0.00 MiB)
ds4: Metal mapped mmaped model as 1 overlapping shared buffers
ds4: DSpark drafter loaded: ../ds4/gguf/dspark.gguf (3 mtp stages)
ds4: Metal model views created in 1.710 ms, residency requested in 810.941 ms, warmup 1.073 ms (mapped 82697.67 MiB from offset 5.09 MiB)
ds4: Metal mapped mmaped model as 3 overlapping shared buffers
ds4: Metal model views created in 0.266 ms, residency requested in 1321.461 ms, warmup 3.467 ms (mapped 10957.67 MiB from offset 0.01 MiB)
ds4: Metal mapped mmaped model as 4 overlapping shared buffers
ds4: metal backend initialized for graph diagnostics
ds4: context buffers 495.92 MiB (ctx=8192, backend=metal, prefill_chunk=4096, raw_kv_rows=4352, compressed_kv_rows=2050)
ds4: dispatch -> run_sampled_generation (temp=0.5 mtp=0 dspark=1)
ds4: b2 ENTER first_token=2581 max=128 cap=17 temp=0.500 top_p=1.000 min_p=0.050
ds4: b2: main_hidden[0..5]=1.6575 0.9929 -0.1991 0.4064 6.5112 -1.3568
ds4: b2: pos 0 OVERRIDE target-sampled draft=1309 temp=0.500
ds4: b2: pos 1 draft=304 qT=1.00000 pT=1.00000 accept_p=1.0000 u=0.0000 ACCEPT
ds4: b2: pos 2 draft=8470 qT=1.00000 pT=1.00000 accept_p=1.0000 u=0.0625 ACCEPT
ds4: b2: pos 3 draft=270 qT=0.92932 pT=0.00000 accept_p=0.0000 u=0.6059 reject
ds4: b2: MERGED correction-anchor pending C=71350
ds4: dspark b2 cycle: n_accept=5 logical_commits=5 emitted_anchor=0 (drafts=3) | anchor=26.2 drafter=18.7 verify=90.7 accept=3.8 kv=0.7 total=140.1 ms
ds4: b2 ENTER first_token=71350 max=123 cap=17 temp=0.500 top_p=1.000 min_p=0.050
ds4: b2: main_hidden[0..5]=1.4367 -1.1211 -4.6996 -1.6968 1.1519 1.2630
ds4: b2: pos 0 OVERRIDE target-sampled draft=8062 temp=0.500
ds4: b2: pos 1 draft=2408 qT=0.21447 pT=1.00000 accept_p=1.0000 u=0.5236 ACCEPT
ds4: b2: pos 2 draft=101616 qT=1.00000 pT=0.00000 accept_p=0.0000 u=0.9636 reject
ds4: b2: MERGED correction-anchor pending C=1715
ds4: dspark b2 cycle: n_accept=3 logical_commits=4 emitted_anchor=1 (drafts=2) | anchor=25.7 drafter=17.9 verify=85.1 accept=2.5 kv=0.3 total=131.4 ms
ds4: b2 ENTER first_token=1715 max=120 cap=17 temp=0.500 top_p=1.000 min_p=0.050
ds4: b2: main_hidden[0..5]=-0.9251 1.1152 -3.8341 -0.0655 5.4285 -1.2382
ds4: b2: pos 0 OVERRIDE target-sampled draft=1065 temp=0.500
ds4: b2: pos 1 draft=20828 qT=1.00000 pT=1.00000 accept_p=1.0000 u=0.7741 ACCEPT
ds4: b2: pos 2 draft=16846 qT=1.00000 pT=1.00000 accept_p=1.0000 u=0.4892 ACCEPT
ds4: b2: pos 3 draft=14 qT=1.00000 pT=1.00000 accept_p=1.0000 u=0.4517 ACCEPT
ds4: b2: pos 4 draft=2408 qT=0.85616 pT=0.00000 accept_p=0.0000 u=0.1125 reject
ds4: b2: MERGED correction-anchor pending C=14531
ds4: dspark b2 cycle: n_accept=5 logical_commits=6 emitted_anchor=1 (drafts=4) | anchor=27.5 drafter=17.8 verify=83.1 accept=5.0 kv=0.3 total=133.6 ms
ds4: b2 ENTER first_token=14531 max=115 cap=17 temp=0.500 top_p=1.000 min_p=0.050
ds4: b2: main_hidden[0..5]=-0.6893 -2.0160 -5.8407 0.5134 7.9027 -4.6674
ds4: b2: pos 0 OVERRIDE target-sampled draft=6521 temp=0.500
ds4: b2: pos 1 draft=92980 qT=0.84271 pT=1.00000 accept_p=1.0000 u=0.3053 ACCEPT
ds4: b2: pos 2 draft=685 qT=0.78801 pT=1.00000 accept_p=1.0000 u=0.5660 ACCEPT
ds4: b2: pos 3 draft=14 qT=1.00000 pT=0.00000 accept_p=0.0000 u=0.5372 reject
ds4: b2: MERGED correction-anchor pending C=2753
ds4: dspark b2 cycle: n_accept=4 logical_commits=5 emitted_anchor=1 (drafts=3) | anchor=25.6 drafter=17.5 verify=84.8 accept=3.8 kv=0.9 total=132.6 ms
ds4: b2 ENTER first_token=2753 max=111 cap=17 temp=0.500 top_p=1.000 min_p=0.050
ds4: b2: main_hidden[0..5]=5.3273 -0.0111 -9.6585 2.2928 -1.1358 -2.0349
ds4: b2: pos 0 OVERRIDE target-sampled draft=14 temp=0.500
ds4: b2: pos 1 draft=14531 qT=1.00000 pT=0.47413 accept_p=0.4741 u=0.1061 ACCEPT
ds4: b2: pos 2 draft=53510 qT=1.00000 pT=1.00000 accept_p=1.0000 u=0.6606 ACCEPT
ds4: b2: pos 3 draft=14 qT=0.92836 pT=0.00000 accept_p=0.0000 u=0.0584 reject
ds4: b2: MERGED correction-anchor pending C=1812
ds4: dspark b2 cycle: n_accept=4 logical_commits=5 emitted_anchor=1 (drafts=3) | anchor=25.7 drafter=17.8 verify=85.5 accept=3.6 kv=1.4 total=133.9 ms
ds4: b2 ENTER first_token=1812 max=107 cap=17 temp=0.500 top_p=1.000 min_p=0.050
ds4: b2: main_hidden[0..5]=-0.7050 -2.0093 -8.3718 7.1394 -0.2267 -0.4098
ds4: b2: pos 0 OVERRIDE target-sampled draft=3980 temp=0.500
ds4: b2: pos 1 draft=14 qT=0.84084 pT=1.00000 accept_p=1.0000 u=0.9461 ACCEPT
ds4: b2: pos 2 draft=305 qT=1.00000 pT=0.60599 accept_p=0.6060 u=0.2679 ACCEPT
ds4: b2: pos 3 draft=1309 qT=0.15401 pT=0.00000 accept_p=0.0000 u=0.1462 reject
ds4: b2: MERGED correction-anchor pending C=1234
ds4: dspark b2 cycle: n_accept=4 logical_commits=5 emitted_anchor=1 (drafts=3) | anchor=25.7 drafter=17.7 verify=86.1 accept=3.6 kv=0.3 total=133.4 ms
ds4: b2 ENTER first_token=1234 max=103 cap=17 temp=0.500 top_p=1.000 min_p=0.050
ds4: b2: main_hidden[0..5]=2.9892 8.4138 -5.3791 -1.4344 5.5465 3.1701
ds4: b2: pos 0 OVERRIDE target-sampled draft=20586 temp=0.500
ds4: b2: pos 1 draft=517 qT=1.00000 pT=1.00000 accept_p=1.0000 u=0.7631 ACCEPT
ds4: b2: pos 2 draft=16 qT=0.93125 pT=1.00000 accept_p=1.0000 u=0.9481 ACCEPT
ds4: b2: pos 3 draft=21017 qT=1.00000 pT=0.00000 accept_p=0.0000 u=0.3014 reject
ds4: b2: MERGED correction-anchor pending C=455
ds4: dspark b2 cycle: n_accept=4 logical_commits=5 emitted_anchor=1 (drafts=3) | anchor=25.5 drafter=17.9 verify=85.7 accept=3.6 kv=1.3 total=134.0 ms
ds4: b2 ENTER first_token=455 max=99 cap=17 temp=0.500 top_p=1.000 min_p=0.050
ds4: b2: main_hidden[0..5]=2.9235 -1.7801 -7.8187 -1.8372 2.6620 3.4677
ds4: b2: pos 0 OVERRIDE target-sampled draft=3967 temp=0.500
ds4: b2: pos 1 draft=10059 qT=1.00000 pT=1.00000 accept_p=1.0000 u=0.3225 ACCEPT
ds4: b2: pos 2 draft=223 qT=0.64086 pT=1.00000 accept_p=1.0000 u=0.3571 ACCEPT
ds4: b2: pos 3 draft=20 qT=0.49200 pT=0.00000 accept_p=0.0000 u=0.6611 reject
ds4: b2: MERGED correction-anchor pending C=21
ds4: dspark b2 cycle: n_accept=4 logical_commits=5 emitted_anchor=1 (drafts=3) | anchor=25.1 drafter=17.8 verify=84.5 accept=3.7 kv=0.9 total=132.0 ms
ds4: b2 ENTER first_token=21 max=95 cap=17 temp=0.500 top_p=1.000 min_p=0.050
ds4: b2: main_hidden[0..5]=-2.2792 0.7253 1.4517 0.9473 -1.0022 4.5670
ds4: b2: pos 0 OVERRIDE target-sampled draft=15 temp=0.500
ds4: b2: pos 1 draft=22 qT=1.00000 pT=1.00000 accept_p=1.0000 u=0.1933 ACCEPT
ds4: b2: pos 2 draft=42830 qT=1.00000 pT=0.00000 accept_p=0.0000 u=0.2361 reject
ds4: b2: MERGED correction-anchor pending C=3107
ds4: dspark b2 cycle: n_accept=3 logical_commits=4 emitted_anchor=1 (drafts=2) | anchor=25.3 drafter=17.5 verify=84.9 accept=2.4 kv=1.4 total=131.5 ms
ds4: b2 ENTER first_token=3107 max=92 cap=17 temp=0.500 top_p=1.000 min_p=0.050
ds4: b2: main_hidden[0..5]=3.4679 5.5858 -3.1238 2.9552 2.1368 0.0904
ds4: b2: pos 0 OVERRIDE target-sampled draft=42830 temp=0.500
ds4: b2: pos 1 draft=16 qT=0.80765 pT=0.49201 accept_p=0.6092 u=0.5437 ACCEPT
ds4: b2: pos 2 draft=5715 qT=0.90565 pT=0.00000 accept_p=0.0000 u=0.0374 reject
ds4: b2: MERGED correction-anchor pending C=4480
ds4: dspark b2 cycle: n_accept=3 logical_commits=4 emitted_anchor=1 (drafts=2) | anchor=26.5 drafter=17.7 verify=83.2 accept=2.4 kv=1.0 total=130.9 ms
ds4: b2 ENTER first_token=4480 max=89 cap=17 temp=0.500 top_p=1.000 min_p=0.050
ds4: b2: main_hidden[0..5]=-0.2008 6.5194 -2.1986 -7.2568 9.3090 4.5648
ds4: b2: pos 0 OVERRIDE target-sampled draft=734 temp=0.500
ds4: b2: pos 1 draft=4456 qT=0.93482 pT=1.00000 accept_p=1.0000 u=0.6630 ACCEPT
ds4: b2: pos 2 draft=339 qT=0.34691 pT=0.00000 accept_p=0.0000 u=0.1993 reject
ds4: b2: MERGED correction-anchor pending C=979
ds4: dspark b2 cycle: n_accept=3 logical_commits=4 emitted_anchor=1 (drafts=2) | anchor=25.1 drafter=17.7 verify=84.5 accept=2.3 kv=1.3 total=131.0 ms
ds4: b2 ENTER first_token=979 max=86 cap=17 temp=0.500 top_p=1.000 min_p=0.050
ds4: b2: main_hidden[0..5]=-0.8309 4.5359 -0.6172 -5.7021 2.1730 -2.7184
ds4: b2: pos 0 OVERRIDE target-sampled draft=99832 temp=0.500
ds4: b2: pos 1 draft=223 qT=1.00000 pT=1.00000 accept_p=1.0000 u=0.7931 ACCEPT
ds4: b2: pos 2 draft=19 qT=1.00000 pT=1.00000 accept_p=1.0000 u=0.1945 ACCEPT
ds4: b2: pos 3 draft=28 qT=1.00000 pT=1.00000 accept_p=1.0000 u=0.2899 ACCEPT
ds4: b2: pos 4 draft=5930 qT=1.00000 pT=0.00000 accept_p=0.0000 u=0.9129 reject
ds4: b2: MERGED correction-anchor pending C=39285
ds4: dspark b2 cycle: n_accept=5 logical_commits=6 emitted_anchor=1 (drafts=4) | anchor=25.2 drafter=17.9 verify=85.1 accept=4.8 kv=1.2 total=134.2 ms
ds4: b2 ENTER first_token=39285 max=81 cap=17 temp=0.500 top_p=1.000 min_p=0.050
ds4: b2: main_hidden[0..5]=-0.8028 4.2453 -6.8040 -0.9624 3.5393 -1.4645
ds4: b2: pos 0 OVERRIDE target-sampled draft=71350 temp=0.500
ds4: b2: pos 1 draft=16846 qT=0.54888 pT=0.05007 accept_p=0.0912 u=0.2202 reject
ds4: b2: MERGED correction-anchor pending C=8062
ds4: dspark b2 cycle: n_accept=2 logical_commits=3 emitted_anchor=1 (drafts=1) | anchor=25.1 drafter=17.7 verify=84.6 accept=1.2 kv=0.3 total=128.8 ms
ds4: b2 ENTER first_token=8062 max=79 cap=17 temp=0.500 top_p=1.000 min_p=0.050
ds4: b2: main_hidden[0..5]=-0.3525 0.5661 -3.2805 0.2102 1.1415 -0.9654
ds4: b2: pos 0 OVERRIDE target-sampled draft=2408 temp=0.500
ds4: b2: pos 1 draft=1715 qT=1.00000 pT=1.00000 accept_p=1.0000 u=0.8721 ACCEPT
ds4: b2: pos 2 draft=1065 qT=1.00000 pT=1.00000 accept_p=1.0000 u=0.6900 ACCEPT
ds4: b2: pos 3 draft=20828 qT=1.00000 pT=1.00000 accept_p=1.0000 u=0.0358 ACCEPT
ds4: b2: pos 4 draft=16846 qT=1.00000 pT=0.73331 accept_p=0.7333 u=0.3078 ACCEPT
ds4: b2: pos 5 draft=16 qT=0.93727 pT=1.00000 accept_p=1.0000 u=0.2415 ACCEPT
ds4: b2: pos 6 draft=5930 qT=1.00000 pT=0.59243 accept_p=0.5924 u=0.4290 ACCEPT
ds4: dspark b2 cycle: n_accept=7 logical_commits=8 emitted_anchor=1 (drafts=7) | anchor=25.2 drafter=17.4 verify=84.7 accept=7.3 kv=0.0 total=134.6 ms
ds4: b2 ENTER first_token=20828 max=72 cap=17 temp=0.500 top_p=1.000 min_p=0.050
ds4: b2: main_hidden[0..5]=3.6785 0.9132 1.2181 3.5792 -1.7638 0.2894
ds4: b2: pos 0 OVERRIDE target-sampled draft=16846 temp=0.500
ds4: b2: pos 1 draft=344 qT=1.00000 pT=0.05856 accept_p=0.0586 u=0.6530 reject
ds4: b2: MERGED correction-anchor pending C=6382
ds4: dspark b2 cycle: n_accept=3 logical_commits=3 emitted_anchor=0 (drafts=1) | anchor=26.0 drafter=17.8 verify=84.6 accept=1.2 kv=0.3 total=130.0 ms
ds4: b2 ENTER first_token=6382 max=69 cap=17 temp=0.500 top_p=1.000 min_p=0.050
ds4: b2: main_hidden[0..5]=1.5867 -0.7665 0.1972 5.6526 -5.5130 -0.8560
ds4: b2: pos 0 OVERRIDE target-sampled draft=25454 temp=0.500
ds4: b2: pos 1 draft=304 qT=1.00000 pT=1.00000 accept_p=1.0000 u=0.8606 ACCEPT
ds4: b2: pos 2 draft=22218 qT=1.00000 pT=0.86116 accept_p=0.8612 u=0.1596 ACCEPT
ds4: b2: pos 3 draft=12846 qT=1.00000 pT=1.00000 accept_p=1.0000 u=0.9557 ACCEPT
ds4: b2: pos 4 draft=1936 qT=0.90803 pT=0.05993 accept_p=0.0660 u=0.2896 reject
ds4: b2: MERGED correction-anchor pending C=10300
ds4: dspark b2 cycle: n_accept=5 logical_commits=6 emitted_anchor=1 (drafts=4) | anchor=25.1 drafter=17.9 verify=84.8 accept=5.0 kv=0.9 total=133.6 ms
ds4: b2 ENTER first_token=10300 max=64 cap=17 temp=0.500 top_p=1.000 min_p=0.050
ds4: b2: main_hidden[0..5]=4.3761 -2.4985 -2.1008 4.0023 1.2407 0.2052
ds4: b2: pos 0 OVERRIDE target-sampled draft=294 temp=0.500
ds4: b2: pos 1 draft=1014 qT=1.00000 pT=1.00000 accept_p=1.0000 u=0.4705 ACCEPT
ds4: b2: pos 2 draft=14 qT=1.00000 pT=0.00000 accept_p=0.0000 u=0.0455 reject
ds4: b2: MERGED correction-anchor pending C=2951
ds4: dspark b2 cycle: n_accept=3 logical_commits=4 emitted_anchor=1 (drafts=2) | anchor=26.9 drafter=17.6 verify=85.4 accept=2.4 kv=1.4 total=133.7 ms
ds4: b2 ENTER first_token=2951 max=61 cap=17 temp=0.500 top_p=1.000 min_p=0.050
ds4: b2: main_hidden[0..5]=-0.8162 -3.5784 -3.0604 2.5813 1.8085 0.4059
ds4: b2: pos 0 OVERRIDE target-sampled draft=377 temp=0.500
ds4: b2: pos 1 draft=18888 qT=1.00000 pT=0.85803 accept_p=0.8580 u=0.6254 ACCEPT
ds4: b2: pos 2 draft=9935 qT=0.92265 pT=0.00000 accept_p=0.0000 u=0.1683 reject
ds4: b2: MERGED correction-anchor pending C=14531
ds4: dspark b2 cycle: n_accept=3 logical_commits=4 emitted_anchor=1 (drafts=2) | anchor=25.1 drafter=17.8 verify=86.3 accept=2.5 kv=1.0 total=132.7 ms
ds4: b2 ENTER first_token=14531 max=58 cap=17 temp=0.500 top_p=1.000 min_p=0.050
ds4: b2: main_hidden[0..5]=4.9222 3.2269 -7.4473 4.7951 -2.2956 -3.5108
ds4: b2: pos 0 OVERRIDE target-sampled draft=9935 temp=0.500
ds4: b2: pos 1 draft=16 qT=0.94743 pT=0.00000 accept_p=0.0000 u=0.5650 reject
ds4: b2: MERGED correction-anchor pending C=14
ds4: dspark b2 cycle: n_accept=2 logical_commits=3 emitted_anchor=1 (drafts=1) | anchor=25.9 drafter=17.9 verify=85.5 accept=1.2 kv=0.3 total=130.9 ms
ds4: b2 ENTER first_token=14 max=56 cap=17 temp=0.500 top_p=1.000 min_p=0.050
ds4: b2: main_hidden[0..5]=-1.0857 -0.7710 -5.4970 5.3913 -4.0770 4.8503
ds4: b2: pos 0 OVERRIDE target-sampled draft=1901 temp=0.500
ds4: b2: pos 1 draft=2408 qT=1.00000 pT=1.00000 accept_p=1.0000 u=0.3546 ACCEPT
ds4: b2: pos 2 draft=1715 qT=0.19061 pT=1.00000 accept_p=1.0000 u=0.1325 ACCEPT
ds4: b2: pos 3 draft=1065 qT=1.00000 pT=1.00000 accept_p=1.0000 u=0.4789 ACCEPT
ds4: b2: pos 4 draft=20828 qT=1.00000 pT=1.00000 accept_p=1.0000 u=0.0372 ACCEPT
ds4: b2: pos 5 draft=16846 qT=1.00000 pT=0.00000 accept_p=0.0000 u=0.6496 reject
ds4: b2: MERGED correction-anchor pending C=78297
ds4: dspark b2 cycle: n_accept=6 logical_commits=7 emitted_anchor=1 (drafts=5) | anchor=27.7 drafter=18.5 verify=85.1 accept=8.2 kv=1.5 total=140.9 ms
ds4: b2 ENTER first_token=78297 max=50 cap=17 temp=0.500 top_p=1.000 min_p=0.050
ds4: b2: main_hidden[0..5]=2.6024 4.7830 -1.4658 -1.2973 4.4571 -4.3911
ds4: b2: pos 0 OVERRIDE target-sampled draft=362 temp=0.500
ds4: b2: pos 1 draft=7717 qT=1.00000 pT=1.00000 accept_p=1.0000 u=0.8554 ACCEPT
ds4: b2: pos 2 draft=1529 qT=0.85376 pT=0.00000 accept_p=0.0000 u=0.7515 reject
ds4: b2: MERGED correction-anchor pending C=12230
ds4: dspark b2 cycle: n_accept=3 logical_commits=4 emitted_anchor=1 (drafts=2) | anchor=25.9 drafter=20.3 verify=87.1 accept=3.8 kv=1.1 total=138.2 ms
ds4: b2 ENTER first_token=12230 max=47 cap=17 temp=0.500 top_p=1.000 min_p=0.050
ds4: b2: main_hidden[0..5]=2.6743 2.4117 -8.8934 2.8076 5.6857 -1.6899
ds4: b2: pos 0 OVERRIDE target-sampled draft=16 temp=0.500
ds4: b2: pos 1 draft=5930 qT=0.67747 pT=1.00000 accept_p=1.0000 u=0.7936 ACCEPT
ds4: b2: pos 2 draft=20828 qT=1.00000 pT=1.00000 accept_p=1.0000 u=0.6560 ACCEPT
ds4: b2: pos 3 draft=16846 qT=1.00000 pT=0.00000 accept_p=0.0000 u=0.0530 reject
ds4: b2: MERGED correction-anchor pending C=28232
ds4: dspark b2 cycle: n_accept=4 logical_commits=5 emitted_anchor=1 (drafts=3) | anchor=26.0 drafter=20.1 verify=87.3 accept=4.4 kv=1.3 total=139.2 ms
ds4: b2 ENTER first_token=28232 max=43 cap=17 temp=0.500 top_p=1.000 min_p=0.050
ds4: b2: main_hidden[0..5]=1.4884 3.8846 0.4223 3.5398 -4.5581 -0.2941
ds4: b2: pos 0 OVERRIDE target-sampled draft=4197 temp=0.500
ds4: b2: pos 1 draft=790 qT=1.00000 pT=1.00000 accept_p=1.0000 u=0.2306 ACCEPT
ds4: b2: pos 2 draft=60146 qT=0.93647 pT=0.00000 accept_p=0.0000 u=0.7385 reject
ds4: b2: MERGED correction-anchor pending C=11027
ds4: dspark b2 cycle: n_accept=3 logical_commits=4 emitted_anchor=1 (drafts=2) | anchor=26.1 drafter=17.8 verify=85.6 accept=2.4 kv=1.3 total=133.2 ms
ds4: b2 ENTER first_token=11027 max=40 cap=17 temp=0.500 top_p=1.000 min_p=0.050
ds4: b2: main_hidden[0..5]=-2.2586 -0.7167 -4.1148 6.1119 -2.7215 -1.6438
ds4: b2: pos 0 OVERRIDE target-sampled draft=48895 temp=0.500
ds4: b2: pos 1 draft=1116 qT=0.77933 pT=1.00000 accept_p=1.0000 u=0.3757 ACCEPT
ds4: b2: pos 2 draft=28 qT=0.12495 pT=0.00000 accept_p=0.0000 u=0.6449 reject
ds4: b2: MERGED correction-anchor pending C=855
ds4: dspark b2 cycle: n_accept=3 logical_commits=4 emitted_anchor=1 (drafts=2) | anchor=27.7 drafter=17.8 verify=85.0 accept=2.7 kv=0.3 total=133.6 ms
ds4: b2 ENTER first_token=855 max=37 cap=17 temp=0.500 top_p=1.000 min_p=0.050
ds4: b2: main_hidden[0..5]=-4.4560 1.7046 -4.5843 6.3171 5.1321 3.1630
ds4: b2: pos 0 OVERRIDE target-sampled draft=18800 temp=0.500
ds4: b2: pos 1 draft=344 qT=0.94476 pT=0.00000 accept_p=0.0000 u=0.0659 reject
ds4: b2: MERGED correction-anchor pending C=7139
ds4: dspark b2 cycle: n_accept=2 logical_commits=3 emitted_anchor=1 (drafts=1) | anchor=26.6 drafter=19.0 verify=87.7 accept=1.5 kv=1.2 total=136.0 ms
ds4: b2 ENTER first_token=7139 max=35 cap=17 temp=0.500 top_p=1.000 min_p=0.050
ds4: b2: main_hidden[0..5]=1.8588 2.5947 -10.6364 3.8478 2.5012 -3.9500
ds4: b2: pos 0 OVERRIDE target-sampled draft=339 temp=0.500
ds4: b2: pos 1 draft=123589 qT=0.65413 pT=0.00000 accept_p=0.0000 u=0.4108 reject
ds4: b2: MERGED correction-anchor pending C=99832
ds4: dspark b2 cycle: n_accept=2 logical_commits=3 emitted_anchor=1 (drafts=1) | anchor=26.7 drafter=17.6 verify=87.3 accept=1.3 kv=0.3 total=133.2 ms
ds4: b2 ENTER first_token=99832 max=33 cap=17 temp=0.500 top_p=1.000 min_p=0.050
ds4: b2: main_hidden[0..5]=-0.4747 3.2327 -5.0598 1.7991 0.3656 0.3278
ds4: b2: pos 0 OVERRIDE target-sampled draft=223 temp=0.500
ds4: b2: pos 1 draft=20 qT=1.00000 pT=1.00000 accept_p=1.0000 u=0.2104 ACCEPT
ds4: b2: pos 2 draft=28 qT=1.00000 pT=1.00000 accept_p=1.0000 u=0.5581 ACCEPT
ds4: b2: pos 3 draft=28231 qT=1.00000 pT=0.20319 accept_p=0.2032 u=0.7853 reject
ds4: b2: MERGED correction-anchor pending C=7492
ds4: dspark b2 cycle: n_accept=4 logical_commits=5 emitted_anchor=1 (drafts=3) | anchor=26.5 drafter=18.2 verify=88.0 accept=3.7 kv=0.9 total=137.4 ms
ds4: b2 ENTER first_token=7492 max=29 cap=17 temp=0.500 top_p=1.000 min_p=0.050
ds4: b2: main_hidden[0..5]=0.9254 3.4364 -9.0462 7.4154 3.9053 -5.2373
ds4: b2: pos 0 OVERRIDE target-sampled draft=14531 temp=0.500
ds4: b2: pos 1 draft=6521 qT=1.00000 pT=1.00000 accept_p=1.0000 u=0.9958 ACCEPT
ds4: b2: pos 2 draft=92980 qT=1.00000 pT=1.00000 accept_p=1.0000 u=0.2400 ACCEPT
ds4: b2: pos 3 draft=685 qT=1.00000 pT=1.00000 accept_p=1.0000 u=0.2566 ACCEPT
ds4: b2: pos 4 draft=477 qT=1.00000 pT=1.00000 accept_p=1.0000 u=0.5932 ACCEPT
ds4: b2: pos 5 draft=14738 qT=0.70023 pT=1.00000 accept_p=1.0000 u=0.3292 ACCEPT
ds4: b2: pos 6 draft=16 qT=0.29705 pT=0.05758 accept_p=0.1938 u=0.2431 reject
ds4: b2: MERGED correction-anchor pending C=28
ds4: dspark b2 cycle: n_accept=7 logical_commits=8 emitted_anchor=1 (drafts=6) | anchor=26.7 drafter=18.2 verify=88.0 accept=7.5 kv=0.7 total=141.1 ms
ds4: b2 ENTER first_token=28 max=22 cap=17 temp=0.500 top_p=1.000 min_p=0.050
ds4: b2: main_hidden[0..5]=4.2355 1.0398 -5.7479 3.8366 -0.7773 3.9252
ds4: b2: pos 0 OVERRIDE target-sampled draft=2359 temp=0.500
ds4: b2: pos 1 draft=2231 qT=1.00000 pT=0.00000 accept_p=0.0000 u=0.3511 reject
ds4: b2: MERGED correction-anchor pending C=4776
ds4: dspark b2 cycle: n_accept=2 logical_commits=3 emitted_anchor=1 (drafts=1) | anchor=26.9 drafter=17.6 verify=86.7 accept=1.2 kv=0.3 total=132.7 ms
ds4: b2 ENTER first_token=4776 max=20 cap=17 temp=0.500 top_p=1.000 min_p=0.050
ds4: b2: main_hidden[0..5]=0.7602 -0.6970 -5.3168 0.9753 -5.0471 1.0142
ds4: b2: pos 0 OVERRIDE target-sampled draft=28499 temp=0.500
ds4: b2: pos 1 draft=304 qT=0.91356 pT=0.00000 accept_p=0.0000 u=0.1836 reject
ds4: b2: MERGED correction-anchor pending C=50015
ds4: dspark b2 cycle: n_accept=2 logical_commits=3 emitted_anchor=1 (drafts=1) | anchor=28.2 drafter=17.9 verify=86.1 accept=1.2 kv=1.2 total=134.6 ms
ds4: b2 ENTER first_token=50015 max=18 cap=17 temp=0.500 top_p=1.000 min_p=0.050
ds4: b2: main_hidden[0..5]=-0.0526 -3.5571 -6.1630 -0.5566 -0.6361 2.4897
ds4: b2: pos 0 OVERRIDE target-sampled draft=14 temp=0.500
ds4: b2: pos 1 draft=9257 qT=0.76966 pT=0.00000 accept_p=0.0000 u=0.0440 reject
ds4: b2: MERGED correction-anchor pending C=2406
ds4: dspark b2 cycle: n_accept=2 logical_commits=3 emitted_anchor=1 (drafts=1) | anchor=26.8 drafter=17.9 verify=85.6 accept=1.2 kv=0.3 total=131.8 ms
ds4: b2 ENTER first_token=2406 max=16 cap=17 temp=0.500 top_p=1.000 min_p=0.050
ds4: b2: main_hidden[0..5]=-4.5626 4.4572 -0.0594 5.5961 -0.8630 4.3680
ds4: b2: pos 0 OVERRIDE target-sampled draft=21822 temp=0.500
ds4: b2: pos 1 draft=1623 qT=0.30828 pT=0.00000 accept_p=0.0000 u=0.1186 reject
ds4: b2: MERGED correction-anchor pending C=710
ds4: dspark b2 cycle: n_accept=2 logical_commits=3 emitted_anchor=1 (drafts=1) | anchor=27.5 drafter=18.0 verify=84.0 accept=1.2 kv=0.3 total=131.0 ms
ds4: b2 ENTER first_token=710 max=14 cap=17 temp=0.500 top_p=1.000 min_p=0.050
ds4: b2: main_hidden[0..5]=-0.7570 4.5434 2.3909 7.2351 -4.7571 3.7266
ds4: b2: pos 0 OVERRIDE target-sampled draft=71350 temp=0.500
ds4: b2: pos 1 draft=1116 qT=1.00000 pT=0.81549 accept_p=0.8155 u=0.3148 ACCEPT
ds4: b2: pos 2 draft=14 qT=1.00000 pT=1.00000 accept_p=1.0000 u=0.9633 ACCEPT
ds4: b2: pos 3 draft=13922 qT=0.43861 pT=0.00000 accept_p=0.0000 u=0.1088 reject
ds4: b2: MERGED correction-anchor pending C=305
ds4: dspark b2 cycle: n_accept=4 logical_commits=5 emitted_anchor=1 (drafts=3) | anchor=25.9 drafter=17.7 verify=85.0 accept=3.7 kv=1.4 total=133.8 ms
ds4: b2 ENTER first_token=305 max=10 cap=17 temp=0.500 top_p=1.000 min_p=0.050
ds4: b2: main_hidden[0..5]=-1.2586 2.4110 -2.0472 -2.9909 -0.2867 4.7550
ds4: b2: pos 0 OVERRIDE target-sampled draft=1309 temp=0.500
ds4: b2: pos 1 draft=304 qT=1.00000 pT=1.00000 accept_p=1.0000 u=0.9983 ACCEPT
ds4: b2: pos 2 draft=322 qT=0.68573 pT=0.00000 accept_p=0.0000 u=0.0497 reject
ds4: b2: MERGED correction-anchor pending C=27650
ds4: dspark b2 cycle: n_accept=3 logical_commits=4 emitted_anchor=1 (drafts=2) | anchor=25.9 drafter=17.9 verify=85.4 accept=2.5 kv=0.7 total=132.4 ms
ds4: b2 ENTER first_token=27650 max=7 cap=17 temp=0.500 top_p=1.000 min_p=0.050
ds4: b2: main_hidden[0..5]=-4.7020 -0.5743 -3.5439 -0.6075 0.3438 5.3461
ds4: b2: pos 0 OVERRIDE target-sampled draft=4813 temp=0.500
ds4: b2: pos 1 draft=14 qT=0.24047 pT=0.00000 accept_p=0.0000 u=0.6921 reject
ds4: b2: MERGED correction-anchor pending C=3618
ds4: dspark b2 cycle: n_accept=2 logical_commits=3 emitted_anchor=1 (drafts=1) | anchor=25.9 drafter=17.6 verify=85.6 accept=1.2 kv=0.3 total=130.6 ms
ds4: b2 ENTER first_token=3618 max=5 cap=17 temp=0.500 top_p=1.000 min_p=0.050
ds4: b2: main_hidden[0..5]=1.6849 4.8799 -6.9189 -3.4854 0.7946 1.4659
ds4: b2: pos 0 OVERRIDE target-sampled draft=14 temp=0.500
ds4: b2: pos 1 draft=13922 qT=1.00000 pT=0.91492 accept_p=0.9149 u=0.9004 ACCEPT
ds4: b2: pos 2 draft=1669 qT=1.00000 pT=0.00000 accept_p=0.0000 u=0.3887 reject
ds4: b2: MERGED correction-anchor pending C=4197
ds4: dspark b2 cycle: n_accept=3 logical_commits=4 emitted_anchor=1 (drafts=2) | anchor=25.9 drafter=17.6 verify=85.5 accept=2.5 kv=1.4 total=132.8 ms
ds4: b2 ENTER first_token=4197 max=2 cap=17 temp=0.500 top_p=1.000 min_p=0.050
ds4: b2: main_hidden[0..5]=-0.0302 4.9932 -5.6255 -1.2851 -1.2028 -4.2312
ds4: b2: pos 0 OVERRIDE target-sampled draft=24057 temp=0.500
ds4: b2: pos 1 draft=16 qT=0.88445 pT=0.61398 accept_p=0.6942 u=0.0265 ACCEPT
ds4: b2: MERGED correction-anchor pending C=16
ds4: dspark b2 cycle: n_accept=2 logical_commits=3 emitted_anchor=1 (drafts=2) | anchor=25.9 drafter=17.7 verify=85.7 accept=1.2 kv=0.4 total=130.8 ms
ds4: prefill: 77.03 t/s, generation: 25.87 t/s
ds4: Metal cleanup discarded 11 live tensor handles
