ds4: Metal device Apple M5 Max, 128.00 GiB RAM
ds4: Metal 4 tensor API enabled for Tensor kernels
ds4: drift-patch flags hc_stable=on norm_unify=on kv_raw_f32=off rope_exp2_log2=off math_safe=off tensor_matmul=on
ds4: Metal model views created in 0.019 ms, residency requested in 1.159 ms, warmup 2.982 ms (mapped 126.25 MiB from offset 0.00 MiB)
ds4: Metal mapped mmaped model as 1 overlapping shared buffers
ds4: DSpark drafter loaded: ../ds4/gguf/dspark.gguf (3 mtp stages)
ds4: Metal model views created in 2.171 ms, residency requested in 817.057 ms, warmup 1.047 ms (mapped 82697.67 MiB from offset 5.09 MiB)
ds4: Metal mapped mmaped model as 3 overlapping shared buffers
ds4: Metal model views created in 0.302 ms, residency requested in 1361.316 ms, warmup 3.225 ms (mapped 10957.67 MiB from offset 0.01 MiB)
ds4: Metal mapped mmaped model as 4 overlapping shared buffers
ds4: metal backend initialized for graph diagnostics
ds4: context buffers 495.92 MiB (ctx=8192, backend=metal, prefill_chunk=4096, raw_kv_rows=4352, compressed_kv_rows=2050)
ds4: dispatch -> run_sampled_generation (temp=0.8 mtp=0 dspark=1)
ds4: b2 ENTER first_token=2581 max=128 cap=17 temp=0.800 top_p=1.000 min_p=0.050
ds4: b2: main_hidden[0..5]=1.6575 0.9929 -0.1991 0.4064 6.5112 -1.3568
ds4: b2: pos 0 OVERRIDE target-sampled draft=1309 temp=0.800
ds4: b2: verify-policy=margin_pos pos=1 draft=304 qT=1.000000 margin=1.000000 entropy=0.000000 rank=1 need=0.010000 keep=1
ds4: b2: verify-policy=margin_pos pos=2 draft=8470 qT=1.000000 margin=1.000000 entropy=0.000000 rank=1 need=0.008500 keep=1
ds4: b2: verify-policy=margin_pos pos=3 draft=270 qT=0.573938 margin=0.206979 entropy=0.853719 rank=1 need=0.007000 keep=1
ds4: b2: verify-policy=margin_pos pos=4 draft=2910 qT=0.347063 margin=0.118287 entropy=1.187035 rank=2 need=0.005500 keep=1
ds4: b2: verify-policy summary policy=margin_pos chosen=5 base=5 prob_min=0.030000 margin_min=0.010000 entropy_max=4.000000 rank_max=2
ds4: b2: pos 1 draft=304 qT=1.00000 pT=1.00000 accept_p=1.0000 u=0.0000 ACCEPT
ds4: b2: pos 2 draft=8470 qT=1.00000 pT=1.00000 accept_p=1.0000 u=0.0625 ACCEPT
ds4: b2: pos 3 draft=270 qT=0.57394 pT=0.03698 accept_p=0.0644 u=0.6059 reject
ds4: b2: MERGED correction-anchor pending C=71350
ds4: dspark b2 cycle: n_accept=5 logical_commits=5 emitted_anchor=0 (drafts=3) | anchor=25.9 drafter=17.1 verify=72.4 accept=3.6 kv=1.0 total=120.0 ms
ds4: b2 ENTER first_token=71350 max=123 cap=17 temp=0.800 top_p=1.000 min_p=0.050
ds4: b2: main_hidden[0..5]=1.4281 -1.1078 -4.7166 -1.7096 1.1423 1.3033
ds4: b2: pos 0 OVERRIDE target-sampled draft=8062 temp=0.800
ds4: b2: verify-policy=margin_pos pos=1 draft=16846 qT=0.816709 margin=0.689850 entropy=0.589511 rank=1 need=0.010000 keep=1
ds4: b2: verify-policy=margin_pos pos=2 draft=14 qT=1.000000 margin=1.000000 entropy=0.000000 rank=1 need=0.008500 keep=1
ds4: b2: verify-policy=margin_pos pos=3 draft=16846 qT=0.587845 margin=0.496549 entropy=1.394729 rank=1 need=0.007000 keep=1
ds4: b2: verify-policy=margin_pos pos=4 draft=14 qT=1.000000 margin=1.000000 entropy=0.000000 rank=1 need=0.005500 keep=1
ds4: b2: verify-policy summary policy=margin_pos chosen=5 base=5 prob_min=0.030000 margin_min=0.010000 entropy_max=4.000000 rank_max=2
ds4: b2: pos 1 draft=16846 qT=0.81671 pT=0.00000 accept_p=0.0000 u=0.5236 reject
ds4: b2: MERGED correction-anchor pending C=2408
ds4: dspark b2 cycle: n_accept=2 logical_commits=3 emitted_anchor=1 (drafts=1) | anchor=25.2 drafter=16.3 verify=70.7 accept=1.2 kv=0.3 total=113.9 ms
ds4: b2 ENTER first_token=2408 max=121 cap=17 temp=0.800 top_p=1.000 min_p=0.050
ds4: b2: main_hidden[0..5]=-2.2547 2.9421 -4.7951 -0.5240 3.6155 -1.5398
ds4: b2: pos 0 OVERRIDE target-sampled draft=1715 temp=0.800
ds4: b2: verify-policy=margin_pos pos=1 draft=1065 qT=1.000000 margin=1.000000 entropy=0.000000 rank=1 need=0.010000 keep=1
ds4: b2: verify-policy=margin_pos pos=2 draft=20828 qT=1.000000 margin=1.000000 entropy=0.000000 rank=1 need=0.008500 keep=1
ds4: b2: verify-policy=margin_pos pos=3 draft=16846 qT=1.000000 margin=1.000000 entropy=0.000000 rank=1 need=0.007000 keep=1
ds4: b2: verify-policy=margin_pos pos=4 draft=14 qT=1.000000 margin=1.000000 entropy=0.000000 rank=1 need=0.005500 keep=1
ds4: b2: verify-policy summary policy=margin_pos chosen=5 base=5 prob_min=0.030000 margin_min=0.010000 entropy_max=4.000000 rank_max=2
ds4: b2: pos 1 draft=1065 qT=1.00000 pT=1.00000 accept_p=1.0000 u=0.6339 ACCEPT
ds4: b2: pos 2 draft=20828 qT=1.00000 pT=1.00000 accept_p=1.0000 u=0.7741 ACCEPT
ds4: b2: pos 3 draft=16846 qT=1.00000 pT=0.88270 accept_p=0.8827 u=0.4892 ACCEPT
ds4: b2: pos 4 draft=14 qT=1.00000 pT=1.00000 accept_p=1.0000 u=0.4517 ACCEPT
ds4: dspark b2 cycle: n_accept=5 logical_commits=6 emitted_anchor=1 (drafts=5) | anchor=25.1 drafter=16.4 verify=71.9 accept=5.0 kv=0.0 total=118.3 ms
ds4: b2 ENTER first_token=3939 max=116 cap=17 temp=0.800 top_p=1.000 min_p=0.050
ds4: b2: main_hidden[0..5]=3.6271 1.7353 -9.4024 3.7188 2.9461 -2.2490
ds4: b2: pos 0 OVERRIDE target-sampled draft=14531 temp=0.800
ds4: b2: verify-policy=margin_pos pos=1 draft=6521 qT=1.000000 margin=1.000000 entropy=0.000000 rank=1 need=0.010000 keep=1
ds4: b2: verify-policy=margin_pos pos=2 draft=92980 qT=1.000000 margin=1.000000 entropy=0.000000 rank=1 need=0.008500 keep=1
ds4: b2: verify-policy=margin_pos pos=3 draft=685 qT=0.687174 margin=0.374348 entropy=0.621343 rank=1 need=0.007000 keep=1
ds4: b2: verify-policy=margin_pos pos=4 draft=477 qT=1.000000 margin=1.000000 entropy=0.000000 rank=1 need=0.005500 keep=1
ds4: b2: verify-policy summary policy=margin_pos chosen=5 base=5 prob_min=0.030000 margin_min=0.010000 entropy_max=4.000000 rank_max=2
ds4: b2: pos 1 draft=6521 qT=1.00000 pT=1.00000 accept_p=1.0000 u=0.1125 ACCEPT
ds4: b2: pos 2 draft=92980 qT=1.00000 pT=1.00000 accept_p=1.0000 u=0.9362 ACCEPT
ds4: b2: pos 3 draft=685 qT=0.68717 pT=1.00000 accept_p=1.0000 u=0.3053 ACCEPT
ds4: b2: pos 4 draft=477 qT=1.00000 pT=1.00000 accept_p=1.0000 u=0.5660 ACCEPT
ds4: dspark b2 cycle: n_accept=6 logical_commits=6 emitted_anchor=0 (drafts=5) | anchor=25.8 drafter=16.5 verify=70.4 accept=4.7 kv=0.0 total=117.4 ms
ds4: b2 ENTER first_token=14738 max=110 cap=17 temp=0.800 top_p=1.000 min_p=0.050
ds4: b2: main_hidden[0..5]=5.9636 2.6326 -7.9763 2.2091 -1.7789 -2.4282
ds4: b2: pos 0 OVERRIDE target-sampled draft=14 temp=0.800
ds4: b2: verify-policy=margin_pos pos=1 draft=305 qT=0.544032 margin=0.162632 entropy=0.941576 rank=1 need=0.010000 keep=1
ds4: b2: verify-policy=margin_pos pos=2 draft=14531 qT=1.000000 margin=1.000000 entropy=0.000000 rank=1 need=0.008500 keep=1
ds4: b2: verify-policy=margin_pos pos=3 draft=18800 qT=0.077754 margin=0.798153 entropy=0.456995 rank=2 need=0.007000 keep=1
ds4: b2: verify-policy=margin_pos pos=4 draft=14 qT=0.902112 margin=0.804225 entropy=0.320417 rank=1 need=0.005500 keep=1
ds4: b2: verify-policy summary policy=margin_pos chosen=5 base=5 prob_min=0.030000 margin_min=0.010000 entropy_max=4.000000 rank_max=2
ds4: b2: pos 1 draft=305 qT=0.54403 pT=0.00000 accept_p=0.0000 u=0.5372 reject
ds4: b2: MERGED correction-anchor pending C=1192
ds4: dspark b2 cycle: n_accept=3 logical_commits=3 emitted_anchor=0 (drafts=1) | anchor=25.8 drafter=16.0 verify=71.4 accept=1.3 kv=0.3 total=114.8 ms
ds4: b2 ENTER first_token=1192 max=107 cap=17 temp=0.800 top_p=1.000 min_p=0.050
ds4: b2: main_hidden[0..5]=4.2256 -2.7908 -10.4099 2.0840 0.0907 -2.3105
ds4: b2: pos 0 OVERRIDE target-sampled draft=14531 temp=0.800
ds4: b2: verify-policy=margin_pos pos=1 draft=54649 qT=0.851446 margin=0.702891 entropy=0.420193 rank=1 need=0.010000 keep=1
ds4: b2: verify-policy=margin_pos pos=2 draft=1347 qT=1.000000 margin=1.000000 entropy=0.000000 rank=1 need=0.008500 keep=1
ds4: b2: verify-policy=margin_pos pos=3 draft=3980 qT=0.720479 margin=0.549664 entropy=0.779292 rank=1 need=0.007000 keep=1
ds4: b2: verify-policy=margin_pos pos=4 draft=14 qT=1.000000 margin=1.000000 entropy=0.000000 rank=1 need=0.005500 keep=1
ds4: b2: verify-policy summary policy=margin_pos chosen=5 base=5 prob_min=0.030000 margin_min=0.010000 entropy_max=4.000000 rank_max=2
ds4: b2: pos 1 draft=54649 qT=0.85145 pT=0.10208 accept_p=0.1199 u=0.1061 ACCEPT
ds4: b2: pos 2 draft=1347 qT=1.00000 pT=1.00000 accept_p=1.0000 u=0.6606 ACCEPT
ds4: b2: pos 3 draft=3980 qT=0.72048 pT=1.00000 accept_p=1.0000 u=0.0584 ACCEPT
ds4: b2: pos 4 draft=14 qT=1.00000 pT=0.84411 accept_p=0.8441 u=0.4419 ACCEPT
ds4: dspark b2 cycle: n_accept=5 logical_commits=6 emitted_anchor=1 (drafts=5) | anchor=25.1 drafter=16.6 verify=70.2 accept=5.0 kv=0.0 total=116.9 ms
ds4: b2 ENTER first_token=305 max=102 cap=17 temp=0.800 top_p=1.000 min_p=0.050
ds4: b2: main_hidden[0..5]=3.9414 8.3108 -0.2723 -0.7090 2.0581 2.4159
ds4: b2: pos 0 OVERRIDE target-sampled draft=3475 temp=0.800
ds4: b2: verify-policy=margin_pos pos=1 draft=1234 qT=1.000000 margin=1.000000 entropy=0.000000 rank=1 need=0.010000 keep=1
ds4: b2: verify-policy=margin_pos pos=2 draft=15699 qT=0.864850 margin=0.792656 entropy=0.489423 rank=1 need=0.008500 keep=1
ds4: b2: verify-policy=margin_pos pos=3 draft=20586 qT=1.000000 margin=1.000000 entropy=0.000000 rank=1 need=0.007000 keep=1
ds4: b2: verify-policy=margin_pos pos=4 draft=517 qT=1.000000 margin=1.000000 entropy=0.000000 rank=1 need=0.005500 keep=1
ds4: b2: verify-policy summary policy=margin_pos chosen=5 base=5 prob_min=0.030000 margin_min=0.010000 entropy_max=4.000000 rank_max=2
ds4: b2: pos 1 draft=1234 qT=1.00000 pT=1.00000 accept_p=1.0000 u=0.9461 ACCEPT
ds4: b2: pos 2 draft=15699 qT=0.86485 pT=0.13203 accept_p=0.1527 u=0.2679 reject
ds4: b2: MERGED correction-anchor pending C=20586
ds4: dspark b2 cycle: n_accept=4 logical_commits=4 emitted_anchor=0 (drafts=2) | anchor=25.8 drafter=16.6 verify=71.6 accept=2.5 kv=1.3 total=117.8 ms
ds4: b2 ENTER first_token=20586 max=98 cap=17 temp=0.800 top_p=1.000 min_p=0.050
ds4: b2: main_hidden[0..5]=1.4723 2.2384 -10.2815 -1.6764 6.0762 1.7656
ds4: b2: pos 0 OVERRIDE target-sampled draft=517 temp=0.800
ds4: b2: verify-policy=margin_pos pos=1 draft=16 qT=1.000000 margin=1.000000 entropy=0.000000 rank=1 need=0.010000 keep=1
ds4: b2: verify-policy=margin_pos pos=2 draft=19018 qT=0.391409 margin=0.061508 entropy=1.222346 rank=1 need=0.008500 keep=1
ds4: b2: verify-policy=margin_pos pos=3 draft=1202 qT=0.532037 margin=0.325727 entropy=1.153939 rank=1 need=0.007000 keep=1
ds4: b2: verify-policy=margin_pos pos=4 draft=223 qT=1.000000 margin=1.000000 entropy=0.000000 rank=1 need=0.005500 keep=1
ds4: b2: verify-policy summary policy=margin_pos chosen=5 base=5 prob_min=0.030000 margin_min=0.010000 entropy_max=4.000000 rank_max=2
ds4: b2: pos 1 draft=16 qT=1.00000 pT=1.00000 accept_p=1.0000 u=0.3927 ACCEPT
ds4: b2: pos 2 draft=19018 qT=0.39141 pT=0.30408 accept_p=0.7769 u=0.7631 ACCEPT
ds4: b2: pos 3 draft=1202 qT=0.53204 pT=0.00000 accept_p=0.0000 u=0.9481 reject
ds4: b2: MERGED correction-anchor pending C=304
ds4: dspark b2 cycle: n_accept=4 logical_commits=5 emitted_anchor=1 (drafts=3) | anchor=25.2 drafter=16.8 verify=70.3 accept=3.7 kv=1.2 total=117.1 ms
ds4: b2 ENTER first_token=304 max=94 cap=17 temp=0.800 top_p=1.000 min_p=0.050
ds4: b2: main_hidden[0..5]=4.0715 -0.0912 -1.5701 -4.5358 3.0794 -1.9645
ds4: b2: pos 0 OVERRIDE target-sampled draft=223 temp=0.800
ds4: b2: verify-policy=margin_pos pos=1 draft=21 qT=1.000000 margin=1.000000 entropy=0.000000 rank=1 need=0.010000 keep=1
ds4: b2: verify-policy=margin_pos pos=2 draft=15 qT=1.000000 margin=1.000000 entropy=0.000000 rank=1 need=0.008500 keep=1
ds4: b2: verify-policy=margin_pos pos=3 draft=22 qT=1.000000 margin=1.000000 entropy=0.000000 rank=1 need=0.007000 keep=1
ds4: b2: verify-policy=margin_pos pos=4 draft=42830 qT=1.000000 margin=1.000000 entropy=0.000000 rank=1 need=0.005500 keep=1
ds4: b2: verify-policy summary policy=margin_pos chosen=5 base=5 prob_min=0.030000 margin_min=0.010000 entropy_max=4.000000 rank_max=2
ds4: b2: pos 1 draft=21 qT=1.00000 pT=1.00000 accept_p=1.0000 u=0.2085 ACCEPT
ds4: b2: pos 2 draft=15 qT=1.00000 pT=1.00000 accept_p=1.0000 u=0.3225 ACCEPT
ds4: b2: pos 3 draft=22 qT=1.00000 pT=1.00000 accept_p=1.0000 u=0.3571 ACCEPT
ds4: b2: pos 4 draft=42830 qT=1.00000 pT=0.00000 accept_p=0.0000 u=0.6611 reject
ds4: b2: MERGED correction-anchor pending C=3107
ds4: dspark b2 cycle: n_accept=5 logical_commits=6 emitted_anchor=1 (drafts=4) | anchor=25.1 drafter=16.1 verify=70.6 accept=4.9 kv=1.5 total=118.2 ms
ds4: b2 ENTER first_token=3107 max=89 cap=17 temp=0.800 top_p=1.000 min_p=0.050
ds4: b2: main_hidden[0..5]=3.7732 4.2215 -3.8028 3.4150 3.4215 -0.1464
ds4: b2: pos 0 OVERRIDE target-sampled draft=42830 temp=0.800
ds4: b2: verify-policy=margin_pos pos=1 draft=339 qT=0.228113 margin=0.543774 entropy=0.536986 rank=2 need=0.010000 keep=1
ds4: b2: verify-policy=margin_pos pos=2 draft=10318 qT=0.587281 margin=0.432909 entropy=1.206370 rank=1 need=0.008500 keep=1
ds4: b2: verify-policy=margin_pos pos=3 draft=15363 qT=0.209664 margin=0.017458 entropy=1.370044 rank=3 need=0.007000 keep=1
ds4: b2: verify-policy=margin_pos pos=4 draft=4456 qT=0.274946 margin=0.175086 entropy=1.196770 rank=2 need=0.005500 keep=1
ds4: b2: verify-policy summary policy=margin_pos chosen=5 base=5 prob_min=0.030000 margin_min=0.010000 entropy_max=4.000000 rank_max=2
ds4: b2: pos 1 draft=339 qT=0.22811 pT=0.34827 accept_p=1.0000 u=0.1933 ACCEPT
ds4: b2: pos 2 draft=10318 qT=0.58728 pT=0.95190 accept_p=1.0000 u=0.2361 ACCEPT
ds4: b2: pos 3 draft=15363 qT=0.20966 pT=0.62134 accept_p=1.0000 u=0.7442 ACCEPT
ds4: b2: pos 4 draft=4456 qT=0.27495 pT=0.00000 accept_p=0.0000 u=0.5437 reject
ds4: b2: MERGED correction-anchor pending C=28
ds4: dspark b2 cycle: n_accept=5 logical_commits=6 emitted_anchor=1 (drafts=4) | anchor=25.1 drafter=16.2 verify=71.3 accept=5.0 kv=1.4 total=119.0 ms
ds4: b2 ENTER first_token=28 max=84 cap=17 temp=0.800 top_p=1.000 min_p=0.050
ds4: b2: main_hidden[0..5]=-0.3087 3.4417 -10.9261 0.9786 6.2935 1.3565
ds4: b2: pos 0 OVERRIDE target-sampled draft=11348 temp=0.800
ds4: b2: verify-policy=margin_pos pos=1 draft=71350 qT=0.949356 margin=0.898712 entropy=0.200407 rank=1 need=0.010000 keep=1
ds4: b2: verify-policy=margin_pos pos=2 draft=16846 qT=1.000000 margin=1.000000 entropy=0.000000 rank=1 need=0.008500 keep=1
ds4: b2: verify-policy=margin_pos pos=3 draft=8062 qT=0.266197 margin=0.467606 entropy=0.579440 rank=2 need=0.007000 keep=1
ds4: b2: verify-policy=margin_pos pos=4 draft=2408 qT=0.664460 margin=0.485695 entropy=0.978249 rank=1 need=0.005500 keep=1
ds4: b2: verify-policy summary policy=margin_pos chosen=5 base=5 prob_min=0.030000 margin_min=0.010000 entropy_max=4.000000 rank_max=2
ds4: b2: pos 1 draft=71350 qT=0.94936 pT=1.00000 accept_p=1.0000 u=0.8930 ACCEPT
ds4: b2: pos 2 draft=16846 qT=1.00000 pT=0.26384 accept_p=0.2638 u=0.6630 reject
ds4: b2: MERGED correction-anchor pending C=305
ds4: dspark b2 cycle: n_accept=3 logical_commits=4 emitted_anchor=1 (drafts=2) | anchor=26.9 drafter=16.3 verify=70.8 accept=2.5 kv=1.1 total=117.6 ms
ds4: b2 ENTER first_token=305 max=81 cap=17 temp=0.800 top_p=1.000 min_p=0.050
ds4: b2: main_hidden[0..5]=-0.2053 0.7375 -4.9794 -2.3728 1.6661 -1.4618
ds4: b2: pos 0 OVERRIDE target-sampled draft=2408 temp=0.800
ds4: b2: verify-policy=margin_pos pos=1 draft=1715 qT=1.000000 margin=1.000000 entropy=0.000000 rank=1 need=0.010000 keep=1
ds4: b2: verify-policy=margin_pos pos=2 draft=1065 qT=1.000000 margin=1.000000 entropy=0.000000 rank=1 need=0.008500 keep=1
ds4: b2: verify-policy=margin_pos pos=3 draft=20828 qT=1.000000 margin=1.000000 entropy=0.000000 rank=1 need=0.007000 keep=1
ds4: b2: verify-policy=margin_pos pos=4 draft=16846 qT=1.000000 margin=1.000000 entropy=0.000000 rank=1 need=0.005500 keep=1
ds4: b2: verify-policy summary policy=margin_pos chosen=5 base=5 prob_min=0.030000 margin_min=0.010000 entropy_max=4.000000 rank_max=2
ds4: b2: pos 1 draft=1715 qT=1.00000 pT=1.00000 accept_p=1.0000 u=0.1323 ACCEPT
ds4: b2: pos 2 draft=1065 qT=1.00000 pT=1.00000 accept_p=1.0000 u=0.7931 ACCEPT
ds4: b2: pos 3 draft=20828 qT=1.00000 pT=1.00000 accept_p=1.0000 u=0.1945 ACCEPT
ds4: b2: pos 4 draft=16846 qT=1.00000 pT=0.37191 accept_p=0.3719 u=0.2899 ACCEPT
ds4: dspark b2 cycle: n_accept=5 logical_commits=6 emitted_anchor=1 (drafts=5) | anchor=25.2 drafter=16.4 verify=71.8 accept=4.9 kv=0.0 total=118.3 ms
ds4: b2 ENTER first_token=16 max=76 cap=17 temp=0.800 top_p=1.000 min_p=0.050
ds4: b2: main_hidden[0..5]=0.6767 0.8355 -9.6949 -0.1993 5.1177 1.5245
ds4: b2: pos 0 OVERRIDE target-sampled draft=10403 temp=0.800
ds4: b2: verify-policy=margin_pos pos=1 draft=1715 qT=1.000000 margin=1.000000 entropy=0.000000 rank=1 need=0.010000 keep=1
ds4: b2: verify-policy=margin_pos pos=2 draft=1065 qT=1.000000 margin=1.000000 entropy=0.000000 rank=1 need=0.008500 keep=1
ds4: b2: verify-policy=margin_pos pos=3 draft=20828 qT=1.000000 margin=1.000000 entropy=0.000000 rank=1 need=0.007000 keep=1
ds4: b2: verify-policy=margin_pos pos=4 draft=16846 qT=1.000000 margin=1.000000 entropy=0.000000 rank=1 need=0.005500 keep=1
ds4: b2: verify-policy summary policy=margin_pos chosen=5 base=5 prob_min=0.030000 margin_min=0.010000 entropy_max=4.000000 rank_max=2
ds4: b2: pos 1 draft=1715 qT=1.00000 pT=1.00000 accept_p=1.0000 u=0.9129 ACCEPT
ds4: b2: pos 2 draft=1065 qT=1.00000 pT=1.00000 accept_p=1.0000 u=0.9777 ACCEPT
ds4: b2: pos 3 draft=20828 qT=1.00000 pT=1.00000 accept_p=1.0000 u=0.2202 ACCEPT
ds4: b2: pos 4 draft=16846 qT=1.00000 pT=0.00000 accept_p=0.0000 u=0.0607 reject
ds4: b2: MERGED correction-anchor pending C=3189
ds4: dspark b2 cycle: n_accept=6 logical_commits=6 emitted_anchor=0 (drafts=4) | anchor=26.2 drafter=16.6 verify=70.6 accept=5.3 kv=1.1 total=119.8 ms
ds4: b2 ENTER first_token=3189 max=70 cap=17 temp=0.800 top_p=1.000 min_p=0.050
ds4: b2: main_hidden[0..5]=-2.2030 6.7096 -5.7912 1.4022 0.2890 5.3128
ds4: b2: pos 0 OVERRIDE target-sampled draft=12846 temp=0.800
ds4: b2: verify-policy=margin_pos pos=1 draft=477 qT=0.786828 margin=0.640008 entropy=0.650317 rank=1 need=0.010000 keep=1
ds4: b2: verify-policy=margin_pos pos=2 draft=20739 qT=0.216279 margin=0.567442 entropy=0.522158 rank=2 need=0.008500 keep=1
ds4: b2: verify-policy=margin_pos pos=3 draft=1353 qT=0.894917 margin=0.837069 entropy=0.408412 rank=1 need=0.007000 keep=1
ds4: b2: verify-policy=margin_pos pos=4 draft=1082 qT=0.903960 margin=0.853316 entropy=0.382720 rank=1 need=0.005500 keep=1
ds4: b2: verify-policy summary policy=margin_pos chosen=5 base=5 prob_min=0.030000 margin_min=0.010000 entropy_max=4.000000 rank_max=2
ds4: b2: pos 1 draft=477 qT=0.78683 pT=0.82665 accept_p=1.0000 u=0.6900 ACCEPT
ds4: b2: pos 2 draft=20739 qT=0.21628 pT=1.00000 accept_p=1.0000 u=0.0358 ACCEPT
ds4: b2: pos 3 draft=1353 qT=0.89492 pT=1.00000 accept_p=1.0000 u=0.3078 ACCEPT
ds4: b2: pos 4 draft=1082 qT=0.90396 pT=0.62834 accept_p=0.6951 u=0.2415 ACCEPT
ds4: dspark b2 cycle: n_accept=5 logical_commits=6 emitted_anchor=1 (drafts=5) | anchor=25.1 drafter=16.6 verify=70.5 accept=5.0 kv=0.0 total=117.2 ms
ds4: b2 ENTER first_token=786 max=65 cap=17 temp=0.800 top_p=1.000 min_p=0.050
ds4: b2: main_hidden[0..5]=2.2731 -0.0430 -5.6610 1.4031 -1.1047 -2.8130
ds4: b2: pos 0 OVERRIDE target-sampled draft=3083 temp=0.800
ds4: b2: verify-policy=margin_pos pos=1 draft=477 qT=1.000000 margin=1.000000 entropy=0.000000 rank=1 need=0.010000 keep=1
ds4: b2: verify-policy=margin_pos pos=2 draft=3459 qT=1.000000 margin=1.000000 entropy=0.000000 rank=1 need=0.008500 keep=1
ds4: b2: verify-policy=margin_pos pos=3 draft=16 qT=0.758799 margin=0.623194 entropy=0.790857 rank=1 need=0.007000 keep=1
ds4: b2: verify-policy=margin_pos pos=4 draft=25454 qT=0.731180 margin=0.622121 entropy=0.928076 rank=1 need=0.005500 keep=1
ds4: b2: verify-policy summary policy=margin_pos chosen=5 base=5 prob_min=0.030000 margin_min=0.010000 entropy_max=4.000000 rank_max=2
ds4: b2: pos 1 draft=477 qT=1.00000 pT=1.00000 accept_p=1.0000 u=0.4290 ACCEPT
ds4: b2: pos 2 draft=3459 qT=1.00000 pT=0.00000 accept_p=0.0000 u=0.6530 reject
ds4: b2: MERGED correction-anchor pending C=13533
ds4: dspark b2 cycle: n_accept=4 logical_commits=4 emitted_anchor=0 (drafts=2) | anchor=27.6 drafter=16.5 verify=72.7 accept=2.5 kv=1.4 total=120.7 ms
ds4: b2 ENTER first_token=13533 max=61 cap=17 temp=0.800 top_p=1.000 min_p=0.050
ds4: b2: main_hidden[0..5]=3.9797 -0.3306 -0.6334 1.0017 -1.7668 -4.0612
ds4: b2: pos 0 OVERRIDE target-sampled draft=4844 temp=0.800
ds4: b2: verify-policy=margin_pos pos=1 draft=16 qT=1.000000 margin=1.000000 entropy=0.000000 rank=1 need=0.010000 keep=1
ds4: b2: verify-policy=margin_pos pos=2 draft=10403 qT=1.000000 margin=1.000000 entropy=0.000000 rank=1 need=0.008500 keep=1
ds4: b2: verify-policy=margin_pos pos=3 draft=101616 qT=0.665174 margin=0.330348 entropy=0.637544 rank=1 need=0.007000 keep=1
ds4: b2: verify-policy=margin_pos pos=4 draft=7278 qT=0.664138 margin=0.328277 entropy=0.638252 rank=1 need=0.005500 keep=1
ds4: b2: verify-policy summary policy=margin_pos chosen=5 base=5 prob_min=0.030000 margin_min=0.010000 entropy_max=4.000000 rank_max=2
ds4: b2: pos 1 draft=16 qT=1.00000 pT=1.00000 accept_p=1.0000 u=0.8606 ACCEPT
ds4: b2: pos 2 draft=10403 qT=1.00000 pT=0.00000 accept_p=0.0000 u=0.1596 reject
ds4: b2: MERGED correction-anchor pending C=5930
ds4: dspark b2 cycle: n_accept=3 logical_commits=4 emitted_anchor=1 (drafts=2) | anchor=25.2 drafter=16.7 verify=74.0 accept=2.6 kv=1.2 total=119.7 ms
ds4: b2 ENTER first_token=5930 max=58 cap=17 temp=0.800 top_p=1.000 min_p=0.050
ds4: b2: main_hidden[0..5]=0.0851 2.1851 0.1981 4.5273 -0.4875 -0.2554
ds4: b2: pos 0 OVERRIDE target-sampled draft=20828 temp=0.800
ds4: b2: verify-policy=margin_pos pos=1 draft=16846 qT=1.000000 margin=1.000000 entropy=0.000000 rank=1 need=0.010000 keep=1
ds4: b2: verify-policy=margin_pos pos=2 draft=32388 qT=0.390704 margin=0.223593 entropy=1.654505 rank=1 need=0.008500 keep=1
ds4: b2: verify-policy=margin_pos pos=3 draft=304 qT=1.000000 margin=1.000000 entropy=0.000000 rank=1 need=0.007000 keep=1
ds4: b2: verify-policy=margin_pos pos=4 draft=6235 qT=0.324165 margin=0.351669 entropy=0.629970 rank=2 need=0.005500 keep=1
ds4: b2: verify-policy summary policy=margin_pos chosen=5 base=5 prob_min=0.030000 margin_min=0.010000 entropy_max=4.000000 rank_max=2
ds4: b2: pos 1 draft=16846 qT=1.00000 pT=0.00000 accept_p=0.0000 u=0.2896 reject
ds4: b2: MERGED correction-anchor pending C=3189
ds4: dspark b2 cycle: n_accept=2 logical_commits=3 emitted_anchor=1 (drafts=1) | anchor=26.0 drafter=16.8 verify=71.5 accept=1.3 kv=0.3 total=115.8 ms
ds4: b2 ENTER first_token=3189 max=56 cap=17 temp=0.800 top_p=1.000 min_p=0.050
ds4: b2: main_hidden[0..5]=3.1348 1.8371 -1.3887 5.3103 -5.9284 3.3369
ds4: b2: pos 0 OVERRIDE target-sampled draft=270 temp=0.800
ds4: b2: verify-policy=margin_pos pos=1 draft=16846 qT=0.065227 margin=0.869547 entropy=0.241113 rank=2 need=0.010000 keep=1
ds4: b2: verify-policy=margin_pos pos=2 draft=2951 qT=0.047765 margin=0.904470 entropy=0.191881 rank=2 need=0.008500 keep=1
ds4: b2: verify-policy=margin_pos pos=3 draft=377 qT=1.000000 margin=1.000000 entropy=0.000000 rank=1 need=0.007000 keep=1
ds4: b2: verify-policy=margin_pos pos=4 draft=42608 qT=0.026775 margin=0.007163 entropy=2.857327 rank=10 need=0.005500 keep=1
ds4: b2: verify-policy summary policy=margin_pos chosen=5 base=5 prob_min=0.030000 margin_min=0.010000 entropy_max=4.000000 rank_max=2
ds4: b2: pos 1 draft=16846 qT=0.06523 pT=0.00000 accept_p=0.0000 u=0.4705 reject
ds4: b2: MERGED correction-anchor pending C=25454
ds4: dspark b2 cycle: n_accept=2 logical_commits=3 emitted_anchor=1 (drafts=1) | anchor=27.5 drafter=16.7 verify=71.2 accept=1.3 kv=0.3 total=117.0 ms
ds4: b2 ENTER first_token=25454 max=54 cap=17 temp=0.800 top_p=1.000 min_p=0.050
ds4: b2: main_hidden[0..5]=5.8462 -3.3239 0.1165 5.5253 -2.0949 -0.0809
ds4: b2: pos 0 OVERRIDE target-sampled draft=111855 temp=0.800
ds4: b2: verify-policy=margin_pos pos=1 draft=10300 qT=0.786159 margin=0.660296 entropy=0.724826 rank=1 need=0.010000 keep=1
ds4: b2: verify-policy=margin_pos pos=2 draft=294 qT=0.869779 margin=0.739558 entropy=0.386807 rank=1 need=0.008500 keep=1
ds4: b2: verify-policy=margin_pos pos=3 draft=12846 qT=0.917929 margin=0.835859 entropy=0.283798 rank=1 need=0.007000 keep=1
ds4: b2: verify-policy=margin_pos pos=4 draft=2951 qT=0.118458 margin=0.027599 entropy=1.884979 rank=4 need=0.005500 keep=1
ds4: b2: verify-policy summary policy=margin_pos chosen=5 base=5 prob_min=0.030000 margin_min=0.010000 entropy_max=4.000000 rank_max=2
ds4: b2: pos 1 draft=10300 qT=0.78616 pT=0.00000 accept_p=0.0000 u=0.1834 reject
ds4: b2: MERGED correction-anchor pending C=778
ds4: dspark b2 cycle: n_accept=2 logical_commits=3 emitted_anchor=1 (drafts=1) | anchor=25.9 drafter=16.8 verify=71.7 accept=1.3 kv=0.3 total=116.0 ms
ds4: b2 ENTER first_token=778 max=52 cap=17 temp=0.800 top_p=1.000 min_p=0.050
ds4: b2: main_hidden[0..5]=-1.8355 1.1468 -4.7779 4.2186 -2.0997 -5.1894
ds4: b2: pos 0 OVERRIDE target-sampled draft=3618 temp=0.800
ds4: b2: verify-policy=margin_pos pos=1 draft=304 qT=0.406388 margin=0.187223 entropy=0.675517 rank=2 need=0.010000 keep=1
ds4: b2: verify-policy=margin_pos pos=2 draft=2188 qT=1.000000 margin=1.000000 entropy=0.000000 rank=1 need=0.008500 keep=1
ds4: b2: verify-policy=margin_pos pos=3 draft=1257 qT=0.451333 margin=0.060309 entropy=1.017458 rank=1 need=0.007000 keep=1
ds4: b2: verify-policy=margin_pos pos=4 draft=74638 qT=0.794410 margin=0.639467 entropy=0.622832 rank=1 need=0.005500 keep=1
ds4: b2: verify-policy summary policy=margin_pos chosen=5 base=5 prob_min=0.030000 margin_min=0.010000 entropy_max=4.000000 rank_max=2
ds4: b2: pos 1 draft=304 qT=0.40639 pT=0.88228 accept_p=1.0000 u=0.1683 ACCEPT
ds4: b2: pos 2 draft=2188 qT=1.00000 pT=0.76617 accept_p=0.7662 u=0.4407 ACCEPT
ds4: b2: pos 3 draft=1257 qT=0.45133 pT=0.00000 accept_p=0.0000 u=0.5650 reject
ds4: b2: MERGED correction-anchor pending C=343
ds4: dspark b2 cycle: n_accept=4 logical_commits=5 emitted_anchor=1 (drafts=3) | anchor=27.8 drafter=16.8 verify=71.6 accept=3.7 kv=1.1 total=121.1 ms
ds4: b2 ENTER first_token=343 max=48 cap=17 temp=0.800 top_p=1.000 min_p=0.050
ds4: b2: main_hidden[0..5]=5.6162 1.9835 -1.6486 2.4321 1.7358 -2.8611
ds4: b2: pos 0 OVERRIDE target-sampled draft=71 temp=0.800
ds4: b2: verify-policy=margin_pos pos=1 draft=3588 qT=1.000000 margin=1.000000 entropy=0.000000 rank=1 need=0.010000 keep=1
ds4: b2: verify-policy=margin_pos pos=2 draft=1042 qT=1.000000 margin=1.000000 entropy=0.000000 rank=1 need=0.008500 keep=1
ds4: b2: verify-policy=margin_pos pos=3 draft=1561 qT=0.292678 margin=0.359946 entropy=0.797067 rank=2 need=0.007000 keep=1
ds4: b2: verify-policy=margin_pos pos=4 draft=260 qT=1.000000 margin=1.000000 entropy=0.000000 rank=1 need=0.005500 keep=1
ds4: b2: verify-policy summary policy=margin_pos chosen=5 base=5 prob_min=0.030000 margin_min=0.010000 entropy_max=4.000000 rank_max=2
ds4: b2: pos 1 draft=3588 qT=1.00000 pT=1.00000 accept_p=1.0000 u=0.3546 ACCEPT
ds4: b2: pos 2 draft=1042 qT=1.00000 pT=1.00000 accept_p=1.0000 u=0.1325 ACCEPT
ds4: b2: pos 3 draft=1561 qT=0.29268 pT=0.61487 accept_p=1.0000 u=0.4789 ACCEPT
ds4: b2: pos 4 draft=260 qT=1.00000 pT=1.00000 accept_p=1.0000 u=0.0372 ACCEPT
ds4: dspark b2 cycle: n_accept=5 logical_commits=6 emitted_anchor=1 (drafts=5) | anchor=27.4 drafter=16.7 verify=70.9 accept=4.9 kv=0.0 total=119.9 ms
ds4: b2 ENTER first_token=14531 max=43 cap=17 temp=0.800 top_p=1.000 min_p=0.050
ds4: b2: main_hidden[0..5]=3.2849 -0.2420 -4.4883 3.7355 0.6058 -4.8933
ds4: b2: pos 0 OVERRIDE target-sampled draft=11 temp=0.800
ds4: b2: verify-policy=margin_pos pos=1 draft=305 qT=1.000000 margin=1.000000 entropy=0.000000 rank=1 need=0.010000 keep=1
ds4: b2: verify-policy=margin_pos pos=2 draft=74638 qT=1.000000 margin=1.000000 entropy=0.000000 rank=1 need=0.008500 keep=1
ds4: b2: verify-policy=margin_pos pos=3 draft=12846 qT=1.000000 margin=1.000000 entropy=0.000000 rank=1 need=0.007000 keep=1
ds4: b2: verify-policy=margin_pos pos=4 draft=1936 qT=1.000000 margin=1.000000 entropy=0.000000 rank=1 need=0.005500 keep=1
ds4: b2: verify-policy summary policy=margin_pos chosen=5 base=5 prob_min=0.030000 margin_min=0.010000 entropy_max=4.000000 rank_max=2
ds4: b2: pos 1 draft=305 qT=1.00000 pT=1.00000 accept_p=1.0000 u=0.6496 ACCEPT
ds4: b2: pos 2 draft=74638 qT=1.00000 pT=1.00000 accept_p=1.0000 u=0.7963 ACCEPT
ds4: b2: pos 3 draft=12846 qT=1.00000 pT=1.00000 accept_p=1.0000 u=0.8554 ACCEPT
ds4: b2: pos 4 draft=1936 qT=1.00000 pT=0.12064 accept_p=0.1206 u=0.7515 reject
ds4: b2: MERGED correction-anchor pending C=10300
ds4: dspark b2 cycle: n_accept=6 logical_commits=6 emitted_anchor=0 (drafts=4) | anchor=26.5 drafter=16.6 verify=71.5 accept=4.9 kv=1.1 total=120.7 ms
ds4: b2 ENTER first_token=10300 max=37 cap=17 temp=0.800 top_p=1.000 min_p=0.050
ds4: b2: main_hidden[0..5]=5.8604 -0.8261 -1.1528 0.8693 2.6892 -2.9378
ds4: b2: pos 0 OVERRIDE target-sampled draft=294 temp=0.800
ds4: b2: verify-policy=margin_pos pos=1 draft=1066 qT=0.267219 margin=0.107433 entropy=2.250947 rank=1 need=0.010000 keep=1
ds4: b2: verify-policy=margin_pos pos=2 draft=16 qT=0.809117 margin=0.618235 entropy=0.487500 rank=1 need=0.008500 keep=1
ds4: b2: verify-policy=margin_pos pos=3 draft=1162 qT=0.513081 margin=0.234669 entropy=1.226932 rank=1 need=0.007000 keep=1
ds4: b2: verify-policy=margin_pos pos=4 draft=2786 qT=0.080913 margin=0.448277 entropy=0.943252 rank=3 need=0.005500 keep=1
ds4: b2: verify-policy summary policy=margin_pos chosen=5 base=5 prob_min=0.030000 margin_min=0.010000 entropy_max=4.000000 rank_max=2
ds4: b2: pos 1 draft=1066 qT=0.26722 pT=0.00000 accept_p=0.0000 u=0.7936 reject
ds4: b2: MERGED correction-anchor pending C=1014
ds4: dspark b2 cycle: n_accept=2 logical_commits=3 emitted_anchor=1 (drafts=1) | anchor=25.9 drafter=16.8 verify=72.4 accept=1.3 kv=0.4 total=116.7 ms
ds4: b2 ENTER first_token=1014 max=35 cap=17 temp=0.800 top_p=1.000 min_p=0.050
ds4: b2: main_hidden[0..5]=6.2397 -1.2553 -2.6964 4.3282 -0.6358 1.5962
ds4: b2: pos 0 OVERRIDE target-sampled draft=14 temp=0.800
ds4: b2: verify-policy=margin_pos pos=1 draft=1539 qT=0.230709 margin=0.173653 entropy=1.811269 rank=2 need=0.010000 keep=1
ds4: b2: verify-policy=margin_pos pos=2 draft=22218 qT=0.309212 margin=0.021389 entropy=1.778228 rank=2 need=0.008500 keep=1
ds4: b2: verify-policy=margin_pos pos=3 draft=260 qT=0.080159 margin=0.171192 entropy=1.406943 rank=4 need=0.007000 keep=1
ds4: b2: verify-policy=margin_pos pos=4 draft=14531 qT=0.745079 margin=0.604243 entropy=0.816278 rank=1 need=0.005500 keep=1
ds4: b2: verify-policy summary policy=margin_pos chosen=5 base=5 prob_min=0.030000 margin_min=0.010000 entropy_max=4.000000 rank_max=2
ds4: b2: pos 1 draft=1539 qT=0.23071 pT=0.00000 accept_p=0.0000 u=0.0530 reject
ds4: b2: MERGED correction-anchor pending C=2406
ds4: dspark b2 cycle: n_accept=2 logical_commits=3 emitted_anchor=1 (drafts=1) | anchor=26.1 drafter=16.5 verify=71.7 accept=1.3 kv=0.3 total=115.9 ms
ds4: b2 ENTER first_token=2406 max=33 cap=17 temp=0.800 top_p=1.000 min_p=0.050
ds4: b2: main_hidden[0..5]=-3.6506 3.1653 -3.8003 0.9381 2.4776 1.3352
ds4: b2: pos 0 OVERRIDE target-sampled draft=21822 temp=0.800
ds4: b2: verify-policy=margin_pos pos=1 draft=3083 qT=0.506475 margin=0.012950 entropy=0.693063 rank=1 need=0.010000 keep=1
ds4: b2: verify-policy=margin_pos pos=2 draft=855 qT=1.000000 margin=1.000000 entropy=0.000000 rank=1 need=0.008500 keep=1
ds4: b2: verify-policy=margin_pos pos=3 draft=7139 qT=0.732266 margin=0.464532 entropy=0.580992 rank=1 need=0.007000 keep=1
ds4: b2: verify-policy=margin_pos pos=4 draft=16 qT=0.301411 margin=0.397178 entropy=0.612055 rank=2 need=0.005500 keep=1
ds4: b2: verify-policy summary policy=margin_pos chosen=5 base=5 prob_min=0.030000 margin_min=0.010000 entropy_max=4.000000 rank_max=2
ds4: b2: pos 1 draft=3083 qT=0.50648 pT=0.56868 accept_p=1.0000 u=0.2306 ACCEPT
ds4: b2: pos 2 draft=855 qT=1.00000 pT=1.00000 accept_p=1.0000 u=0.7385 ACCEPT
ds4: b2: pos 3 draft=7139 qT=0.73227 pT=0.38506 accept_p=0.5258 u=0.0350 ACCEPT
ds4: b2: pos 4 draft=16 qT=0.30141 pT=0.00000 accept_p=0.0000 u=0.3757 reject
ds4: b2: MERGED correction-anchor pending C=339
ds4: dspark b2 cycle: n_accept=5 logical_commits=6 emitted_anchor=1 (drafts=4) | anchor=25.9 drafter=16.8 verify=72.3 accept=5.0 kv=1.1 total=121.1 ms
ds4: b2 ENTER first_token=339 max=28 cap=17 temp=0.800 top_p=1.000 min_p=0.050
ds4: b2: main_hidden[0..5]=3.8051 -0.5472 -2.2572 -1.2163 3.2367 -3.3476
ds4: b2: pos 0 OVERRIDE target-sampled draft=18653 temp=0.800
ds4: b2: verify-policy=margin_pos pos=1 draft=15363 qT=1.000000 margin=1.000000 entropy=0.000000 rank=1 need=0.010000 keep=1
ds4: b2: verify-policy=margin_pos pos=2 draft=28 qT=1.000000 margin=1.000000 entropy=0.000000 rank=1 need=0.008500 keep=1
ds4: b2: verify-policy=margin_pos pos=3 draft=28231 qT=1.000000 margin=1.000000 entropy=0.000000 rank=1 need=0.007000 keep=1
ds4: b2: verify-policy=margin_pos pos=4 draft=14531 qT=0.048475 margin=0.433434 entropy=0.751097 rank=3 need=0.005500 keep=1
ds4: b2: verify-policy summary policy=margin_pos chosen=5 base=5 prob_min=0.030000 margin_min=0.010000 entropy_max=4.000000 rank_max=2
ds4: b2: pos 1 draft=15363 qT=1.00000 pT=1.00000 accept_p=1.0000 u=0.5415 ACCEPT
ds4: b2: pos 2 draft=28 qT=1.00000 pT=1.00000 accept_p=1.0000 u=0.0659 ACCEPT
ds4: b2: pos 3 draft=28231 qT=1.00000 pT=0.00000 accept_p=0.0000 u=0.3718 reject
ds4: b2: MERGED correction-anchor pending C=3939
ds4: dspark b2 cycle: n_accept=4 logical_commits=5 emitted_anchor=1 (drafts=3) | anchor=27.6 drafter=16.9 verify=71.6 accept=3.7 kv=1.3 total=121.1 ms
ds4: b2 ENTER first_token=3939 max=24 cap=17 temp=0.800 top_p=1.000 min_p=0.050
ds4: b2: main_hidden[0..5]=0.8354 4.4187 -9.5073 7.5855 4.4284 -3.4490
ds4: b2: pos 0 OVERRIDE target-sampled draft=14531 temp=0.800
ds4: b2: verify-policy=margin_pos pos=1 draft=6521 qT=1.000000 margin=1.000000 entropy=0.000000 rank=1 need=0.010000 keep=1
ds4: b2: verify-policy=margin_pos pos=2 draft=92980 qT=1.000000 margin=1.000000 entropy=0.000000 rank=1 need=0.008500 keep=1
ds4: b2: verify-policy=margin_pos pos=3 draft=685 qT=1.000000 margin=1.000000 entropy=0.000000 rank=1 need=0.007000 keep=1
ds4: b2: verify-policy=margin_pos pos=4 draft=477 qT=1.000000 margin=1.000000 entropy=0.000000 rank=1 need=0.005500 keep=1
ds4: b2: verify-policy summary policy=margin_pos chosen=5 base=5 prob_min=0.030000 margin_min=0.010000 entropy_max=4.000000 rank_max=2
ds4: b2: pos 1 draft=6521 qT=1.00000 pT=1.00000 accept_p=1.0000 u=0.9469 ACCEPT
ds4: b2: pos 2 draft=92980 qT=1.00000 pT=1.00000 accept_p=1.0000 u=0.2104 ACCEPT
ds4: b2: pos 3 draft=685 qT=1.00000 pT=1.00000 accept_p=1.0000 u=0.5581 ACCEPT
ds4: b2: pos 4 draft=477 qT=1.00000 pT=1.00000 accept_p=1.0000 u=0.7853 ACCEPT
ds4: dspark b2 cycle: n_accept=5 logical_commits=6 emitted_anchor=1 (drafts=5) | anchor=27.6 drafter=16.3 verify=70.5 accept=4.9 kv=0.0 total=119.3 ms
ds4: b2 ENTER first_token=14738 max=19 cap=17 temp=0.800 top_p=1.000 min_p=0.050
ds4: b2: main_hidden[0..5]=4.3589 1.6650 -5.9565 2.0744 6.9733 6.2966
ds4: b2: pos 0 OVERRIDE target-sampled draft=16 temp=0.800
ds4: b2: verify-policy=margin_pos pos=1 draft=2359 qT=0.583029 margin=0.380901 entropy=1.201542 rank=1 need=0.010000 keep=1
ds4: b2: verify-policy=margin_pos pos=2 draft=1309 qT=0.108689 margin=0.498112 entropy=1.107637 rank=3 need=0.008500 keep=1
ds4: b2: verify-policy=margin_pos pos=3 draft=304 qT=1.000000 margin=1.000000 entropy=0.000000 rank=1 need=0.007000 keep=1
ds4: b2: verify-policy=margin_pos pos=4 draft=86112 qT=0.046686 margin=0.295019 entropy=1.555659 rank=6 need=0.005500 keep=1
ds4: b2: verify-policy summary policy=margin_pos chosen=5 base=5 prob_min=0.030000 margin_min=0.010000 entropy_max=4.000000 rank_max=2
ds4: b2: pos 1 draft=2359 qT=0.58303 pT=1.00000 accept_p=1.0000 u=0.7687 ACCEPT
ds4: b2: pos 2 draft=1309 qT=0.10869 pT=0.00000 accept_p=0.0000 u=0.9958 reject
ds4: b2: MERGED correction-anchor pending C=4776
ds4: dspark b2 cycle: n_accept=4 logical_commits=4 emitted_anchor=0 (drafts=2) | anchor=26.5 drafter=16.3 verify=72.2 accept=2.5 kv=1.3 total=118.7 ms
ds4: b2 ENTER first_token=4776 max=15 cap=17 temp=0.800 top_p=1.000 min_p=0.050
ds4: b2: main_hidden[0..5]=0.6199 -0.5331 -4.1991 1.4874 -3.9064 0.9250
ds4: b2: pos 0 OVERRIDE target-sampled draft=28499 temp=0.800
ds4: b2: verify-policy=margin_pos pos=1 draft=93324 qT=0.577293 margin=0.407963 entropy=1.229538 rank=1 need=0.010000 keep=1
ds4: b2: verify-policy=margin_pos pos=2 draft=14 qT=0.830712 margin=0.763355 entropy=0.637682 rank=1 need=0.008500 keep=1
ds4: b2: verify-policy=margin_pos pos=3 draft=48895 qT=0.636609 margin=0.483073 entropy=1.127697 rank=1 need=0.007000 keep=1
ds4: b2: verify-policy=margin_pos pos=4 draft=1116 qT=0.569414 margin=0.401374 entropy=1.212720 rank=1 need=0.005500 keep=1
ds4: b2: verify-policy summary policy=margin_pos chosen=5 base=5 prob_min=0.030000 margin_min=0.010000 entropy_max=4.000000 rank_max=2
ds4: b2: pos 1 draft=93324 qT=0.57729 pT=0.00000 accept_p=0.0000 u=0.2566 reject
ds4: b2: MERGED correction-anchor pending C=50015
ds4: dspark b2 cycle: n_accept=2 logical_commits=3 emitted_anchor=1 (drafts=1) | anchor=25.9 drafter=16.7 verify=71.1 accept=1.2 kv=0.4 total=115.2 ms
ds4: b2 ENTER first_token=50015 max=13 cap=17 temp=0.800 top_p=1.000 min_p=0.050
ds4: b2: main_hidden[0..5]=0.2382 -2.4152 -6.1879 0.5294 0.3247 4.5546
ds4: b2: pos 0 OVERRIDE target-sampled draft=14 temp=0.800
ds4: b2: verify-policy=margin_pos pos=1 draft=322 qT=0.296498 margin=0.085689 entropy=1.492954 rank=2 need=0.010000 keep=1
ds4: b2: verify-policy=margin_pos pos=2 draft=101616 qT=0.676149 margin=0.352298 entropy=0.629738 rank=1 need=0.008500 keep=1
ds4: b2: verify-policy=margin_pos pos=3 draft=1782 qT=0.433220 margin=0.025158 entropy=1.020295 rank=1 need=0.007000 keep=1
ds4: b2: verify-policy=margin_pos pos=4 draft=14 qT=0.694355 margin=0.549313 entropy=0.917827 rank=1 need=0.005500 keep=1
ds4: b2: verify-policy summary policy=margin_pos chosen=5 base=5 prob_min=0.030000 margin_min=0.010000 entropy_max=4.000000 rank_max=2
ds4: b2: pos 1 draft=322 qT=0.29650 pT=0.00000 accept_p=0.0000 u=0.3292 reject
ds4: b2: MERGED correction-anchor pending C=48895
ds4: dspark b2 cycle: n_accept=2 logical_commits=3 emitted_anchor=1 (drafts=1) | anchor=26.1 drafter=16.5 verify=72.8 accept=1.2 kv=0.3 total=117.0 ms
ds4: b2 ENTER first_token=48895 max=11 cap=17 temp=0.800 top_p=1.000 min_p=0.050
ds4: b2: main_hidden[0..5]=1.3942 4.9690 0.7088 3.0728 -4.5907 -0.8320
ds4: b2: pos 0 OVERRIDE target-sampled draft=1116 temp=0.800
ds4: b2: verify-policy=margin_pos pos=1 draft=14 qT=1.000000 margin=1.000000 entropy=0.000000 rank=1 need=0.010000 keep=1
ds4: b2: verify-policy=margin_pos pos=2 draft=305 qT=1.000000 margin=1.000000 entropy=0.000000 rank=1 need=0.008500 keep=1
ds4: b2: verify-policy=margin_pos pos=3 draft=1309 qT=0.766279 margin=0.617684 entropy=0.697010 rank=1 need=0.007000 keep=1
ds4: b2: verify-policy=margin_pos pos=4 draft=304 qT=1.000000 margin=1.000000 entropy=0.000000 rank=1 need=0.005500 keep=1
ds4: b2: verify-policy summary policy=margin_pos chosen=5 base=5 prob_min=0.030000 margin_min=0.010000 entropy_max=4.000000 rank_max=2
ds4: b2: pos 1 draft=14 qT=1.00000 pT=1.00000 accept_p=1.0000 u=0.2305 ACCEPT
ds4: b2: pos 2 draft=305 qT=1.00000 pT=1.00000 accept_p=1.0000 u=0.3511 ACCEPT
ds4: b2: pos 3 draft=1309 qT=0.76628 pT=0.06368 accept_p=0.0831 u=0.4193 reject
ds4: b2: MERGED correction-anchor pending C=4197
ds4: dspark b2 cycle: n_accept=4 logical_commits=5 emitted_anchor=1 (drafts=3) | anchor=26.2 drafter=16.2 verify=71.4 accept=3.5 kv=1.3 total=118.6 ms
ds4: b2 ENTER first_token=4197 max=7 cap=17 temp=0.800 top_p=1.000 min_p=0.050
ds4: b2: main_hidden[0..5]=0.5376 3.0881 -5.3529 0.4018 2.2527 -2.8072
ds4: b2: pos 0 OVERRIDE target-sampled draft=24057 temp=0.800
ds4: b2: verify-policy=margin_pos pos=1 draft=339 qT=0.310107 margin=0.379785 entropy=0.619186 rank=2 need=0.010000 keep=1
ds4: b2: verify-policy=margin_pos pos=2 draft=40550 qT=1.000000 margin=1.000000 entropy=0.000000 rank=1 need=0.008500 keep=1
ds4: b2: verify-policy=margin_pos pos=3 draft=14531 qT=0.476300 margin=0.061499 entropy=0.959748 rank=1 need=0.007000 keep=1
ds4: b2: verify-policy=margin_pos pos=4 draft=18800 qT=0.131518 margin=0.122438 entropy=1.557297 rank=5 need=0.005500 keep=1
ds4: b2: verify-policy summary policy=margin_pos chosen=5 base=5 prob_min=0.030000 margin_min=0.010000 entropy_max=4.000000 rank_max=2
ds4: b2: pos 1 draft=339 qT=0.31011 pT=0.05192 accept_p=0.1674 u=0.2153 reject
ds4: b2: MERGED correction-anchor pending C=1754
ds4: dspark b2 cycle: n_accept=2 logical_commits=3 emitted_anchor=1 (drafts=1) | anchor=25.9 drafter=16.6 verify=71.4 accept=1.2 kv=0.3 total=115.5 ms
ds4: b2 ENTER first_token=1754 max=5 cap=17 temp=0.800 top_p=1.000 min_p=0.050
ds4: b2: main_hidden[0..5]=-2.0240 2.4024 -6.4791 5.0649 -2.0270 5.9619
ds4: b2: pos 0 OVERRIDE target-sampled draft=270 temp=0.800
ds4: b2: verify-policy=margin_pos pos=1 draft=25454 qT=0.297621 margin=0.022220 entropy=1.551881 rank=1 need=0.010000 keep=1
ds4: b2: verify-policy=margin_pos pos=2 draft=2231 qT=0.409019 margin=0.160713 entropy=1.504436 rank=1 need=0.008500 keep=1
ds4: b2: verify-policy=margin_pos pos=3 draft=366 qT=0.864753 margin=0.729506 entropy=0.396240 rank=1 need=0.007000 keep=1
ds4: b2: verify-policy=margin_pos pos=4 draft=20739 qT=0.927875 margin=0.855751 entropy=0.259100 rank=1 need=0.005500 keep=1
ds4: b2: verify-policy summary policy=margin_pos chosen=5 base=5 prob_min=0.030000 margin_min=0.010000 entropy_max=4.000000 rank_max=2
ds4: b2: pos 1 draft=25454 qT=0.29762 pT=1.00000 accept_p=1.0000 u=0.4525 ACCEPT
ds4: b2: pos 2 draft=2231 qT=0.40902 pT=0.51114 accept_p=1.0000 u=0.1186 ACCEPT
ds4: b2: pos 3 draft=366 qT=0.86475 pT=0.00000 accept_p=0.0000 u=0.9575 reject
ds4: b2: MERGED correction-anchor pending C=75746
ds4: dspark b2 cycle: n_accept=4 logical_commits=5 emitted_anchor=1 (drafts=3) | anchor=26.0 drafter=16.5 verify=72.9 accept=3.6 kv=1.2 total=120.1 ms
ds4: b2 ENTER first_token=75746 max=1 cap=17 temp=0.800 top_p=1.000 min_p=0.050
ds4: b2: main_hidden[0..5]=-5.3379 4.3370 -1.9355 7.6165 -1.1746 1.3498
ds4: b2: pos 0 OVERRIDE target-sampled draft=710 temp=0.800
ds4: b2: verify-policy=margin_pos pos=1 draft=3083 qT=0.352283 margin=0.101037 entropy=1.250318 rank=2 need=0.010000 keep=1
ds4: b2: verify-policy=margin_pos pos=2 draft=305 qT=1.000000 margin=1.000000 entropy=0.000000 rank=1 need=0.008500 keep=1
ds4: b2: verify-policy=margin_pos pos=3 draft=322 qT=0.927842 margin=0.855684 entropy=0.259185 rank=1 need=0.007000 keep=1
ds4: b2: verify-policy=margin_pos pos=4 draft=101616 qT=1.000000 margin=1.000000 entropy=0.000000 rank=1 need=0.005500 keep=1
ds4: b2: verify-policy summary policy=margin_pos chosen=5 base=5 prob_min=0.030000 margin_min=0.010000 entropy_max=4.000000 rank_max=2
ds4: b2: MERGED correction-anchor pending C=710
ds4: dspark b2 cycle: n_accept=1 logical_commits=2 emitted_anchor=1 (drafts=1) | anchor=25.8 drafter=16.5 verify=72.0 accept=0.0 kv=0.3 total=114.5 ms
ds4: prefill: 76.87 t/s, generation: 31.87 t/s
ds4: Metal cleanup discarded 11 live tensor handles
