ds4: Metal device Apple M5 Max, 128.00 GiB RAM
ds4: Metal 4 tensor API enabled for Tensor kernels
ds4: drift-patch flags hc_stable=on norm_unify=on kv_raw_f32=off rope_exp2_log2=off math_safe=off tensor_matmul=on
ds4: Metal model views created in 0.019 ms, residency requested in 1.181 ms, warmup 2.835 ms (mapped 126.25 MiB from offset 0.00 MiB)
ds4: Metal mapped mmaped model as 1 overlapping shared buffers
ds4: DSpark drafter loaded: ../ds4/gguf/dspark.gguf (3 mtp stages)
ds4: Metal model views created in 2.058 ms, residency requested in 831.113 ms, warmup 1.366 ms (mapped 82697.67 MiB from offset 5.09 MiB)
ds4: Metal mapped mmaped model as 3 overlapping shared buffers
ds4: Metal model views created in 0.266 ms, residency requested in 1353.089 ms, warmup 3.050 ms (mapped 10957.67 MiB from offset 0.01 MiB)
ds4: Metal mapped mmaped model as 4 overlapping shared buffers
ds4: metal backend initialized for graph diagnostics
ds4: context buffers 495.92 MiB (ctx=8192, backend=metal, prefill_chunk=4096, raw_kv_rows=4352, compressed_kv_rows=2050)
ds4: dispatch -> run_sampled_generation (temp=0.5 mtp=0 dspark=1)
ds4: b2 ENTER first_token=2581 max=128 cap=17 temp=0.500 top_p=1.000 min_p=0.050
ds4: b2: main_hidden[0..5]=1.6575 0.9929 -0.1991 0.4064 6.5112 -1.3568
ds4: b2: pos 0 OVERRIDE target-sampled draft=1309 temp=0.500
ds4: b2: verify-policy=margin_pos pos=1 draft=304 qT=1.000000 margin=1.000000 entropy=0.000000 rank=1 need=0.010000 keep=1
ds4: b2: verify-policy=margin_pos pos=2 draft=8470 qT=1.000000 margin=1.000000 entropy=0.000000 rank=1 need=0.008500 keep=1
ds4: b2: verify-policy=margin_pos pos=3 draft=270 qT=0.671645 margin=0.343289 entropy=0.633008 rank=1 need=0.007000 keep=1
ds4: b2: verify-policy=margin_pos pos=4 draft=2910 qT=0.355095 margin=0.212631 entropy=0.886756 rank=2 need=0.005500 keep=1
ds4: b2: verify-policy summary policy=margin_pos chosen=5 base=5 prob_min=0.030000 margin_min=0.010000 entropy_max=4.000000 rank_max=2
ds4: b2: pos 1 draft=304 qT=1.00000 pT=1.00000 accept_p=1.0000 u=0.0000 ACCEPT
ds4: b2: pos 2 draft=8470 qT=1.00000 pT=1.00000 accept_p=1.0000 u=0.0625 ACCEPT
ds4: b2: pos 3 draft=270 qT=0.67164 pT=0.00000 accept_p=0.0000 u=0.6059 reject
ds4: b2: MERGED correction-anchor pending C=71350
ds4: dspark b2 cycle: n_accept=5 logical_commits=5 emitted_anchor=0 (drafts=3) | anchor=26.1 drafter=17.1 verify=72.2 accept=3.8 kv=0.9 total=120.1 ms
ds4: b2 ENTER first_token=71350 max=123 cap=17 temp=0.500 top_p=1.000 min_p=0.050
ds4: b2: main_hidden[0..5]=1.4281 -1.1078 -4.7166 -1.7096 1.1423 1.3033
ds4: b2: pos 0 OVERRIDE target-sampled draft=8062 temp=0.500
ds4: b2: verify-policy=margin_pos pos=1 draft=16846 qT=0.951641 margin=0.903282 entropy=0.193655 rank=1 need=0.010000 keep=1
ds4: b2: verify-policy=margin_pos pos=2 draft=14 qT=1.000000 margin=1.000000 entropy=0.000000 rank=1 need=0.008500 keep=1
ds4: b2: verify-policy=margin_pos pos=3 draft=16846 qT=0.951651 margin=0.903302 entropy=0.193625 rank=1 need=0.007000 keep=1
ds4: b2: verify-policy=margin_pos pos=4 draft=14 qT=1.000000 margin=1.000000 entropy=0.000000 rank=1 need=0.005500 keep=1
ds4: b2: verify-policy summary policy=margin_pos chosen=5 base=5 prob_min=0.030000 margin_min=0.010000 entropy_max=4.000000 rank_max=2
ds4: b2: pos 1 draft=16846 qT=0.95164 pT=0.00000 accept_p=0.0000 u=0.5236 reject
ds4: b2: MERGED correction-anchor pending C=2408
ds4: dspark b2 cycle: n_accept=2 logical_commits=3 emitted_anchor=1 (drafts=1) | anchor=25.0 drafter=15.9 verify=69.0 accept=1.2 kv=0.3 total=111.5 ms
ds4: b2 ENTER first_token=2408 max=121 cap=17 temp=0.500 top_p=1.000 min_p=0.050
ds4: b2: main_hidden[0..5]=-2.2547 2.9421 -4.7951 -0.5240 3.6155 -1.5398
ds4: b2: pos 0 OVERRIDE target-sampled draft=1715 temp=0.500
ds4: b2: verify-policy=margin_pos pos=1 draft=1065 qT=1.000000 margin=1.000000 entropy=0.000000 rank=1 need=0.010000 keep=1
ds4: b2: verify-policy=margin_pos pos=2 draft=20828 qT=1.000000 margin=1.000000 entropy=0.000000 rank=1 need=0.008500 keep=1
ds4: b2: verify-policy=margin_pos pos=3 draft=16846 qT=1.000000 margin=1.000000 entropy=0.000000 rank=1 need=0.007000 keep=1
ds4: b2: verify-policy=margin_pos pos=4 draft=14 qT=1.000000 margin=1.000000 entropy=0.000000 rank=1 need=0.005500 keep=1
ds4: b2: verify-policy summary policy=margin_pos chosen=5 base=5 prob_min=0.030000 margin_min=0.010000 entropy_max=4.000000 rank_max=2
ds4: b2: pos 1 draft=1065 qT=1.00000 pT=1.00000 accept_p=1.0000 u=0.6339 ACCEPT
ds4: b2: pos 2 draft=20828 qT=1.00000 pT=1.00000 accept_p=1.0000 u=0.7741 ACCEPT
ds4: b2: pos 3 draft=16846 qT=1.00000 pT=1.00000 accept_p=1.0000 u=0.4892 ACCEPT
ds4: b2: pos 4 draft=14 qT=1.00000 pT=1.00000 accept_p=1.0000 u=0.4517 ACCEPT
ds4: dspark b2 cycle: n_accept=5 logical_commits=6 emitted_anchor=1 (drafts=5) | anchor=25.3 drafter=16.5 verify=71.1 accept=4.9 kv=0.0 total=117.8 ms
ds4: b2 ENTER first_token=3939 max=116 cap=17 temp=0.500 top_p=1.000 min_p=0.050
ds4: b2: main_hidden[0..5]=3.6271 1.7353 -9.4024 3.7188 2.9461 -2.2490
ds4: b2: pos 0 OVERRIDE target-sampled draft=14531 temp=0.500
ds4: b2: verify-policy=margin_pos pos=1 draft=6521 qT=1.000000 margin=1.000000 entropy=0.000000 rank=1 need=0.010000 keep=1
ds4: b2: verify-policy=margin_pos pos=2 draft=92980 qT=1.000000 margin=1.000000 entropy=0.000000 rank=1 need=0.008500 keep=1
ds4: b2: verify-policy=margin_pos pos=3 draft=685 qT=0.778872 margin=0.557744 entropy=0.528332 rank=1 need=0.007000 keep=1
ds4: b2: verify-policy=margin_pos pos=4 draft=477 qT=1.000000 margin=1.000000 entropy=0.000000 rank=1 need=0.005500 keep=1
ds4: b2: verify-policy summary policy=margin_pos chosen=5 base=5 prob_min=0.030000 margin_min=0.010000 entropy_max=4.000000 rank_max=2
ds4: b2: pos 1 draft=6521 qT=1.00000 pT=1.00000 accept_p=1.0000 u=0.1125 ACCEPT
ds4: b2: pos 2 draft=92980 qT=1.00000 pT=1.00000 accept_p=1.0000 u=0.9362 ACCEPT
ds4: b2: pos 3 draft=685 qT=0.77887 pT=1.00000 accept_p=1.0000 u=0.3053 ACCEPT
ds4: b2: pos 4 draft=477 qT=1.00000 pT=1.00000 accept_p=1.0000 u=0.5660 ACCEPT
ds4: dspark b2 cycle: n_accept=6 logical_commits=6 emitted_anchor=0 (drafts=5) | anchor=25.8 drafter=16.4 verify=70.4 accept=4.7 kv=0.0 total=117.4 ms
ds4: b2 ENTER first_token=14738 max=110 cap=17 temp=0.500 top_p=1.000 min_p=0.050
ds4: b2: main_hidden[0..5]=5.9636 2.6326 -7.9763 2.2091 -1.7789 -2.4282
ds4: b2: pos 0 OVERRIDE target-sampled draft=14 temp=0.500
ds4: b2: verify-policy=margin_pos pos=1 draft=305 qT=0.638361 margin=0.276721 entropy=0.654356 rank=1 need=0.010000 keep=1
ds4: b2: verify-policy=margin_pos pos=2 draft=14531 qT=1.000000 margin=1.000000 entropy=0.000000 rank=1 need=0.008500 keep=1
ds4: b2: verify-policy=margin_pos pos=3 draft=53510 qT=1.000000 margin=1.000000 entropy=0.000000 rank=1 need=0.007000 keep=1
ds4: b2: verify-policy=margin_pos pos=4 draft=14 qT=1.000000 margin=1.000000 entropy=0.000000 rank=1 need=0.005500 keep=1
ds4: b2: verify-policy summary policy=margin_pos chosen=5 base=5 prob_min=0.030000 margin_min=0.010000 entropy_max=4.000000 rank_max=2
ds4: b2: pos 1 draft=305 qT=0.63836 pT=0.00000 accept_p=0.0000 u=0.5372 reject
ds4: b2: MERGED correction-anchor pending C=1192
ds4: dspark b2 cycle: n_accept=3 logical_commits=3 emitted_anchor=0 (drafts=1) | anchor=25.9 drafter=16.2 verify=70.8 accept=1.2 kv=0.4 total=114.5 ms
ds4: b2 ENTER first_token=1192 max=107 cap=17 temp=0.500 top_p=1.000 min_p=0.050
ds4: b2: main_hidden[0..5]=4.2256 -2.7908 -10.4099 2.0840 0.0907 -2.3105
ds4: b2: pos 0 OVERRIDE target-sampled draft=14531 temp=0.500
ds4: b2: verify-policy=margin_pos pos=1 draft=54649 qT=0.942328 margin=0.884655 entropy=0.220514 rank=1 need=0.010000 keep=1
ds4: b2: verify-policy=margin_pos pos=2 draft=1347 qT=1.000000 margin=1.000000 entropy=0.000000 rank=1 need=0.008500 keep=1
ds4: b2: verify-policy=margin_pos pos=3 draft=3980 qT=0.909120 margin=0.818241 entropy=0.304568 rank=1 need=0.007000 keep=1
ds4: b2: verify-policy=margin_pos pos=4 draft=14 qT=1.000000 margin=1.000000 entropy=0.000000 rank=1 need=0.005500 keep=1
ds4: b2: verify-policy summary policy=margin_pos chosen=5 base=5 prob_min=0.030000 margin_min=0.010000 entropy_max=4.000000 rank_max=2
ds4: b2: pos 1 draft=54649 qT=0.94233 pT=0.00000 accept_p=0.0000 u=0.1061 reject
ds4: b2: MERGED correction-anchor pending C=53510
ds4: dspark b2 cycle: n_accept=2 logical_commits=3 emitted_anchor=1 (drafts=1) | anchor=25.3 drafter=16.3 verify=70.8 accept=1.2 kv=0.3 total=114.0 ms
ds4: b2 ENTER first_token=53510 max=105 cap=17 temp=0.500 top_p=1.000 min_p=0.050
ds4: b2: main_hidden[0..5]=7.5842 -0.2895 -4.6136 3.4619 4.0569 -0.4856
ds4: b2: pos 0 OVERRIDE target-sampled draft=6623 temp=0.500
ds4: b2: verify-policy=margin_pos pos=1 draft=3980 qT=1.000000 margin=1.000000 entropy=0.000000 rank=1 need=0.010000 keep=1
ds4: b2: verify-policy=margin_pos pos=2 draft=14 qT=1.000000 margin=1.000000 entropy=0.000000 rank=1 need=0.008500 keep=1
ds4: b2: verify-policy=margin_pos pos=3 draft=305 qT=1.000000 margin=1.000000 entropy=0.000000 rank=1 need=0.007000 keep=1
ds4: b2: verify-policy=margin_pos pos=4 draft=3287 qT=0.635476 margin=0.520390 entropy=1.153346 rank=1 need=0.005500 keep=1
ds4: b2: verify-policy summary policy=margin_pos chosen=5 base=5 prob_min=0.030000 margin_min=0.010000 entropy_max=4.000000 rank_max=2
ds4: b2: pos 1 draft=3980 qT=1.00000 pT=1.00000 accept_p=1.0000 u=0.0584 ACCEPT
ds4: b2: pos 2 draft=14 qT=1.00000 pT=0.91806 accept_p=0.9181 u=0.4419 ACCEPT
ds4: b2: pos 3 draft=305 qT=1.00000 pT=0.77171 accept_p=0.7717 u=0.9461 reject
ds4: b2: MERGED correction-anchor pending C=1539
ds4: dspark b2 cycle: n_accept=4 logical_commits=5 emitted_anchor=1 (drafts=3) | anchor=25.1 drafter=16.0 verify=71.9 accept=3.6 kv=0.9 total=117.5 ms
ds4: b2 ENTER first_token=1539 max=101 cap=17 temp=0.500 top_p=1.000 min_p=0.050
ds4: b2: main_hidden[0..5]=3.1326 9.0483 -2.3061 1.0665 3.2241 1.9462
ds4: b2: pos 0 OVERRIDE target-sampled draft=1234 temp=0.500
ds4: b2: verify-policy=margin_pos pos=1 draft=15699 qT=0.190798 margin=0.618404 entropy=0.487378 rank=2 need=0.010000 keep=1
ds4: b2: verify-policy=margin_pos pos=2 draft=20586 qT=1.000000 margin=1.000000 entropy=0.000000 rank=1 need=0.008500 keep=1
ds4: b2: verify-policy=margin_pos pos=3 draft=517 qT=1.000000 margin=1.000000 entropy=0.000000 rank=1 need=0.007000 keep=1
ds4: b2: verify-policy=margin_pos pos=4 draft=16 qT=1.000000 margin=1.000000 entropy=0.000000 rank=1 need=0.005500 keep=1
ds4: b2: verify-policy summary policy=margin_pos chosen=5 base=5 prob_min=0.030000 margin_min=0.010000 entropy_max=4.000000 rank_max=2
ds4: b2: pos 1 draft=15699 qT=0.19080 pT=0.00000 accept_p=0.0000 u=0.1462 reject
ds4: b2: MERGED correction-anchor pending C=20586
ds4: dspark b2 cycle: n_accept=2 logical_commits=3 emitted_anchor=1 (drafts=1) | anchor=25.4 drafter=16.3 verify=71.5 accept=1.2 kv=0.3 total=114.7 ms
ds4: b2 ENTER first_token=20586 max=99 cap=17 temp=0.500 top_p=1.000 min_p=0.050
ds4: b2: main_hidden[0..5]=0.9721 2.0051 -9.3487 -1.8780 6.5977 0.3946
ds4: b2: pos 0 OVERRIDE target-sampled draft=517 temp=0.500
ds4: b2: verify-policy=margin_pos pos=1 draft=16 qT=1.000000 margin=1.000000 entropy=0.000000 rank=1 need=0.010000 keep=1
ds4: b2: verify-policy=margin_pos pos=2 draft=21017 qT=0.399226 margin=0.148616 entropy=0.851806 rank=2 need=0.008500 keep=1
ds4: b2: verify-policy=margin_pos pos=3 draft=304 qT=1.000000 margin=1.000000 entropy=0.000000 rank=1 need=0.007000 keep=1
ds4: b2: verify-policy=margin_pos pos=4 draft=3144 qT=1.000000 margin=1.000000 entropy=0.000000 rank=1 need=0.005500 keep=1
ds4: b2: verify-policy summary policy=margin_pos chosen=5 base=5 prob_min=0.030000 margin_min=0.010000 entropy_max=4.000000 rank_max=2
ds4: b2: pos 1 draft=16 qT=1.00000 pT=1.00000 accept_p=1.0000 u=0.7631 ACCEPT
ds4: b2: pos 2 draft=21017 qT=0.39923 pT=0.00000 accept_p=0.0000 u=0.9481 reject
ds4: b2: MERGED correction-anchor pending C=19018
ds4: dspark b2 cycle: n_accept=3 logical_commits=4 emitted_anchor=1 (drafts=2) | anchor=25.1 drafter=16.0 verify=70.1 accept=2.4 kv=1.0 total=114.6 ms
ds4: b2 ENTER first_token=19018 max=96 cap=17 temp=0.500 top_p=1.000 min_p=0.050
ds4: b2: main_hidden[0..5]=1.9093 4.1933 -2.3398 -2.9525 7.9101 0.7074
ds4: b2: pos 0 OVERRIDE target-sampled draft=223 temp=0.500
ds4: b2: verify-policy=margin_pos pos=1 draft=21 qT=1.000000 margin=1.000000 entropy=0.000000 rank=1 need=0.010000 keep=1
ds4: b2: verify-policy=margin_pos pos=2 draft=15 qT=1.000000 margin=1.000000 entropy=0.000000 rank=1 need=0.008500 keep=1
ds4: b2: verify-policy=margin_pos pos=3 draft=22 qT=0.065942 margin=0.868116 entropy=0.243014 rank=2 need=0.007000 keep=1
ds4: b2: verify-policy=margin_pos pos=4 draft=15 qT=1.000000 margin=1.000000 entropy=0.000000 rank=1 need=0.005500 keep=1
ds4: b2: verify-policy summary policy=margin_pos chosen=5 base=5 prob_min=0.030000 margin_min=0.010000 entropy_max=4.000000 rank_max=2
ds4: b2: pos 1 draft=21 qT=1.00000 pT=1.00000 accept_p=1.0000 u=0.2085 ACCEPT
ds4: b2: pos 2 draft=15 qT=1.00000 pT=1.00000 accept_p=1.0000 u=0.3225 ACCEPT
ds4: b2: pos 3 draft=22 qT=0.06594 pT=1.00000 accept_p=1.0000 u=0.3571 ACCEPT
ds4: b2: pos 4 draft=15 qT=1.00000 pT=0.00000 accept_p=0.0000 u=0.6611 reject
ds4: b2: MERGED correction-anchor pending C=3107
ds4: dspark b2 cycle: n_accept=5 logical_commits=6 emitted_anchor=1 (drafts=4) | anchor=26.9 drafter=16.1 verify=70.0 accept=4.7 kv=0.4 total=118.0 ms
ds4: b2 ENTER first_token=3107 max=91 cap=17 temp=0.500 top_p=1.000 min_p=0.050
ds4: b2: main_hidden[0..5]=3.2498 5.0327 -3.5194 3.2995 3.7663 -0.0334
ds4: b2: pos 0 OVERRIDE target-sampled draft=42830 temp=0.500
ds4: b2: verify-policy=margin_pos pos=1 draft=16 qT=0.893922 margin=0.787845 entropy=0.338235 rank=1 need=0.010000 keep=1
ds4: b2: verify-policy=margin_pos pos=2 draft=8829 qT=0.349943 margin=0.014065 entropy=1.325838 rank=2 need=0.008500 keep=1
ds4: b2: verify-policy=margin_pos pos=3 draft=15363 qT=0.601456 margin=0.202911 entropy=0.672417 rank=1 need=0.007000 keep=1
ds4: b2: verify-policy=margin_pos pos=4 draft=28 qT=0.900925 margin=0.801850 entropy=0.323046 rank=1 need=0.005500 keep=1
ds4: b2: verify-policy summary policy=margin_pos chosen=5 base=5 prob_min=0.030000 margin_min=0.010000 entropy_max=4.000000 rank_max=2
ds4: b2: pos 1 draft=16 qT=0.89392 pT=0.77625 accept_p=0.8684 u=0.1933 ACCEPT
ds4: b2: pos 2 draft=8829 qT=0.34994 pT=0.00000 accept_p=0.0000 u=0.2361 reject
ds4: b2: MERGED correction-anchor pending C=4480
ds4: dspark b2 cycle: n_accept=3 logical_commits=4 emitted_anchor=1 (drafts=2) | anchor=25.1 drafter=16.3 verify=70.2 accept=2.4 kv=1.4 total=115.4 ms
ds4: b2 ENTER first_token=4480 max=88 cap=17 temp=0.500 top_p=1.000 min_p=0.050
ds4: b2: main_hidden[0..5]=-0.7339 5.9750 -2.4998 -6.0295 9.6724 3.3847
ds4: b2: pos 0 OVERRIDE target-sampled draft=678 temp=0.500
ds4: b2: verify-policy=margin_pos pos=1 draft=4456 qT=0.860851 margin=0.721703 entropy=0.403415 rank=1 need=0.010000 keep=1
ds4: b2: verify-policy=margin_pos pos=2 draft=339 qT=0.771550 margin=0.543100 entropy=0.537397 rank=1 need=0.008500 keep=1
ds4: b2: verify-policy=margin_pos pos=3 draft=99832 qT=0.294262 margin=0.411477 entropy=0.605924 rank=2 need=0.007000 keep=1
ds4: b2: verify-policy=margin_pos pos=4 draft=223 qT=1.000000 margin=1.000000 entropy=0.000000 rank=1 need=0.005500 keep=1
ds4: b2: verify-policy summary policy=margin_pos chosen=5 base=5 prob_min=0.030000 margin_min=0.010000 entropy_max=4.000000 rank_max=2
ds4: b2: pos 1 draft=4456 qT=0.86085 pT=1.00000 accept_p=1.0000 u=0.5437 ACCEPT
ds4: b2: pos 2 draft=339 qT=0.77155 pT=0.29079 accept_p=0.3769 u=0.0374 ACCEPT
ds4: b2: pos 3 draft=99832 qT=0.29426 pT=0.43962 accept_p=1.0000 u=0.8930 ACCEPT
ds4: b2: pos 4 draft=223 qT=1.00000 pT=1.00000 accept_p=1.0000 u=0.6630 ACCEPT
ds4: dspark b2 cycle: n_accept=5 logical_commits=6 emitted_anchor=1 (drafts=5) | anchor=26.8 drafter=16.2 verify=69.5 accept=4.7 kv=0.0 total=117.2 ms
ds4: b2 ENTER first_token=19 max=83 cap=17 temp=0.500 top_p=1.000 min_p=0.050
ds4: b2: main_hidden[0..5]=-3.6062 4.6444 -7.6624 -0.1284 4.4357 4.9902
ds4: b2: pos 0 OVERRIDE target-sampled draft=28 temp=0.500
ds4: b2: verify-policy=margin_pos pos=1 draft=39285 qT=0.951508 margin=0.903016 entropy=0.194051 rank=1 need=0.010000 keep=1
ds4: b2: verify-policy=margin_pos pos=2 draft=71350 qT=1.000000 margin=1.000000 entropy=0.000000 rank=1 need=0.008500 keep=1
ds4: b2: verify-policy=margin_pos pos=3 draft=16846 qT=1.000000 margin=1.000000 entropy=0.000000 rank=1 need=0.007000 keep=1
ds4: b2: verify-policy=margin_pos pos=4 draft=343 qT=0.351562 margin=0.062051 entropy=1.072901 rank=2 need=0.005500 keep=1
ds4: b2: verify-policy summary policy=margin_pos chosen=5 base=5 prob_min=0.030000 margin_min=0.010000 entropy_max=4.000000 rank_max=2
ds4: b2: pos 1 draft=39285 qT=0.95151 pT=1.00000 accept_p=1.0000 u=0.1993 ACCEPT
ds4: b2: pos 2 draft=71350 qT=1.00000 pT=1.00000 accept_p=1.0000 u=0.1323 ACCEPT
ds4: b2: pos 3 draft=16846 qT=1.00000 pT=0.18794 accept_p=0.1879 u=0.7931 reject
ds4: b2: MERGED correction-anchor pending C=305
ds4: dspark b2 cycle: n_accept=5 logical_commits=5 emitted_anchor=0 (drafts=3) | anchor=26.0 drafter=16.6 verify=70.3 accept=3.5 kv=1.4 total=117.8 ms
ds4: b2 ENTER first_token=305 max=78 cap=17 temp=0.500 top_p=1.000 min_p=0.050
ds4: b2: main_hidden[0..5]=-0.0867 1.2650 -4.2956 -2.4098 1.4426 -0.3287
ds4: b2: pos 0 OVERRIDE target-sampled draft=2408 temp=0.500
ds4: b2: verify-policy=margin_pos pos=1 draft=1715 qT=1.000000 margin=1.000000 entropy=0.000000 rank=1 need=0.010000 keep=1
ds4: b2: verify-policy=margin_pos pos=2 draft=1065 qT=1.000000 margin=1.000000 entropy=0.000000 rank=1 need=0.008500 keep=1
ds4: b2: verify-policy=margin_pos pos=3 draft=20828 qT=1.000000 margin=1.000000 entropy=0.000000 rank=1 need=0.007000 keep=1
ds4: b2: verify-policy=margin_pos pos=4 draft=16846 qT=1.000000 margin=1.000000 entropy=0.000000 rank=1 need=0.005500 keep=1
ds4: b2: verify-policy summary policy=margin_pos chosen=5 base=5 prob_min=0.030000 margin_min=0.010000 entropy_max=4.000000 rank_max=2
ds4: b2: pos 1 draft=1715 qT=1.00000 pT=1.00000 accept_p=1.0000 u=0.2899 ACCEPT
ds4: b2: pos 2 draft=1065 qT=1.00000 pT=1.00000 accept_p=1.0000 u=0.9129 ACCEPT
ds4: b2: pos 3 draft=20828 qT=1.00000 pT=1.00000 accept_p=1.0000 u=0.9777 ACCEPT
ds4: b2: pos 4 draft=16846 qT=1.00000 pT=0.87300 accept_p=0.8730 u=0.2202 ACCEPT
ds4: dspark b2 cycle: n_accept=5 logical_commits=6 emitted_anchor=1 (drafts=5) | anchor=25.1 drafter=16.2 verify=70.5 accept=4.8 kv=0.0 total=116.5 ms
ds4: b2 ENTER first_token=16 max=73 cap=17 temp=0.500 top_p=1.000 min_p=0.050
ds4: b2: main_hidden[0..5]=1.3973 1.7813 -8.0608 1.3248 3.8044 1.7064
ds4: b2: pos 0 OVERRIDE target-sampled draft=10403 temp=0.500
ds4: b2: verify-policy=margin_pos pos=1 draft=1715 qT=1.000000 margin=1.000000 entropy=0.000000 rank=1 need=0.010000 keep=1
ds4: b2: verify-policy=margin_pos pos=2 draft=1065 qT=1.000000 margin=1.000000 entropy=0.000000 rank=1 need=0.008500 keep=1
ds4: b2: verify-policy=margin_pos pos=3 draft=20828 qT=1.000000 margin=1.000000 entropy=0.000000 rank=1 need=0.007000 keep=1
ds4: b2: verify-policy=margin_pos pos=4 draft=16846 qT=1.000000 margin=1.000000 entropy=0.000000 rank=1 need=0.005500 keep=1
ds4: b2: verify-policy summary policy=margin_pos chosen=5 base=5 prob_min=0.030000 margin_min=0.010000 entropy_max=4.000000 rank_max=2
ds4: b2: pos 1 draft=1715 qT=1.00000 pT=1.00000 accept_p=1.0000 u=0.0607 ACCEPT
ds4: b2: pos 2 draft=1065 qT=1.00000 pT=1.00000 accept_p=1.0000 u=0.8721 ACCEPT
ds4: b2: pos 3 draft=20828 qT=1.00000 pT=1.00000 accept_p=1.0000 u=0.6900 ACCEPT
ds4: b2: pos 4 draft=16846 qT=1.00000 pT=0.00000 accept_p=0.0000 u=0.0358 reject
ds4: b2: MERGED correction-anchor pending C=28
ds4: dspark b2 cycle: n_accept=6 logical_commits=6 emitted_anchor=0 (drafts=4) | anchor=27.6 drafter=16.3 verify=70.4 accept=4.7 kv=1.4 total=120.4 ms
ds4: b2 ENTER first_token=28 max=67 cap=17 temp=0.500 top_p=1.000 min_p=0.050
ds4: b2: main_hidden[0..5]=-1.1181 5.6045 -3.9688 1.9761 0.0629 4.3826
ds4: b2: pos 0 OVERRIDE target-sampled draft=22218 temp=0.500
ds4: b2: verify-policy=margin_pos pos=1 draft=12846 qT=1.000000 margin=1.000000 entropy=0.000000 rank=1 need=0.010000 keep=1
ds4: b2: verify-policy=margin_pos pos=2 draft=1353 qT=1.000000 margin=1.000000 entropy=0.000000 rank=1 need=0.008500 keep=1
ds4: b2: verify-policy=margin_pos pos=3 draft=74638 qT=0.032004 margin=0.316843 entropy=1.170874 rank=5 need=0.007000 keep=1
ds4: b2: verify-policy=margin_pos pos=4 draft=12846 qT=0.595651 margin=0.353327 entropy=0.946982 rank=1 need=0.005500 keep=1
ds4: b2: verify-policy summary policy=margin_pos chosen=5 base=5 prob_min=0.030000 margin_min=0.010000 entropy_max=4.000000 rank_max=2
ds4: b2: pos 1 draft=12846 qT=1.00000 pT=1.00000 accept_p=1.0000 u=0.2415 ACCEPT
ds4: b2: pos 2 draft=1353 qT=1.00000 pT=0.00000 accept_p=0.0000 u=0.4290 reject
ds4: b2: MERGED correction-anchor pending C=295
ds4: dspark b2 cycle: n_accept=3 logical_commits=4 emitted_anchor=1 (drafts=2) | anchor=25.1 drafter=16.1 verify=70.5 accept=2.4 kv=1.3 total=115.4 ms
ds4: b2 ENTER first_token=295 max=64 cap=17 temp=0.500 top_p=1.000 min_p=0.050
ds4: b2: main_hidden[0..5]=-2.3388 3.9519 -6.7839 0.1816 -2.0928 -1.6745
ds4: b2: pos 0 OVERRIDE target-sampled draft=2496 temp=0.500
ds4: b2: verify-policy=margin_pos pos=1 draft=14 qT=1.000000 margin=1.000000 entropy=0.000000 rank=1 need=0.010000 keep=1
ds4: b2: verify-policy=margin_pos pos=2 draft=3514 qT=0.359492 margin=0.172387 entropy=1.019661 rank=2 need=0.008500 keep=1
ds4: b2: verify-policy=margin_pos pos=3 draft=1353 qT=1.000000 margin=1.000000 entropy=0.000000 rank=1 need=0.007000 keep=1
ds4: b2: verify-policy=margin_pos pos=4 draft=16 qT=0.153582 margin=0.188453 entropy=1.386671 rank=4 need=0.005500 keep=1
ds4: b2: verify-policy summary policy=margin_pos chosen=5 base=5 prob_min=0.030000 margin_min=0.010000 entropy_max=4.000000 rank_max=2
ds4: b2: pos 1 draft=14 qT=1.00000 pT=1.00000 accept_p=1.0000 u=0.4005 ACCEPT
ds4: b2: pos 2 draft=3514 qT=0.35949 pT=0.00000 accept_p=0.0000 u=0.8606 reject
ds4: b2: MERGED correction-anchor pending C=6361
ds4: dspark b2 cycle: n_accept=3 logical_commits=4 emitted_anchor=1 (drafts=2) | anchor=26.9 drafter=16.3 verify=72.6 accept=2.4 kv=1.4 total=119.6 ms
ds4: b2 ENTER first_token=6361 max=61 cap=17 temp=0.500 top_p=1.000 min_p=0.050
ds4: b2: main_hidden[0..5]=2.7575 1.9074 -2.6888 0.2489 1.9212 -6.3329
ds4: b2: pos 0 OVERRIDE target-sampled draft=362 temp=0.500
ds4: b2: verify-policy=margin_pos pos=1 draft=14531 qT=0.625205 margin=0.250410 entropy=0.661458 rank=1 need=0.010000 keep=1
ds4: b2: verify-policy=margin_pos pos=2 draft=16 qT=1.000000 margin=1.000000 entropy=0.000000 rank=1 need=0.008500 keep=1
ds4: b2: verify-policy=margin_pos pos=3 draft=36363 qT=0.822682 margin=0.721377 entropy=0.588400 rank=1 need=0.007000 keep=1
ds4: b2: verify-policy=margin_pos pos=4 draft=18800 qT=0.411792 margin=0.129203 entropy=0.841858 rank=2 need=0.005500 keep=1
ds4: b2: verify-policy summary policy=margin_pos chosen=5 base=5 prob_min=0.030000 margin_min=0.010000 entropy_max=4.000000 rank_max=2
ds4: b2: pos 1 draft=14531 qT=0.62520 pT=0.44435 accept_p=0.7107 u=0.9557 reject
ds4: b2: MERGED correction-anchor pending C=19580
ds4: dspark b2 cycle: n_accept=2 logical_commits=3 emitted_anchor=1 (drafts=1) | anchor=25.1 drafter=15.9 verify=73.4 accept=1.2 kv=0.3 total=116.0 ms
ds4: b2 ENTER first_token=19580 max=59 cap=17 temp=0.500 top_p=1.000 min_p=0.050
ds4: b2: main_hidden[0..5]=-0.6275 2.1261 -5.4451 -1.4495 1.0435 -5.5542
ds4: b2: pos 0 OVERRIDE target-sampled draft=304 temp=0.500
ds4: b2: verify-policy=margin_pos pos=1 draft=366 qT=0.265675 margin=0.468650 entropy=0.578910 rank=2 need=0.010000 keep=1
ds4: b2: verify-policy=margin_pos pos=2 draft=20739 qT=1.000000 margin=1.000000 entropy=0.000000 rank=1 need=0.008500 keep=1
ds4: b2: verify-policy=margin_pos pos=3 draft=28 qT=0.922794 margin=0.845588 entropy=0.271892 rank=1 need=0.007000 keep=1
ds4: b2: verify-policy=margin_pos pos=4 draft=22218 qT=1.000000 margin=1.000000 entropy=0.000000 rank=1 need=0.005500 keep=1
ds4: b2: verify-policy summary policy=margin_pos chosen=5 base=5 prob_min=0.030000 margin_min=0.010000 entropy_max=4.000000 rank_max=2
ds4: b2: pos 1 draft=366 qT=0.26568 pT=0.00000 accept_p=0.0000 u=0.6175 reject
ds4: b2: MERGED correction-anchor pending C=19727
ds4: dspark b2 cycle: n_accept=2 logical_commits=3 emitted_anchor=1 (drafts=1) | anchor=26.1 drafter=16.3 verify=71.6 accept=1.2 kv=0.3 total=115.4 ms
ds4: b2 ENTER first_token=19727 max=57 cap=17 temp=0.500 top_p=1.000 min_p=0.050
ds4: b2: main_hidden[0..5]=-2.0546 3.1013 -6.8433 1.4232 0.4113 -1.4726
ds4: b2: pos 0 OVERRIDE target-sampled draft=16 temp=0.500
ds4: b2: verify-policy=margin_pos pos=1 draft=5930 qT=1.000000 margin=1.000000 entropy=0.000000 rank=1 need=0.010000 keep=1
ds4: b2: verify-policy=margin_pos pos=2 draft=20828 qT=1.000000 margin=1.000000 entropy=0.000000 rank=1 need=0.008500 keep=1
ds4: b2: verify-policy=margin_pos pos=3 draft=28 qT=1.000000 margin=1.000000 entropy=0.000000 rank=1 need=0.007000 keep=1
ds4: b2: verify-policy=margin_pos pos=4 draft=74638 qT=0.206542 margin=0.586915 entropy=0.509340 rank=2 need=0.005500 keep=1
ds4: b2: verify-policy summary policy=margin_pos chosen=5 base=5 prob_min=0.030000 margin_min=0.010000 entropy_max=4.000000 rank_max=2
ds4: b2: pos 1 draft=5930 qT=1.00000 pT=1.00000 accept_p=1.0000 u=0.0455 ACCEPT
ds4: b2: pos 2 draft=20828 qT=1.00000 pT=1.00000 accept_p=1.0000 u=0.1834 ACCEPT
ds4: b2: pos 3 draft=28 qT=1.00000 pT=1.00000 accept_p=1.0000 u=0.6254 ACCEPT
ds4: b2: pos 4 draft=74638 qT=0.20654 pT=0.00000 accept_p=0.0000 u=0.1683 reject
ds4: b2: MERGED correction-anchor pending C=11446
ds4: dspark b2 cycle: n_accept=5 logical_commits=6 emitted_anchor=1 (drafts=4) | anchor=25.7 drafter=16.3 verify=72.2 accept=4.7 kv=1.6 total=120.5 ms
ds4: b2 ENTER first_token=11446 max=52 cap=17 temp=0.500 top_p=1.000 min_p=0.050
ds4: b2: main_hidden[0..5]=-1.2405 -0.0082 -5.6369 2.9048 -0.9653 -6.7208
ds4: b2: pos 0 OVERRIDE target-sampled draft=12230 temp=0.500
ds4: b2: verify-policy=margin_pos pos=1 draft=305 qT=0.716349 margin=0.558097 entropy=0.791073 rank=1 need=0.010000 keep=1
ds4: b2: verify-policy=margin_pos pos=2 draft=22218 qT=1.000000 margin=1.000000 entropy=0.000000 rank=1 need=0.008500 keep=1
ds4: b2: verify-policy=margin_pos pos=3 draft=14 qT=0.252682 margin=0.494636 entropy=0.565263 rank=2 need=0.007000 keep=1
ds4: b2: verify-policy=margin_pos pos=4 draft=1539 qT=0.820769 margin=0.723615 entropy=0.593823 rank=1 need=0.005500 keep=1
ds4: b2: verify-policy summary policy=margin_pos chosen=5 base=5 prob_min=0.030000 margin_min=0.010000 entropy_max=4.000000 rank_max=2
ds4: b2: pos 1 draft=305 qT=0.71635 pT=0.94926 accept_p=1.0000 u=0.5650 ACCEPT
ds4: b2: pos 2 draft=22218 qT=1.00000 pT=1.00000 accept_p=1.0000 u=0.8073 ACCEPT
ds4: b2: pos 3 draft=14 qT=0.25268 pT=0.00000 accept_p=0.0000 u=0.3546 reject
ds4: b2: MERGED correction-anchor pending C=10300
ds4: dspark b2 cycle: n_accept=4 logical_commits=5 emitted_anchor=1 (drafts=3) | anchor=27.4 drafter=16.2 verify=70.8 accept=3.4 kv=1.4 total=119.3 ms
ds4: b2 ENTER first_token=10300 max=48 cap=17 temp=0.500 top_p=1.000 min_p=0.050
ds4: b2: main_hidden[0..5]=6.9554 -0.7972 -3.9409 3.7989 2.1086 -0.5278
ds4: b2: pos 0 OVERRIDE target-sampled draft=14 temp=0.500
ds4: b2: verify-policy=margin_pos pos=1 draft=14531 qT=1.000000 margin=1.000000 entropy=0.000000 rank=1 need=0.010000 keep=1
ds4: b2: verify-policy=margin_pos pos=2 draft=16 qT=0.935846 margin=0.871691 entropy=0.238249 rank=1 need=0.008500 keep=1
ds4: b2: verify-policy=margin_pos pos=3 draft=5930 qT=0.813070 margin=0.626140 entropy=0.481741 rank=1 need=0.007000 keep=1
ds4: b2: verify-policy=margin_pos pos=4 draft=20828 qT=1.000000 margin=1.000000 entropy=0.000000 rank=1 need=0.005500 keep=1
ds4: b2: verify-policy summary policy=margin_pos chosen=5 base=5 prob_min=0.030000 margin_min=0.010000 entropy_max=4.000000 rank_max=2
ds4: b2: pos 1 draft=14531 qT=1.00000 pT=0.00000 accept_p=0.0000 u=0.4789 reject
ds4: b2: MERGED correction-anchor pending C=790
ds4: dspark b2 cycle: n_accept=2 logical_commits=3 emitted_anchor=1 (drafts=1) | anchor=27.6 drafter=16.1 verify=71.6 accept=1.1 kv=0.4 total=116.7 ms
ds4: b2 ENTER first_token=790 max=46 cap=17 temp=0.500 top_p=1.000 min_p=0.050
ds4: b2: main_hidden[0..5]=-2.2150 0.6212 -3.3106 2.5111 0.7168 5.5398
ds4: b2: pos 0 OVERRIDE target-sampled draft=2231 temp=0.500
ds4: b2: verify-policy=margin_pos pos=1 draft=366 qT=0.837917 margin=0.730693 entropy=0.546842 rank=1 need=0.010000 keep=1
ds4: b2: verify-policy=margin_pos pos=2 draft=7139 qT=1.000000 margin=1.000000 entropy=0.000000 rank=1 need=0.008500 keep=1
ds4: b2: verify-policy=margin_pos pos=3 draft=16 qT=0.683648 margin=0.493751 entropy=0.920928 rank=1 need=0.007000 keep=1
ds4: b2: verify-policy=margin_pos pos=4 draft=5930 qT=1.000000 margin=1.000000 entropy=0.000000 rank=1 need=0.005500 keep=1
ds4: b2: verify-policy summary policy=margin_pos chosen=5 base=5 prob_min=0.030000 margin_min=0.010000 entropy_max=4.000000 rank_max=2
ds4: b2: pos 1 draft=366 qT=0.83792 pT=0.24930 accept_p=0.2975 u=0.6496 reject
ds4: b2: MERGED correction-anchor pending C=75746
ds4: dspark b2 cycle: n_accept=2 logical_commits=3 emitted_anchor=1 (drafts=1) | anchor=25.9 drafter=16.1 verify=71.2 accept=1.2 kv=0.3 total=114.7 ms
ds4: b2 ENTER first_token=75746 max=44 cap=17 temp=0.500 top_p=1.000 min_p=0.050
ds4: b2: main_hidden[0..5]=-1.6455 0.9510 -5.4111 2.2037 2.9121 0.4984
ds4: b2: pos 0 OVERRIDE target-sampled draft=855 temp=0.500
ds4: b2: verify-policy=margin_pos pos=1 draft=7139 qT=1.000000 margin=1.000000 entropy=0.000000 rank=1 need=0.010000 keep=1
ds4: b2: verify-policy=margin_pos pos=2 draft=339 qT=0.813043 margin=0.626085 entropy=0.481781 rank=1 need=0.008500 keep=1
ds4: b2: verify-policy=margin_pos pos=3 draft=13613 qT=1.000000 margin=1.000000 entropy=0.000000 rank=1 need=0.007000 keep=1
ds4: b2: verify-policy=margin_pos pos=4 draft=20828 qT=1.000000 margin=1.000000 entropy=0.000000 rank=1 need=0.005500 keep=1
ds4: b2: verify-policy summary policy=margin_pos chosen=5 base=5 prob_min=0.030000 margin_min=0.010000 entropy_max=4.000000 rank_max=2
ds4: b2: pos 1 draft=7139 qT=1.00000 pT=1.00000 accept_p=1.0000 u=0.8554 ACCEPT
ds4: b2: pos 2 draft=339 qT=0.81304 pT=1.00000 accept_p=1.0000 u=0.7515 ACCEPT
ds4: b2: pos 3 draft=13613 qT=1.00000 pT=0.00000 accept_p=0.0000 u=0.1745 reject
ds4: b2: MERGED correction-anchor pending C=99832
ds4: dspark b2 cycle: n_accept=4 logical_commits=5 emitted_anchor=1 (drafts=3) | anchor=27.7 drafter=16.2 verify=72.0 accept=3.6 kv=1.0 total=120.5 ms
ds4: b2 ENTER first_token=99832 max=40 cap=17 temp=0.500 top_p=1.000 min_p=0.050
ds4: b2: main_hidden[0..5]=0.5723 2.6883 -6.1220 1.9018 -0.7998 -0.0682
ds4: b2: pos 0 OVERRIDE target-sampled draft=223 temp=0.500
ds4: b2: verify-policy=margin_pos pos=1 draft=20 qT=1.000000 margin=1.000000 entropy=0.000000 rank=1 need=0.010000 keep=1
ds4: b2: verify-policy=margin_pos pos=2 draft=28 qT=1.000000 margin=1.000000 entropy=0.000000 rank=1 need=0.008500 keep=1
ds4: b2: verify-policy=margin_pos pos=3 draft=28231 qT=0.617985 margin=0.235969 entropy=0.665042 rank=1 need=0.007000 keep=1
ds4: b2: verify-policy=margin_pos pos=4 draft=1192 qT=0.789674 margin=0.579347 entropy=0.514389 rank=1 need=0.005500 keep=1
ds4: b2: verify-policy summary policy=margin_pos chosen=5 base=5 prob_min=0.030000 margin_min=0.010000 entropy_max=4.000000 rank_max=2
ds4: b2: pos 1 draft=20 qT=1.00000 pT=1.00000 accept_p=1.0000 u=0.6560 ACCEPT
ds4: b2: pos 2 draft=28 qT=1.00000 pT=1.00000 accept_p=1.0000 u=0.0530 ACCEPT
ds4: b2: pos 3 draft=28231 qT=0.61798 pT=0.00000 accept_p=0.0000 u=0.4953 reject
ds4: b2: MERGED correction-anchor pending C=7492
ds4: dspark b2 cycle: n_accept=4 logical_commits=5 emitted_anchor=1 (drafts=3) | anchor=27.5 drafter=16.4 verify=71.7 accept=3.5 kv=1.4 total=120.5 ms
ds4: b2 ENTER first_token=7492 max=36 cap=17 temp=0.500 top_p=1.000 min_p=0.050
ds4: b2: main_hidden[0..5]=0.5753 5.4201 -8.4106 8.1004 4.8667 -4.0734
ds4: b2: pos 0 OVERRIDE target-sampled draft=14531 temp=0.500
ds4: b2: verify-policy=margin_pos pos=1 draft=6521 qT=1.000000 margin=1.000000 entropy=0.000000 rank=1 need=0.010000 keep=1
ds4: b2: verify-policy=margin_pos pos=2 draft=92980 qT=1.000000 margin=1.000000 entropy=0.000000 rank=1 need=0.008500 keep=1
ds4: b2: verify-policy=margin_pos pos=3 draft=685 qT=1.000000 margin=1.000000 entropy=0.000000 rank=1 need=0.007000 keep=1
ds4: b2: verify-policy=margin_pos pos=4 draft=477 qT=1.000000 margin=1.000000 entropy=0.000000 rank=1 need=0.005500 keep=1
ds4: b2: verify-policy summary policy=margin_pos chosen=5 base=5 prob_min=0.030000 margin_min=0.010000 entropy_max=4.000000 rank_max=2
ds4: b2: pos 1 draft=6521 qT=1.00000 pT=1.00000 accept_p=1.0000 u=0.7385 ACCEPT
ds4: b2: pos 2 draft=92980 qT=1.00000 pT=1.00000 accept_p=1.0000 u=0.0350 ACCEPT
ds4: b2: pos 3 draft=685 qT=1.00000 pT=1.00000 accept_p=1.0000 u=0.3757 ACCEPT
ds4: b2: pos 4 draft=477 qT=1.00000 pT=0.90493 accept_p=0.9049 u=0.6449 ACCEPT
ds4: dspark b2 cycle: n_accept=5 logical_commits=6 emitted_anchor=1 (drafts=5) | anchor=27.5 drafter=16.2 verify=72.1 accept=4.7 kv=0.0 total=120.6 ms
ds4: b2 ENTER first_token=14738 max=31 cap=17 temp=0.500 top_p=1.000 min_p=0.050
ds4: b2: main_hidden[0..5]=4.2642 3.3610 -6.3816 2.2605 5.6903 5.0848
ds4: b2: pos 0 OVERRIDE target-sampled draft=28 temp=0.500
ds4: b2: verify-policy=margin_pos pos=1 draft=1309 qT=0.917019 margin=0.834037 entropy=0.285991 rank=1 need=0.010000 keep=1
ds4: b2: verify-policy=margin_pos pos=2 draft=304 qT=1.000000 margin=1.000000 entropy=0.000000 rank=1 need=0.008500 keep=1
ds4: b2: verify-policy=margin_pos pos=3 draft=50015 qT=1.000000 margin=1.000000 entropy=0.000000 rank=1 need=0.007000 keep=1
ds4: b2: verify-policy=margin_pos pos=4 draft=14 qT=0.611512 margin=0.223025 entropy=0.668067 rank=1 need=0.005500 keep=1
ds4: b2: verify-policy summary policy=margin_pos chosen=5 base=5 prob_min=0.030000 margin_min=0.010000 entropy_max=4.000000 rank_max=2
ds4: b2: pos 1 draft=1309 qT=0.91702 pT=0.00000 accept_p=0.0000 u=0.5415 reject
ds4: b2: MERGED correction-anchor pending C=851
ds4: dspark b2 cycle: n_accept=3 logical_commits=3 emitted_anchor=0 (drafts=1) | anchor=26.4 drafter=17.1 verify=72.7 accept=1.2 kv=0.4 total=117.8 ms
ds4: b2 ENTER first_token=851 max=28 cap=17 temp=0.500 top_p=1.000 min_p=0.050
ds4: b2: main_hidden[0..5]=2.2421 3.6987 -1.4692 1.4858 2.0884 4.3907
ds4: b2: pos 0 OVERRIDE target-sampled draft=50015 temp=0.500
ds4: b2: verify-policy=margin_pos pos=1 draft=28499 qT=1.000000 margin=1.000000 entropy=0.000000 rank=1 need=0.010000 keep=1
ds4: b2: verify-policy=margin_pos pos=2 draft=14 qT=0.650836 margin=0.504898 entropy=1.023113 rank=1 need=0.008500 keep=1
ds4: b2: verify-policy=margin_pos pos=3 draft=305 qT=1.000000 margin=1.000000 entropy=0.000000 rank=1 need=0.007000 keep=1
ds4: b2: verify-policy=margin_pos pos=4 draft=88071 qT=0.018339 margin=0.070275 entropy=2.059525 rank=10 need=0.005500 keep=1
ds4: b2: verify-policy summary policy=margin_pos chosen=5 base=5 prob_min=0.030000 margin_min=0.010000 entropy_max=4.000000 rank_max=2
ds4: b2: pos 1 draft=28499 qT=1.00000 pT=1.00000 accept_p=1.0000 u=0.3718 ACCEPT
ds4: b2: pos 2 draft=14 qT=0.65084 pT=1.00000 accept_p=1.0000 u=0.4108 ACCEPT
ds4: b2: pos 3 draft=305 qT=1.00000 pT=0.00000 accept_p=0.0000 u=0.9469 reject
ds4: b2: MERGED correction-anchor pending C=75746
ds4: dspark b2 cycle: n_accept=4 logical_commits=5 emitted_anchor=1 (drafts=3) | anchor=27.8 drafter=16.3 verify=71.2 accept=3.6 kv=1.1 total=120.0 ms
ds4: b2 ENTER first_token=75746 max=24 cap=17 temp=0.500 top_p=1.000 min_p=0.050
ds4: b2: main_hidden[0..5]=-5.5449 3.7208 -0.8385 8.0383 -1.0863 2.5385
ds4: b2: pos 0 OVERRIDE target-sampled draft=1116 temp=0.500
ds4: b2: verify-policy=margin_pos pos=1 draft=14 qT=1.000000 margin=1.000000 entropy=0.000000 rank=1 need=0.010000 keep=1
ds4: b2: verify-policy=margin_pos pos=2 draft=4776 qT=1.000000 margin=1.000000 entropy=0.000000 rank=1 need=0.008500 keep=1
ds4: b2: verify-policy=margin_pos pos=3 draft=28499 qT=1.000000 margin=1.000000 entropy=0.000000 rank=1 need=0.007000 keep=1
ds4: b2: verify-policy=margin_pos pos=4 draft=14 qT=0.919371 margin=0.838743 entropy=0.280302 rank=1 need=0.005500 keep=1
ds4: b2: verify-policy summary policy=margin_pos chosen=5 base=5 prob_min=0.030000 margin_min=0.010000 entropy_max=4.000000 rank_max=2
ds4: b2: pos 1 draft=14 qT=1.00000 pT=1.00000 accept_p=1.0000 u=0.5581 ACCEPT
ds4: b2: pos 2 draft=4776 qT=1.00000 pT=0.34929 accept_p=0.3493 u=0.7853 reject
ds4: b2: MERGED correction-anchor pending C=305
ds4: dspark b2 cycle: n_accept=3 logical_commits=4 emitted_anchor=1 (drafts=2) | anchor=27.6 drafter=16.3 verify=71.4 accept=2.4 kv=0.9 total=118.4 ms
ds4: b2 ENTER first_token=305 max=21 cap=17 temp=0.500 top_p=1.000 min_p=0.050
ds4: b2: main_hidden[0..5]=-2.5223 3.2137 -2.5712 -4.3760 0.8411 6.2049
ds4: b2: pos 0 OVERRIDE target-sampled draft=4776 temp=0.500
ds4: b2: verify-policy=margin_pos pos=1 draft=304 qT=0.389474 margin=0.184535 entropy=0.806767 rank=2 need=0.010000 keep=1
ds4: b2: verify-policy=margin_pos pos=2 draft=322 qT=0.946351 margin=0.892702 entropy=0.209123 rank=1 need=0.008500 keep=1
ds4: b2: verify-policy=margin_pos pos=3 draft=101616 qT=0.944164 margin=0.888327 entropy=0.215354 rank=1 need=0.007000 keep=1
ds4: b2: verify-policy=margin_pos pos=4 draft=1332 qT=0.821829 margin=0.643658 entropy=0.468609 rank=1 need=0.005500 keep=1
ds4: b2: verify-policy summary policy=margin_pos chosen=5 base=5 prob_min=0.030000 margin_min=0.010000 entropy_max=4.000000 rank_max=2
ds4: b2: pos 1 draft=304 qT=0.38947 pT=0.00000 accept_p=0.0000 u=0.9958 reject
ds4: b2: MERGED correction-anchor pending C=4197
ds4: dspark b2 cycle: n_accept=2 logical_commits=3 emitted_anchor=1 (drafts=1) | anchor=26.3 drafter=16.0 verify=72.9 accept=1.2 kv=0.3 total=116.7 ms
ds4: b2 ENTER first_token=4197 max=19 cap=17 temp=0.500 top_p=1.000 min_p=0.050
ds4: b2: main_hidden[0..5]=0.6306 3.5321 -6.0492 -0.3500 0.4330 -2.3811
ds4: b2: pos 0 OVERRIDE target-sampled draft=4721 temp=0.500
ds4: b2: verify-policy=margin_pos pos=1 draft=3504 qT=1.000000 margin=1.000000 entropy=0.000000 rank=1 need=0.010000 keep=1
ds4: b2: verify-policy=margin_pos pos=2 draft=304 qT=1.000000 margin=1.000000 entropy=0.000000 rank=1 need=0.008500 keep=1
ds4: b2: verify-policy=margin_pos pos=3 draft=6521 qT=0.250135 margin=0.048341 entropy=1.664777 rank=2 need=0.007000 keep=1
ds4: b2: verify-policy=margin_pos pos=4 draft=49654 qT=0.419611 margin=0.160778 entropy=0.680166 rank=2 need=0.005500 keep=1
ds4: b2: verify-policy summary policy=margin_pos chosen=5 base=5 prob_min=0.030000 margin_min=0.010000 entropy_max=4.000000 rank_max=2
ds4: b2: pos 1 draft=3504 qT=1.00000 pT=0.24519 accept_p=0.2452 u=0.2566 reject
ds4: b2: MERGED correction-anchor pending C=16
ds4: dspark b2 cycle: n_accept=2 logical_commits=3 emitted_anchor=1 (drafts=1) | anchor=25.9 drafter=16.5 verify=71.5 accept=1.2 kv=0.3 total=115.4 ms
ds4: b2 ENTER first_token=16 max=17 cap=17 temp=0.500 top_p=1.000 min_p=0.050
ds4: b2: main_hidden[0..5]=1.6946 3.2492 -8.4285 4.5941 1.4701 0.2654
ds4: b2: pos 0 OVERRIDE target-sampled draft=9085 temp=0.500
ds4: b2: verify-policy=margin_pos pos=1 draft=6731 qT=1.000000 margin=1.000000 entropy=0.000000 rank=1 need=0.010000 keep=1
ds4: b2: verify-policy=margin_pos pos=2 draft=294 qT=1.000000 margin=1.000000 entropy=0.000000 rank=1 need=0.008500 keep=1
ds4: b2: verify-policy=margin_pos pos=3 draft=270 qT=0.768453 margin=0.665522 entropy=0.779500 rank=1 need=0.007000 keep=1
ds4: b2: verify-policy=margin_pos pos=4 draft=28499 qT=1.000000 margin=1.000000 entropy=0.000000 rank=1 need=0.005500 keep=1
ds4: b2: verify-policy summary policy=margin_pos chosen=5 base=5 prob_min=0.030000 margin_min=0.010000 entropy_max=4.000000 rank_max=2
ds4: b2: pos 1 draft=6731 qT=1.00000 pT=0.00000 accept_p=0.0000 u=0.3292 reject
ds4: b2: MERGED correction-anchor pending C=1309
ds4: dspark b2 cycle: n_accept=2 logical_commits=3 emitted_anchor=1 (drafts=1) | anchor=26.0 drafter=16.2 verify=72.4 accept=1.2 kv=0.3 total=116.1 ms
ds4: b2 ENTER first_token=1309 max=15 cap=17 temp=0.500 top_p=1.000 min_p=0.050
ds4: b2: main_hidden[0..5]=-1.7717 3.6120 -3.2661 -4.1134 -0.1500 5.0453
ds4: b2: pos 0 OVERRIDE target-sampled draft=304 temp=0.500
ds4: b2: verify-policy=margin_pos pos=1 draft=74801 qT=0.911655 margin=0.823309 entropy=0.298693 rank=1 need=0.010000 keep=1
ds4: b2: verify-policy=margin_pos pos=2 draft=12846 qT=0.419120 margin=0.092873 entropy=0.891511 rank=2 need=0.008500 keep=1
ds4: b2: verify-policy=margin_pos pos=3 draft=339 qT=1.000000 margin=1.000000 entropy=0.000000 rank=1 need=0.007000 keep=1
ds4: b2: verify-policy=margin_pos pos=4 draft=21 qT=1.000000 margin=1.000000 entropy=0.000000 rank=1 need=0.005500 keep=1
ds4: b2: verify-policy summary policy=margin_pos chosen=5 base=5 prob_min=0.030000 margin_min=0.010000 entropy_max=4.000000 rank_max=2
ds4: b2: pos 1 draft=74801 qT=0.91165 pT=0.07985 accept_p=0.0876 u=0.2305 reject
ds4: b2: MERGED correction-anchor pending C=2362
ds4: dspark b2 cycle: n_accept=2 logical_commits=3 emitted_anchor=1 (drafts=1) | anchor=25.9 drafter=16.1 verify=71.9 accept=1.1 kv=0.3 total=115.4 ms
ds4: b2 ENTER first_token=2362 max=13 cap=17 temp=0.500 top_p=1.000 min_p=0.050
ds4: b2: main_hidden[0..5]=-5.2612 3.0859 -2.6931 0.0204 -2.3302 4.0291
ds4: b2: pos 0 OVERRIDE target-sampled draft=475 temp=0.500
ds4: b2: verify-policy=margin_pos pos=1 draft=339 qT=1.000000 margin=1.000000 entropy=0.000000 rank=1 need=0.010000 keep=1
ds4: b2: verify-policy=margin_pos pos=2 draft=99832 qT=0.087633 margin=0.327707 entropy=1.186694 rank=4 need=0.008500 keep=1
ds4: b2: verify-policy=margin_pos pos=3 draft=223 qT=1.000000 margin=1.000000 entropy=0.000000 rank=1 need=0.007000 keep=1
ds4: b2: verify-policy=margin_pos pos=4 draft=21 qT=1.000000 margin=1.000000 entropy=0.000000 rank=1 need=0.005500 keep=1
ds4: b2: verify-policy summary policy=margin_pos chosen=5 base=5 prob_min=0.030000 margin_min=0.010000 entropy_max=4.000000 rank_max=2
ds4: b2: pos 1 draft=339 qT=1.00000 pT=0.00000 accept_p=0.0000 u=0.4193 reject
ds4: b2: MERGED correction-anchor pending C=28499
ds4: dspark b2 cycle: n_accept=2 logical_commits=3 emitted_anchor=1 (drafts=1) | anchor=25.9 drafter=16.0 verify=71.8 accept=1.2 kv=0.3 total=115.2 ms
ds4: b2 ENTER first_token=28499 max=11 cap=17 temp=0.500 top_p=1.000 min_p=0.050
ds4: b2: main_hidden[0..5]=2.2943 2.6515 -6.5835 -1.5752 -0.9024 2.0384
ds4: b2: pos 0 OVERRIDE target-sampled draft=14 temp=0.500
ds4: b2: verify-policy=margin_pos pos=1 draft=13922 qT=1.000000 margin=1.000000 entropy=0.000000 rank=1 need=0.010000 keep=1
ds4: b2: verify-policy=margin_pos pos=2 draft=223 qT=0.933063 margin=0.866125 entropy=0.245644 rank=1 need=0.008500 keep=1
ds4: b2: verify-policy=margin_pos pos=3 draft=21 qT=1.000000 margin=1.000000 entropy=0.000000 rank=1 need=0.007000 keep=1
ds4: b2: verify-policy=margin_pos pos=4 draft=28 qT=1.000000 margin=1.000000 entropy=0.000000 rank=1 need=0.005500 keep=1
ds4: b2: verify-policy summary policy=margin_pos chosen=5 base=5 prob_min=0.030000 margin_min=0.010000 entropy_max=4.000000 rank_max=2
ds4: b2: pos 1 draft=13922 qT=1.00000 pT=1.00000 accept_p=1.0000 u=0.2153 ACCEPT
ds4: b2: pos 2 draft=223 qT=0.93306 pT=0.00000 accept_p=0.0000 u=0.0440 reject
ds4: b2: MERGED correction-anchor pending C=93324
ds4: dspark b2 cycle: n_accept=3 logical_commits=4 emitted_anchor=1 (drafts=2) | anchor=26.1 drafter=16.1 verify=71.0 accept=2.3 kv=1.5 total=117.0 ms
ds4: b2 ENTER first_token=93324 max=8 cap=17 temp=0.500 top_p=1.000 min_p=0.050
ds4: b2: main_hidden[0..5]=-0.9490 5.9780 -8.7730 3.1796 -2.7724 1.5986
ds4: b2: pos 0 OVERRIDE target-sampled draft=339 temp=0.500
ds4: b2: verify-policy=margin_pos pos=1 draft=99832 qT=1.000000 margin=1.000000 entropy=0.000000 rank=1 need=0.010000 keep=1
ds4: b2: verify-policy=margin_pos pos=2 draft=223 qT=1.000000 margin=1.000000 entropy=0.000000 rank=1 need=0.008500 keep=1
ds4: b2: verify-policy=margin_pos pos=3 draft=21 qT=1.000000 margin=1.000000 entropy=0.000000 rank=1 need=0.007000 keep=1
ds4: b2: verify-policy=margin_pos pos=4 draft=28 qT=1.000000 margin=1.000000 entropy=0.000000 rank=1 need=0.005500 keep=1
ds4: b2: verify-policy summary policy=margin_pos chosen=5 base=5 prob_min=0.030000 margin_min=0.010000 entropy_max=4.000000 rank_max=2
ds4: b2: pos 1 draft=99832 qT=1.00000 pT=1.00000 accept_p=1.0000 u=0.1186 ACCEPT
ds4: b2: pos 2 draft=223 qT=1.00000 pT=1.00000 accept_p=1.0000 u=0.9575 ACCEPT
ds4: b2: pos 3 draft=21 qT=1.00000 pT=1.00000 accept_p=1.0000 u=0.3148 ACCEPT
ds4: b2: pos 4 draft=28 qT=1.00000 pT=1.00000 accept_p=1.0000 u=0.9633 ACCEPT
ds4: dspark b2 cycle: n_accept=5 logical_commits=6 emitted_anchor=1 (drafts=5) | anchor=27.6 drafter=16.4 verify=71.2 accept=4.5 kv=0.0 total=119.7 ms
ds4: b2 ENTER first_token=1730 max=3 cap=17 temp=0.500 top_p=1.000 min_p=0.050
ds4: b2: main_hidden[0..5]=2.2025 -0.5814 -10.4200 2.2462 1.0948 -4.5288
ds4: b2: pos 0 OVERRIDE target-sampled draft=14531 temp=0.500
ds4: b2: verify-policy=margin_pos pos=1 draft=53510 qT=1.000000 margin=1.000000 entropy=0.000000 rank=1 need=0.010000 keep=1
ds4: b2: verify-policy=margin_pos pos=2 draft=6623 qT=1.000000 margin=1.000000 entropy=0.000000 rank=1 need=0.008500 keep=1
ds4: b2: verify-policy=margin_pos pos=3 draft=3980 qT=1.000000 margin=1.000000 entropy=0.000000 rank=1 need=0.007000 keep=1
ds4: b2: verify-policy=margin_pos pos=4 draft=28 qT=0.915167 margin=0.830334 entropy=0.290417 rank=1 need=0.005500 keep=1
ds4: b2: verify-policy summary policy=margin_pos chosen=5 base=5 prob_min=0.030000 margin_min=0.010000 entropy_max=4.000000 rank_max=2
ds4: b2: pos 1 draft=53510 qT=1.00000 pT=1.00000 accept_p=1.0000 u=0.1088 ACCEPT
ds4: b2: MERGED correction-anchor pending C=53510
ds4: dspark b2 cycle: n_accept=3 logical_commits=3 emitted_anchor=0 (drafts=2) | anchor=26.6 drafter=16.2 verify=71.6 accept=1.2 kv=0.3 total=115.9 ms
ds4: prefill: 77.09 t/s, generation: 29.50 t/s
ds4: Metal cleanup discarded 11 live tensor handles
