ds4: Metal device Apple M5 Max, 128.00 GiB RAM
ds4: Metal 4 tensor API enabled for Tensor kernels
ds4: drift-patch flags hc_stable=on norm_unify=on kv_raw_f32=off rope_exp2_log2=off math_safe=off tensor_matmul=on
ds4: Metal model views created in 0.017 ms, residency requested in 1.115 ms, warmup 2.693 ms (mapped 126.25 MiB from offset 0.00 MiB)
ds4: Metal mapped mmaped model as 1 overlapping shared buffers
ds4: DSpark drafter loaded: ../ds4/gguf/dspark.gguf (3 mtp stages)
ds4: Metal model views created in 1.865 ms, residency requested in 798.841 ms, warmup 1.376 ms (mapped 82697.67 MiB from offset 5.09 MiB)
ds4: Metal mapped mmaped model as 3 overlapping shared buffers
ds4: Metal model views created in 0.238 ms, residency requested in 1322.373 ms, warmup 2.270 ms (mapped 10957.67 MiB from offset 0.01 MiB)
ds4: Metal mapped mmaped model as 4 overlapping shared buffers
ds4: metal backend initialized for graph diagnostics
ds4: context buffers 495.92 MiB (ctx=8192, backend=metal, prefill_chunk=4096, raw_kv_rows=4352, compressed_kv_rows=2050)
ds4: dispatch -> run_sampled_generation (temp=0.7 mtp=0 dspark=1)
ds4: b2 ENTER first_token=2581 max=128 cap=17 temp=0.700 top_p=1.000 min_p=0.050
ds4: b2: main_hidden[0..5]=1.6575 0.9929 -0.1991 0.4064 6.5112 -1.3568
ds4: b2: pos 0 OVERRIDE target-sampled draft=1309 temp=0.700
ds4: b2: verify-policy=rank pos=1 draft=304 qT=1.000000 margin=1.000000 entropy=0.000000 rank=1 need=2.000000 keep=1
ds4: b2: verify-policy=rank pos=2 draft=8470 qT=1.000000 margin=1.000000 entropy=0.000000 rank=1 need=2.000000 keep=1
ds4: b2: verify-policy=rank pos=3 draft=270 qT=0.597294 margin=0.239040 entropy=0.813961 rank=1 need=2.000000 keep=1
ds4: b2: verify-policy=rank pos=4 draft=2910 qT=0.365718 margin=0.145627 entropy=0.968523 rank=2 need=2.000000 keep=1
ds4: b2: verify-policy summary policy=rank chosen=5 base=5 prob_min=0.030000 margin_min=0.020000 entropy_max=4.000000 rank_max=2
ds4: b2: pos 1 draft=304 qT=1.00000 pT=1.00000 accept_p=1.0000 u=0.0000 ACCEPT
ds4: b2: pos 2 draft=8470 qT=1.00000 pT=1.00000 accept_p=1.0000 u=0.0625 ACCEPT
ds4: b2: pos 3 draft=270 qT=0.59729 pT=0.00000 accept_p=0.0000 u=0.6059 reject
ds4: b2: MERGED correction-anchor pending C=71350
ds4: dspark b2 cycle: n_accept=5 logical_commits=5 emitted_anchor=0 (drafts=3) | anchor=25.9 drafter=17.0 verify=72.9 accept=3.8 kv=1.7 total=121.3 ms
ds4: b2 ENTER first_token=71350 max=123 cap=17 temp=0.700 top_p=1.000 min_p=0.050
ds4: b2: main_hidden[0..5]=1.4281 -1.1078 -4.7166 -1.7096 1.1423 1.3033
ds4: b2: pos 0 OVERRIDE target-sampled draft=8062 temp=0.700
ds4: b2: verify-policy=rank pos=1 draft=16846 qT=0.893617 margin=0.787235 entropy=0.338885 rank=1 need=2.000000 keep=1
ds4: b2: verify-policy=rank pos=2 draft=14 qT=1.000000 margin=1.000000 entropy=0.000000 rank=1 need=2.000000 keep=1
ds4: b2: verify-policy=rank pos=3 draft=16846 qT=0.673622 margin=0.593442 entropy=1.149004 rank=1 need=2.000000 keep=1
ds4: b2: verify-policy=rank pos=4 draft=14 qT=1.000000 margin=1.000000 entropy=0.000000 rank=1 need=2.000000 keep=1
ds4: b2: verify-policy summary policy=rank chosen=5 base=5 prob_min=0.030000 margin_min=0.020000 entropy_max=4.000000 rank_max=2
ds4: b2: pos 1 draft=16846 qT=0.89362 pT=0.00000 accept_p=0.0000 u=0.5236 reject
ds4: b2: MERGED correction-anchor pending C=2408
ds4: dspark b2 cycle: n_accept=2 logical_commits=3 emitted_anchor=1 (drafts=1) | anchor=25.3 drafter=16.7 verify=70.3 accept=1.2 kv=0.3 total=113.9 ms
ds4: b2 ENTER first_token=2408 max=121 cap=17 temp=0.700 top_p=1.000 min_p=0.050
ds4: b2: main_hidden[0..5]=-2.2547 2.9421 -4.7951 -0.5240 3.6155 -1.5398
ds4: b2: pos 0 OVERRIDE target-sampled draft=1715 temp=0.700
ds4: b2: verify-policy=rank pos=1 draft=1065 qT=1.000000 margin=1.000000 entropy=0.000000 rank=1 need=2.000000 keep=1
ds4: b2: verify-policy=rank pos=2 draft=20828 qT=1.000000 margin=1.000000 entropy=0.000000 rank=1 need=2.000000 keep=1
ds4: b2: verify-policy=rank pos=3 draft=16846 qT=1.000000 margin=1.000000 entropy=0.000000 rank=1 need=2.000000 keep=1
ds4: b2: verify-policy=rank pos=4 draft=14 qT=1.000000 margin=1.000000 entropy=0.000000 rank=1 need=2.000000 keep=1
ds4: b2: verify-policy summary policy=rank chosen=5 base=5 prob_min=0.030000 margin_min=0.020000 entropy_max=4.000000 rank_max=2
ds4: b2: pos 1 draft=1065 qT=1.00000 pT=1.00000 accept_p=1.0000 u=0.6339 ACCEPT
ds4: b2: pos 2 draft=20828 qT=1.00000 pT=1.00000 accept_p=1.0000 u=0.7741 ACCEPT
ds4: b2: pos 3 draft=16846 qT=1.00000 pT=0.90942 accept_p=0.9094 u=0.4892 ACCEPT
ds4: b2: pos 4 draft=14 qT=1.00000 pT=1.00000 accept_p=1.0000 u=0.4517 ACCEPT
ds4: dspark b2 cycle: n_accept=5 logical_commits=6 emitted_anchor=1 (drafts=5) | anchor=25.1 drafter=16.7 verify=72.0 accept=4.9 kv=0.0 total=118.7 ms
ds4: b2 ENTER first_token=3939 max=116 cap=17 temp=0.700 top_p=1.000 min_p=0.050
ds4: b2: main_hidden[0..5]=3.6271 1.7353 -9.4024 3.7188 2.9461 -2.2490
ds4: b2: pos 0 OVERRIDE target-sampled draft=14531 temp=0.700
ds4: b2: verify-policy=rank pos=1 draft=6521 qT=1.000000 margin=1.000000 entropy=0.000000 rank=1 need=2.000000 keep=1
ds4: b2: verify-policy=rank pos=2 draft=92980 qT=1.000000 margin=1.000000 entropy=0.000000 rank=1 need=2.000000 keep=1
ds4: b2: verify-policy=rank pos=3 draft=685 qT=0.710818 margin=0.421636 entropy=0.601417 rank=1 need=2.000000 keep=1
ds4: b2: verify-policy=rank pos=4 draft=477 qT=1.000000 margin=1.000000 entropy=0.000000 rank=1 need=2.000000 keep=1
ds4: b2: verify-policy summary policy=rank chosen=5 base=5 prob_min=0.030000 margin_min=0.020000 entropy_max=4.000000 rank_max=2
ds4: b2: pos 1 draft=6521 qT=1.00000 pT=1.00000 accept_p=1.0000 u=0.1125 ACCEPT
ds4: b2: pos 2 draft=92980 qT=1.00000 pT=1.00000 accept_p=1.0000 u=0.9362 ACCEPT
ds4: b2: pos 3 draft=685 qT=0.71082 pT=1.00000 accept_p=1.0000 u=0.3053 ACCEPT
ds4: b2: pos 4 draft=477 qT=1.00000 pT=1.00000 accept_p=1.0000 u=0.5660 ACCEPT
ds4: dspark b2 cycle: n_accept=6 logical_commits=6 emitted_anchor=0 (drafts=5) | anchor=25.9 drafter=16.6 verify=70.1 accept=4.9 kv=0.0 total=117.5 ms
ds4: b2 ENTER first_token=14738 max=110 cap=17 temp=0.700 top_p=1.000 min_p=0.050
ds4: b2: main_hidden[0..5]=5.9636 2.6326 -7.9763 2.2091 -1.7789 -2.4282
ds4: b2: pos 0 OVERRIDE target-sampled draft=14 temp=0.700
ds4: b2: verify-policy=rank pos=1 draft=305 qT=0.579001 margin=0.193167 entropy=0.801566 rank=1 need=2.000000 keep=1
ds4: b2: verify-policy=rank pos=2 draft=14531 qT=1.000000 margin=1.000000 entropy=0.000000 rank=1 need=2.000000 keep=1
ds4: b2: verify-policy=rank pos=3 draft=53510 qT=0.940903 margin=0.881807 entropy=0.224475 rank=1 need=2.000000 keep=1
ds4: b2: verify-policy=rank pos=4 draft=14 qT=0.943607 margin=0.887215 entropy=0.216924 rank=1 need=2.000000 keep=1
ds4: b2: verify-policy summary policy=rank chosen=5 base=5 prob_min=0.030000 margin_min=0.020000 entropy_max=4.000000 rank_max=2
ds4: b2: pos 1 draft=305 qT=0.57900 pT=0.00000 accept_p=0.0000 u=0.5372 reject
ds4: b2: MERGED correction-anchor pending C=1192
ds4: dspark b2 cycle: n_accept=3 logical_commits=3 emitted_anchor=0 (drafts=1) | anchor=25.8 drafter=16.6 verify=71.5 accept=1.2 kv=1.3 total=116.5 ms
ds4: b2 ENTER first_token=1192 max=107 cap=17 temp=0.700 top_p=1.000 min_p=0.050
ds4: b2: main_hidden[0..5]=4.2256 -2.7908 -10.4099 2.0840 0.0907 -2.3105
ds4: b2: pos 0 OVERRIDE target-sampled draft=14531 temp=0.700
ds4: b2: verify-policy=rank pos=1 draft=54649 qT=0.880314 margin=0.760629 entropy=0.366298 rank=1 need=2.000000 keep=1
ds4: b2: verify-policy=rank pos=2 draft=1347 qT=1.000000 margin=1.000000 entropy=0.000000 rank=1 need=2.000000 keep=1
ds4: b2: verify-policy=rank pos=3 draft=3980 qT=0.764421 margin=0.616872 entropy=0.701620 rank=1 need=2.000000 keep=1
ds4: b2: verify-policy=rank pos=4 draft=14 qT=1.000000 margin=1.000000 entropy=0.000000 rank=1 need=2.000000 keep=1
ds4: b2: verify-policy summary policy=rank chosen=5 base=5 prob_min=0.030000 margin_min=0.020000 entropy_max=4.000000 rank_max=2
ds4: b2: pos 1 draft=54649 qT=0.88031 pT=0.07692 accept_p=0.0874 u=0.1061 reject
ds4: b2: MERGED correction-anchor pending C=53510
ds4: dspark b2 cycle: n_accept=2 logical_commits=3 emitted_anchor=1 (drafts=1) | anchor=25.2 drafter=16.8 verify=70.4 accept=1.2 kv=0.3 total=113.9 ms
ds4: b2 ENTER first_token=53510 max=105 cap=17 temp=0.700 top_p=1.000 min_p=0.050
ds4: b2: main_hidden[0..5]=7.5842 -0.2895 -4.6136 3.4619 4.0569 -0.4856
ds4: b2: pos 0 OVERRIDE target-sampled draft=6623 temp=0.700
ds4: b2: verify-policy=rank pos=1 draft=3980 qT=1.000000 margin=1.000000 entropy=0.000000 rank=1 need=2.000000 keep=1
ds4: b2: verify-policy=rank pos=2 draft=18749 qT=0.094461 margin=0.811079 entropy=0.312738 rank=2 need=2.000000 keep=1
ds4: b2: verify-policy=rank pos=3 draft=304 qT=0.846671 margin=0.693341 entropy=0.428441 rank=1 need=2.000000 keep=1
ds4: b2: verify-policy=rank pos=4 draft=6252 qT=0.726996 margin=0.551667 entropy=0.830606 rank=1 need=2.000000 keep=1
ds4: b2: verify-policy summary policy=rank chosen=5 base=5 prob_min=0.030000 margin_min=0.020000 entropy_max=4.000000 rank_max=2
ds4: b2: pos 1 draft=3980 qT=1.00000 pT=1.00000 accept_p=1.0000 u=0.0584 ACCEPT
ds4: b2: pos 2 draft=18749 qT=0.09446 pT=0.00000 accept_p=0.0000 u=0.4419 reject
ds4: b2: MERGED correction-anchor pending C=304
ds4: dspark b2 cycle: n_accept=3 logical_commits=4 emitted_anchor=1 (drafts=2) | anchor=25.2 drafter=16.4 verify=71.7 accept=2.4 kv=1.6 total=117.3 ms
ds4: b2 ENTER first_token=304 max=102 cap=17 temp=0.700 top_p=1.000 min_p=0.050
ds4: b2: main_hidden[0..5]=-1.3897 3.9904 -6.3215 7.4095 0.8077 2.5491
ds4: b2: pos 0 OVERRIDE target-sampled draft=6252 temp=0.700
ds4: b2: verify-policy=rank pos=1 draft=6521 qT=1.000000 margin=1.000000 entropy=0.000000 rank=1 need=2.000000 keep=1
ds4: b2: verify-policy=rank pos=2 draft=92980 qT=1.000000 margin=1.000000 entropy=0.000000 rank=1 need=2.000000 keep=1
ds4: b2: verify-policy=rank pos=3 draft=685 qT=1.000000 margin=1.000000 entropy=0.000000 rank=1 need=2.000000 keep=1
ds4: b2: verify-policy=rank pos=4 draft=14 qT=0.423913 margin=0.087954 entropy=0.882920 rank=2 need=2.000000 keep=1
ds4: b2: verify-policy summary policy=rank chosen=5 base=5 prob_min=0.030000 margin_min=0.020000 entropy_max=4.000000 rank_max=2
ds4: b2: pos 1 draft=6521 qT=1.00000 pT=1.00000 accept_p=1.0000 u=0.2679 ACCEPT
ds4: b2: pos 2 draft=92980 qT=1.00000 pT=1.00000 accept_p=1.0000 u=0.1462 ACCEPT
ds4: b2: pos 3 draft=685 qT=1.00000 pT=1.00000 accept_p=1.0000 u=0.3927 ACCEPT
ds4: b2: pos 4 draft=14 qT=0.42391 pT=1.00000 accept_p=1.0000 u=0.7631 ACCEPT
ds4: dspark b2 cycle: n_accept=5 logical_commits=6 emitted_anchor=1 (drafts=5) | anchor=25.1 drafter=16.7 verify=69.6 accept=4.9 kv=0.0 total=116.3 ms
ds4: b2 ENTER first_token=305 max=97 cap=17 temp=0.700 top_p=1.000 min_p=0.050
ds4: b2: main_hidden[0..5]=4.4264 8.3867 0.3988 -2.2295 2.4673 2.5613
ds4: b2: pos 0 OVERRIDE target-sampled draft=3475 temp=0.700
ds4: b2: verify-policy=rank pos=1 draft=1234 qT=1.000000 margin=1.000000 entropy=0.000000 rank=1 need=2.000000 keep=1
ds4: b2: verify-policy=rank pos=2 draft=15699 qT=0.786803 margin=0.573606 entropy=0.518161 rank=1 need=2.000000 keep=1
ds4: b2: verify-policy=rank pos=3 draft=20586 qT=1.000000 margin=1.000000 entropy=0.000000 rank=1 need=2.000000 keep=1
ds4: b2: verify-policy=rank pos=4 draft=517 qT=1.000000 margin=1.000000 entropy=0.000000 rank=1 need=2.000000 keep=1
ds4: b2: verify-policy summary policy=rank chosen=5 base=5 prob_min=0.030000 margin_min=0.020000 entropy_max=4.000000 rank_max=2
ds4: b2: pos 1 draft=1234 qT=1.00000 pT=1.00000 accept_p=1.0000 u=0.9481 ACCEPT
ds4: b2: pos 2 draft=15699 qT=0.78680 pT=0.46719 accept_p=0.5938 u=0.3014 ACCEPT
ds4: b2: pos 3 draft=20586 qT=1.00000 pT=1.00000 accept_p=1.0000 u=0.2085 ACCEPT
ds4: b2: pos 4 draft=517 qT=1.00000 pT=1.00000 accept_p=1.0000 u=0.3225 ACCEPT
ds4: dspark b2 cycle: n_accept=6 logical_commits=6 emitted_anchor=0 (drafts=5) | anchor=28.0 drafter=16.5 verify=70.2 accept=4.9 kv=0.0 total=119.6 ms
ds4: b2 ENTER first_token=16 max=91 cap=17 temp=0.700 top_p=1.000 min_p=0.050
ds4: b2: main_hidden[0..5]=1.6081 0.3797 -6.2835 -5.8447 7.2734 2.0902
ds4: b2: pos 0 OVERRIDE target-sampled draft=455 temp=0.700
ds4: b2: verify-policy=rank pos=1 draft=3967 qT=1.000000 margin=1.000000 entropy=0.000000 rank=1 need=2.000000 keep=1
ds4: b2: verify-policy=rank pos=2 draft=10059 qT=0.589686 margin=0.179371 entropy=0.676973 rank=1 need=2.000000 keep=1
ds4: b2: verify-policy=rank pos=3 draft=47468 qT=0.025774 margin=0.136646 entropy=1.548846 rank=6 need=2.000000 keep=0
ds4: b2: verify-policy summary policy=rank chosen=4 base=5 prob_min=0.030000 margin_min=0.020000 entropy_max=4.000000 rank_max=2
ds4: b2: pos 1 draft=3967 qT=1.00000 pT=0.60921 accept_p=0.6092 u=0.3571 ACCEPT
ds4: b2: pos 2 draft=10059 qT=0.58969 pT=0.82128 accept_p=1.0000 u=0.6611 ACCEPT
ds4: b2: pos 3 draft=47468 qT=0.02577 pT=0.00000 accept_p=0.0000 u=0.9207 reject
ds4: b2: MERGED correction-anchor pending C=223
ds4: dspark b2 cycle: n_accept=5 logical_commits=5 emitted_anchor=0 (drafts=3) | anchor=25.7 drafter=16.2 verify=60.7 accept=3.6 kv=1.2 total=107.4 ms
ds4: b2 ENTER first_token=223 max=86 cap=17 temp=0.700 top_p=1.000 min_p=0.050
ds4: b2: main_hidden[0..5]=0.5646 -4.6481 -0.8736 2.4656 0.8635 2.5542
ds4: b2: pos 0 OVERRIDE target-sampled draft=21 temp=0.700
ds4: b2: verify-policy=rank pos=1 draft=15 qT=1.000000 margin=1.000000 entropy=0.000000 rank=1 need=2.000000 keep=1
ds4: b2: verify-policy=rank pos=2 draft=22 qT=1.000000 margin=1.000000 entropy=0.000000 rank=1 need=2.000000 keep=1
ds4: b2: verify-policy=rank pos=3 draft=3107 qT=1.000000 margin=1.000000 entropy=0.000000 rank=1 need=2.000000 keep=1
ds4: b2: verify-policy=rank pos=4 draft=42830 qT=1.000000 margin=1.000000 entropy=0.000000 rank=1 need=2.000000 keep=1
ds4: b2: verify-policy summary policy=rank chosen=5 base=5 prob_min=0.030000 margin_min=0.020000 entropy_max=4.000000 rank_max=2
ds4: b2: pos 1 draft=15 qT=1.00000 pT=1.00000 accept_p=1.0000 u=0.2361 ACCEPT
ds4: b2: pos 2 draft=22 qT=1.00000 pT=1.00000 accept_p=1.0000 u=0.7442 ACCEPT
ds4: b2: pos 3 draft=3107 qT=1.00000 pT=1.00000 accept_p=1.0000 u=0.5437 ACCEPT
ds4: b2: pos 4 draft=42830 qT=1.00000 pT=1.00000 accept_p=1.0000 u=0.0374 ACCEPT
ds4: dspark b2 cycle: n_accept=5 logical_commits=6 emitted_anchor=1 (drafts=5) | anchor=25.3 drafter=16.7 verify=70.2 accept=4.7 kv=0.0 total=116.9 ms
ds4: b2 ENTER first_token=16 max=81 cap=17 temp=0.700 top_p=1.000 min_p=0.050
ds4: b2: main_hidden[0..5]=2.4548 1.4600 -6.2970 -4.7540 5.7678 1.1205
ds4: b2: pos 0 OVERRIDE target-sampled draft=3016 temp=0.700
ds4: b2: verify-policy=rank pos=1 draft=579 qT=0.813466 margin=0.732576 entropy=0.681866 rank=1 need=2.000000 keep=1
ds4: b2: verify-policy=rank pos=2 draft=5922 qT=0.836876 margin=0.673752 entropy=0.444814 rank=1 need=2.000000 keep=1
ds4: b2: verify-policy=rank pos=3 draft=7009 qT=0.274711 margin=0.006597 entropy=1.252857 rank=3 need=2.000000 keep=0
ds4: b2: verify-policy summary policy=rank chosen=4 base=5 prob_min=0.030000 margin_min=0.020000 entropy_max=4.000000 rank_max=2
ds4: b2: pos 1 draft=579 qT=0.81347 pT=0.83550 accept_p=1.0000 u=0.8930 ACCEPT
ds4: b2: pos 2 draft=5922 qT=0.83688 pT=0.94643 accept_p=1.0000 u=0.6630 ACCEPT
ds4: b2: pos 3 draft=7009 qT=0.27471 pT=0.00000 accept_p=0.0000 u=0.1993 reject
ds4: b2: MERGED correction-anchor pending C=4456
ds4: dspark b2 cycle: n_accept=5 logical_commits=5 emitted_anchor=0 (drafts=3) | anchor=27.3 drafter=15.8 verify=61.3 accept=3.5 kv=1.1 total=109.0 ms
ds4: b2 ENTER first_token=4456 max=76 cap=17 temp=0.700 top_p=1.000 min_p=0.050
ds4: b2: main_hidden[0..5]=-1.4460 9.3413 -4.5908 -2.4876 6.3163 1.5828
ds4: b2: pos 0 OVERRIDE target-sampled draft=28 temp=0.700
ds4: b2: verify-policy=rank pos=1 draft=1257 qT=1.000000 margin=1.000000 entropy=0.000000 rank=1 need=2.000000 keep=1
ds4: b2: verify-policy=rank pos=2 draft=15363 qT=1.000000 margin=1.000000 entropy=0.000000 rank=1 need=2.000000 keep=1
ds4: b2: verify-policy=rank pos=3 draft=28 qT=0.739680 margin=0.479359 entropy=0.573392 rank=1 need=2.000000 keep=1
ds4: b2: verify-policy=rank pos=4 draft=71350 qT=0.563289 margin=0.327717 entropy=1.230192 rank=1 need=2.000000 keep=1
ds4: b2: verify-policy summary policy=rank chosen=5 base=5 prob_min=0.030000 margin_min=0.020000 entropy_max=4.000000 rank_max=2
ds4: b2: pos 1 draft=1257 qT=1.00000 pT=1.00000 accept_p=1.0000 u=0.7931 ACCEPT
ds4: b2: pos 2 draft=15363 qT=1.00000 pT=1.00000 accept_p=1.0000 u=0.1945 ACCEPT
ds4: b2: pos 3 draft=28 qT=0.73968 pT=0.36984 accept_p=0.5000 u=0.2899 ACCEPT
ds4: b2: pos 4 draft=71350 qT=0.56329 pT=0.17676 accept_p=0.3138 u=0.9129 reject
ds4: b2: MERGED correction-anchor pending C=11348
ds4: dspark b2 cycle: n_accept=5 logical_commits=6 emitted_anchor=1 (drafts=4) | anchor=26.6 drafter=16.9 verify=68.5 accept=5.0 kv=1.0 total=118.0 ms
ds4: b2 ENTER first_token=11348 max=71 cap=17 temp=0.700 top_p=1.000 min_p=0.050
ds4: b2: main_hidden[0..5]=-2.1743 5.6799 -9.0217 0.1185 2.5471 -3.4775
ds4: b2: pos 0 OVERRIDE target-sampled draft=71350 temp=0.700
ds4: b2: verify-policy=rank pos=1 draft=16846 qT=0.649970 margin=0.500516 entropy=1.024397 rank=1 need=2.000000 keep=1
ds4: b2: verify-policy=rank pos=2 draft=8062 qT=0.026576 margin=0.010272 entropy=0.955901 rank=4 need=2.000000 keep=0
ds4: b2: verify-policy summary policy=rank chosen=3 base=5 prob_min=0.030000 margin_min=0.020000 entropy_max=4.000000 rank_max=2
ds4: b2: pos 1 draft=16846 qT=0.64997 pT=0.00000 accept_p=0.0000 u=0.2202 reject
ds4: b2: MERGED correction-anchor pending C=8062
ds4: dspark b2 cycle: n_accept=2 logical_commits=3 emitted_anchor=1 (drafts=1) | anchor=25.3 drafter=14.4 verify=53.9 accept=1.2 kv=0.3 total=95.1 ms
ds4: b2 ENTER first_token=8062 max=69 cap=17 temp=0.700 top_p=1.000 min_p=0.050
ds4: b2: main_hidden[0..5]=-1.5616 1.5164 -4.0970 0.2442 1.3317 -2.2221
ds4: b2: pos 0 OVERRIDE target-sampled draft=2408 temp=0.700
ds4: b2: verify-policy=rank pos=1 draft=1715 qT=0.927584 margin=0.855168 entropy=0.259844 rank=1 need=2.000000 keep=1
ds4: b2: verify-policy=rank pos=2 draft=1065 qT=1.000000 margin=1.000000 entropy=0.000000 rank=1 need=2.000000 keep=1
ds4: b2: verify-policy=rank pos=3 draft=20828 qT=1.000000 margin=1.000000 entropy=0.000000 rank=1 need=2.000000 keep=1
ds4: b2: verify-policy=rank pos=4 draft=16 qT=0.941593 margin=0.883187 entropy=0.222560 rank=1 need=2.000000 keep=1
ds4: b2: verify-policy summary policy=rank chosen=5 base=5 prob_min=0.030000 margin_min=0.020000 entropy_max=4.000000 rank_max=2
ds4: b2: pos 1 draft=1715 qT=0.92758 pT=1.00000 accept_p=1.0000 u=0.8721 ACCEPT
ds4: b2: pos 2 draft=1065 qT=1.00000 pT=1.00000 accept_p=1.0000 u=0.6900 ACCEPT
ds4: b2: pos 3 draft=20828 qT=1.00000 pT=1.00000 accept_p=1.0000 u=0.0358 ACCEPT
ds4: b2: pos 4 draft=16 qT=0.94159 pT=0.95182 accept_p=1.0000 u=0.3078 ACCEPT
ds4: dspark b2 cycle: n_accept=5 logical_commits=6 emitted_anchor=1 (drafts=5) | anchor=25.1 drafter=16.0 verify=71.3 accept=4.9 kv=0.0 total=117.4 ms
ds4: b2 ENTER first_token=8279 max=64 cap=17 temp=0.700 top_p=1.000 min_p=0.050
ds4: b2: main_hidden[0..5]=1.1602 3.9112 -2.1706 1.8424 -0.0150 -1.1696
ds4: b2: pos 0 OVERRIDE target-sampled draft=28 temp=0.700
ds4: b2: verify-policy=rank pos=1 draft=3939 qT=1.000000 margin=1.000000 entropy=0.000000 rank=1 need=2.000000 keep=1
ds4: b2: verify-policy=rank pos=2 draft=14531 qT=1.000000 margin=1.000000 entropy=0.000000 rank=1 need=2.000000 keep=1
ds4: b2: verify-policy=rank pos=3 draft=6521 qT=1.000000 margin=1.000000 entropy=0.000000 rank=1 need=2.000000 keep=1
ds4: b2: verify-policy=rank pos=4 draft=92980 qT=0.909948 margin=0.819896 entropy=0.302658 rank=1 need=2.000000 keep=1
ds4: b2: verify-policy summary policy=rank chosen=5 base=5 prob_min=0.030000 margin_min=0.020000 entropy_max=4.000000 rank_max=2
ds4: b2: pos 1 draft=3939 qT=1.00000 pT=1.00000 accept_p=1.0000 u=0.2415 ACCEPT
ds4: b2: pos 2 draft=14531 qT=1.00000 pT=0.00000 accept_p=0.0000 u=0.4290 reject
ds4: b2: MERGED correction-anchor pending C=6521
ds4: dspark b2 cycle: n_accept=4 logical_commits=4 emitted_anchor=0 (drafts=2) | anchor=25.9 drafter=16.5 verify=70.8 accept=2.5 kv=1.0 total=116.7 ms
ds4: b2 ENTER first_token=6521 max=60 cap=17 temp=0.700 top_p=1.000 min_p=0.050
ds4: b2: main_hidden[0..5]=0.8707 2.0346 -6.6734 4.2697 9.7798 -2.1237
ds4: b2: pos 0 OVERRIDE target-sampled draft=92980 temp=0.700
ds4: b2: verify-policy=rank pos=1 draft=685 qT=1.000000 margin=1.000000 entropy=0.000000 rank=1 need=2.000000 keep=1
ds4: b2: verify-policy=rank pos=2 draft=14738 qT=0.433117 margin=0.108839 entropy=1.071203 rank=1 need=2.000000 keep=1
ds4: b2: verify-policy=rank pos=3 draft=16 qT=1.000000 margin=1.000000 entropy=0.000000 rank=1 need=2.000000 keep=1
ds4: b2: verify-policy=rank pos=4 draft=19350 qT=1.000000 margin=1.000000 entropy=0.000000 rank=1 need=2.000000 keep=1
ds4: b2: verify-policy summary policy=rank chosen=5 base=5 prob_min=0.030000 margin_min=0.020000 entropy_max=4.000000 rank_max=2
ds4: b2: pos 1 draft=685 qT=1.00000 pT=1.00000 accept_p=1.0000 u=0.4005 ACCEPT
ds4: b2: pos 2 draft=14738 qT=0.43312 pT=0.76295 accept_p=1.0000 u=0.8606 ACCEPT
ds4: b2: pos 3 draft=16 qT=1.00000 pT=1.00000 accept_p=1.0000 u=0.1596 ACCEPT
ds4: b2: pos 4 draft=19350 qT=1.00000 pT=1.00000 accept_p=1.0000 u=0.9557 ACCEPT
ds4: dspark b2 cycle: n_accept=5 logical_commits=6 emitted_anchor=1 (drafts=5) | anchor=28.4 drafter=16.8 verify=70.8 accept=4.9 kv=0.0 total=121.0 ms
ds4: b2 ENTER first_token=28 max=55 cap=17 temp=0.700 top_p=1.000 min_p=0.050
ds4: b2: main_hidden[0..5]=6.6494 3.7913 -6.7507 -0.3339 -2.9449 -4.0161
ds4: b2: pos 0 OVERRIDE target-sampled draft=1192 temp=0.700
ds4: b2: verify-policy=rank pos=1 draft=14531 qT=1.000000 margin=1.000000 entropy=0.000000 rank=1 need=2.000000 keep=1
ds4: b2: verify-policy=rank pos=2 draft=53510 qT=1.000000 margin=1.000000 entropy=0.000000 rank=1 need=2.000000 keep=1
ds4: b2: verify-policy=rank pos=3 draft=6623 qT=1.000000 margin=1.000000 entropy=0.000000 rank=1 need=2.000000 keep=1
ds4: b2: verify-policy=rank pos=4 draft=3980 qT=1.000000 margin=1.000000 entropy=0.000000 rank=1 need=2.000000 keep=1
ds4: b2: verify-policy summary policy=rank chosen=5 base=5 prob_min=0.030000 margin_min=0.020000 entropy_max=4.000000 rank_max=2
ds4: b2: pos 1 draft=14531 qT=1.00000 pT=0.39034 accept_p=0.3903 u=0.2896 ACCEPT
ds4: b2: pos 2 draft=53510 qT=1.00000 pT=1.00000 accept_p=1.0000 u=0.6175 ACCEPT
ds4: b2: pos 3 draft=6623 qT=1.00000 pT=1.00000 accept_p=1.0000 u=0.4705 ACCEPT
ds4: b2: pos 4 draft=3980 qT=1.00000 pT=1.00000 accept_p=1.0000 u=0.0455 ACCEPT
ds4: dspark b2 cycle: n_accept=6 logical_commits=6 emitted_anchor=0 (drafts=5) | anchor=26.7 drafter=16.5 verify=70.5 accept=4.7 kv=0.0 total=118.4 ms
ds4: b2 ENTER first_token=16 max=49 cap=17 temp=0.700 top_p=1.000 min_p=0.050
ds4: b2: main_hidden[0..5]=3.1824 3.3459 1.1278 3.2483 2.6302 -2.8686
ds4: b2: pos 0 OVERRIDE target-sampled draft=36244 temp=0.700
ds4: b2: verify-policy=rank pos=1 draft=28 qT=1.000000 margin=1.000000 entropy=0.000000 rank=1 need=2.000000 keep=1
ds4: b2: verify-policy=rank pos=2 draft=1234 qT=1.000000 margin=1.000000 entropy=0.000000 rank=1 need=2.000000 keep=1
ds4: b2: verify-policy=rank pos=3 draft=20586 qT=1.000000 margin=1.000000 entropy=0.000000 rank=1 need=2.000000 keep=1
ds4: b2: verify-policy=rank pos=4 draft=517 qT=1.000000 margin=1.000000 entropy=0.000000 rank=1 need=2.000000 keep=1
ds4: b2: verify-policy summary policy=rank chosen=5 base=5 prob_min=0.030000 margin_min=0.020000 entropy_max=4.000000 rank_max=2
ds4: b2: pos 1 draft=28 qT=1.00000 pT=1.00000 accept_p=1.0000 u=0.1834 ACCEPT
ds4: b2: pos 2 draft=1234 qT=1.00000 pT=1.00000 accept_p=1.0000 u=0.6254 ACCEPT
ds4: b2: pos 3 draft=20586 qT=1.00000 pT=1.00000 accept_p=1.0000 u=0.1683 ACCEPT
ds4: b2: pos 4 draft=517 qT=1.00000 pT=1.00000 accept_p=1.0000 u=0.4407 ACCEPT
ds4: dspark b2 cycle: n_accept=6 logical_commits=6 emitted_anchor=0 (drafts=5) | anchor=28.2 drafter=16.6 verify=71.1 accept=4.9 kv=0.0 total=120.9 ms
ds4: b2 ENTER first_token=16 max=43 cap=17 temp=0.700 top_p=1.000 min_p=0.050
ds4: b2: main_hidden[0..5]=4.2686 5.4746 -4.1359 -1.7532 2.9400 1.3801
ds4: b2: pos 0 OVERRIDE target-sampled draft=19018 temp=0.700
ds4: b2: verify-policy=rank pos=1 draft=436 qT=0.357416 margin=0.217976 entropy=0.867182 rank=2 need=2.000000 keep=1
ds4: b2: verify-policy=rank pos=2 draft=47468 qT=0.892411 margin=0.784823 entropy=0.341444 rank=1 need=2.000000 keep=1
ds4: b2: verify-policy=rank pos=3 draft=339 qT=0.920976 margin=0.841952 entropy=0.276379 rank=1 need=2.000000 keep=1
ds4: b2: verify-policy=rank pos=4 draft=5718 qT=1.000000 margin=1.000000 entropy=0.000000 rank=1 need=2.000000 keep=1
ds4: b2: verify-policy summary policy=rank chosen=5 base=5 prob_min=0.030000 margin_min=0.020000 entropy_max=4.000000 rank_max=2
ds4: b2: pos 1 draft=436 qT=0.35742 pT=0.27840 accept_p=0.7789 u=0.5650 ACCEPT
ds4: b2: pos 2 draft=47468 qT=0.89241 pT=1.00000 accept_p=1.0000 u=0.8073 ACCEPT
ds4: b2: pos 3 draft=339 qT=0.92098 pT=1.00000 accept_p=1.0000 u=0.3546 ACCEPT
ds4: b2: pos 4 draft=5718 qT=1.00000 pT=0.90108 accept_p=0.9011 u=0.1325 ACCEPT
ds4: dspark b2 cycle: n_accept=6 logical_commits=6 emitted_anchor=0 (drafts=5) | anchor=26.6 drafter=16.4 verify=71.2 accept=4.7 kv=0.0 total=118.9 ms
ds4: b2 ENTER first_token=678 max=37 cap=17 temp=0.700 top_p=1.000 min_p=0.050
ds4: b2: main_hidden[0..5]=3.1454 8.8522 -1.2475 -6.0585 7.9355 4.3334
ds4: b2: pos 0 OVERRIDE target-sampled draft=5085 temp=0.700
ds4: b2: verify-policy=rank pos=1 draft=270 qT=0.739401 margin=0.478802 entropy=0.573683 rank=1 need=2.000000 keep=1
ds4: b2: verify-policy=rank pos=2 draft=4256 qT=0.509973 margin=0.019947 entropy=0.692948 rank=1 need=2.000000 keep=1
ds4: b2: verify-policy=rank pos=3 draft=16 qT=0.211999 margin=0.576002 entropy=0.516593 rank=2 need=2.000000 keep=1
ds4: b2: verify-policy=rank pos=4 draft=128822 qT=1.000000 margin=1.000000 entropy=0.000000 rank=1 need=2.000000 keep=1
ds4: b2: verify-policy summary policy=rank chosen=5 base=5 prob_min=0.030000 margin_min=0.020000 entropy_max=4.000000 rank_max=2
ds4: b2: pos 1 draft=270 qT=0.73940 pT=0.07089 accept_p=0.0959 u=0.4789 reject
ds4: b2: MERGED correction-anchor pending C=16
ds4: dspark b2 cycle: n_accept=3 logical_commits=3 emitted_anchor=0 (drafts=1) | anchor=28.2 drafter=16.6 verify=71.3 accept=1.2 kv=0.3 total=117.5 ms
ds4: b2 ENTER first_token=16 max=34 cap=17 temp=0.700 top_p=1.000 min_p=0.050
ds4: b2: main_hidden[0..5]=2.1842 -3.5988 -6.3307 -2.7573 2.3887 -2.3336
ds4: b2: pos 0 OVERRIDE target-sampled draft=128822 temp=0.700
ds4: b2: verify-policy=rank pos=1 draft=13613 qT=0.941137 margin=0.882274 entropy=0.223827 rank=1 need=2.000000 keep=1
ds4: b2: verify-policy=rank pos=2 draft=20828 qT=1.000000 margin=1.000000 entropy=0.000000 rank=1 need=2.000000 keep=1
ds4: b2: verify-policy=rank pos=3 draft=16846 qT=1.000000 margin=1.000000 entropy=0.000000 rank=1 need=2.000000 keep=1
ds4: b2: verify-policy=rank pos=4 draft=343 qT=0.522323 margin=0.206482 entropy=1.101255 rank=1 need=2.000000 keep=1
ds4: b2: verify-policy summary policy=rank chosen=5 base=5 prob_min=0.030000 margin_min=0.020000 entropy_max=4.000000 rank_max=2
ds4: b2: pos 1 draft=13613 qT=0.94114 pT=0.10390 accept_p=0.1104 u=0.6496 reject
ds4: b2: MERGED correction-anchor pending C=795
ds4: dspark b2 cycle: n_accept=2 logical_commits=3 emitted_anchor=1 (drafts=1) | anchor=25.9 drafter=16.7 verify=71.5 accept=1.2 kv=0.3 total=115.6 ms
ds4: b2 ENTER first_token=795 max=32 cap=17 temp=0.700 top_p=1.000 min_p=0.050
ds4: b2: main_hidden[0..5]=-1.6646 -0.0912 -3.5485 0.6396 3.6073 -0.1439
ds4: b2: pos 0 OVERRIDE target-sampled draft=5930 temp=0.700
ds4: b2: verify-policy=rank pos=1 draft=20828 qT=1.000000 margin=1.000000 entropy=0.000000 rank=1 need=2.000000 keep=1
ds4: b2: verify-policy=rank pos=2 draft=73815 qT=0.660995 margin=0.321989 entropy=0.640373 rank=1 need=2.000000 keep=1
ds4: b2: verify-policy=rank pos=3 draft=8062 qT=1.000000 margin=1.000000 entropy=0.000000 rank=1 need=2.000000 keep=1
ds4: b2: verify-policy=rank pos=4 draft=10403 qT=0.246817 margin=0.506367 entropy=0.558811 rank=2 need=2.000000 keep=1
ds4: b2: verify-policy summary policy=rank chosen=5 base=5 prob_min=0.030000 margin_min=0.020000 entropy_max=4.000000 rank_max=2
ds4: b2: pos 1 draft=20828 qT=1.00000 pT=1.00000 accept_p=1.0000 u=0.8554 ACCEPT
ds4: b2: pos 2 draft=73815 qT=0.66099 pT=0.00000 accept_p=0.0000 u=0.7515 reject
ds4: b2: MERGED correction-anchor pending C=8062
ds4: dspark b2 cycle: n_accept=3 logical_commits=4 emitted_anchor=1 (drafts=2) | anchor=27.4 drafter=16.6 verify=70.9 accept=2.4 kv=0.9 total=118.1 ms
ds4: b2 ENTER first_token=8062 max=29 cap=17 temp=0.700 top_p=1.000 min_p=0.050
ds4: b2: main_hidden[0..5]=-2.9971 -0.5309 -0.5203 -0.4540 2.2231 -1.3150
ds4: b2: pos 0 OVERRIDE target-sampled draft=16 temp=0.700
ds4: b2: verify-policy=rank pos=1 draft=10403 qT=1.000000 margin=1.000000 entropy=0.000000 rank=1 need=2.000000 keep=1
ds4: b2: verify-policy=rank pos=2 draft=4914 qT=1.000000 margin=1.000000 entropy=0.000000 rank=1 need=2.000000 keep=1
ds4: b2: verify-policy=rank pos=3 draft=1065 qT=1.000000 margin=1.000000 entropy=0.000000 rank=1 need=2.000000 keep=1
ds4: b2: verify-policy=rank pos=4 draft=20828 qT=1.000000 margin=1.000000 entropy=0.000000 rank=1 need=2.000000 keep=1
ds4: b2: verify-policy summary policy=rank chosen=5 base=5 prob_min=0.030000 margin_min=0.020000 entropy_max=4.000000 rank_max=2
ds4: b2: pos 1 draft=10403 qT=1.00000 pT=1.00000 accept_p=1.0000 u=0.7936 ACCEPT
ds4: b2: pos 2 draft=4914 qT=1.00000 pT=1.00000 accept_p=1.0000 u=0.6560 ACCEPT
ds4: b2: pos 3 draft=1065 qT=1.00000 pT=1.00000 accept_p=1.0000 u=0.0530 ACCEPT
ds4: b2: pos 4 draft=20828 qT=1.00000 pT=1.00000 accept_p=1.0000 u=0.4953 ACCEPT
ds4: dspark b2 cycle: n_accept=5 logical_commits=6 emitted_anchor=1 (drafts=5) | anchor=25.9 drafter=16.5 verify=71.4 accept=4.9 kv=0.0 total=118.8 ms
ds4: b2 ENTER first_token=73815 max=24 cap=17 temp=0.700 top_p=1.000 min_p=0.050
ds4: b2: main_hidden[0..5]=-2.7986 2.6203 -0.9436 -1.1663 5.8812 -1.5460
ds4: b2: pos 0 OVERRIDE target-sampled draft=271 temp=0.700
ds4: b2: verify-policy=rank pos=1 draft=1124 qT=0.766605 margin=0.533209 entropy=0.543347 rank=1 need=2.000000 keep=1
ds4: b2: verify-policy=rank pos=2 draft=260 qT=1.000000 margin=1.000000 entropy=0.000000 rank=1 need=2.000000 keep=1
ds4: b2: verify-policy=rank pos=3 draft=25454 qT=0.934776 margin=0.869552 entropy=0.241106 rank=1 need=2.000000 keep=1
ds4: b2: verify-policy=rank pos=4 draft=305 qT=0.025826 margin=0.022307 entropy=1.509176 rank=6 need=2.000000 keep=0
ds4: b2: verify-policy summary policy=rank chosen=5 base=5 prob_min=0.030000 margin_min=0.020000 entropy_max=4.000000 rank_max=2
ds4: b2: pos 1 draft=1124 qT=0.76660 pT=0.69900 accept_p=0.9118 u=0.2306 ACCEPT
ds4: b2: pos 2 draft=260 qT=1.00000 pT=0.27926 accept_p=0.2793 u=0.7385 reject
ds4: b2: MERGED correction-anchor pending C=2408
ds4: dspark b2 cycle: n_accept=4 logical_commits=4 emitted_anchor=0 (drafts=2) | anchor=26.4 drafter=16.6 verify=71.1 accept=2.5 kv=0.5 total=117.1 ms
ds4: b2 ENTER first_token=2408 max=20 cap=17 temp=0.700 top_p=1.000 min_p=0.050
ds4: b2: main_hidden[0..5]=-2.8240 -0.8398 -3.9181 -0.1236 4.1851 0.7877
ds4: b2: pos 0 OVERRIDE target-sampled draft=1715 temp=0.700
ds4: b2: verify-policy=rank pos=1 draft=1065 qT=1.000000 margin=1.000000 entropy=0.000000 rank=1 need=2.000000 keep=1
ds4: b2: verify-policy=rank pos=2 draft=20828 qT=1.000000 margin=1.000000 entropy=0.000000 rank=1 need=2.000000 keep=1
ds4: b2: verify-policy=rank pos=3 draft=16846 qT=1.000000 margin=1.000000 entropy=0.000000 rank=1 need=2.000000 keep=1
ds4: b2: verify-policy=rank pos=4 draft=343 qT=0.061418 margin=0.877164 entropy=0.230852 rank=2 need=2.000000 keep=1
ds4: b2: verify-policy summary policy=rank chosen=5 base=5 prob_min=0.030000 margin_min=0.020000 entropy_max=4.000000 rank_max=2
ds4: b2: pos 1 draft=1065 qT=1.00000 pT=1.00000 accept_p=1.0000 u=0.3757 ACCEPT
ds4: b2: pos 2 draft=20828 qT=1.00000 pT=1.00000 accept_p=1.0000 u=0.6449 ACCEPT
ds4: b2: pos 3 draft=16846 qT=1.00000 pT=1.00000 accept_p=1.0000 u=0.5415 ACCEPT
ds4: b2: pos 4 draft=343 qT=0.06142 pT=0.00000 accept_p=0.0000 u=0.0659 reject
ds4: b2: MERGED correction-anchor pending C=14
ds4: dspark b2 cycle: n_accept=5 logical_commits=6 emitted_anchor=1 (drafts=4) | anchor=27.7 drafter=16.6 verify=71.4 accept=4.9 kv=1.6 total=122.3 ms
ds4: b2 ENTER first_token=14 max=15 cap=17 temp=0.700 top_p=1.000 min_p=0.050
ds4: b2: main_hidden[0..5]=0.9388 -1.4455 -3.9675 4.1031 -2.8443 -1.5125
ds4: b2: pos 0 OVERRIDE target-sampled draft=270 temp=0.700
ds4: b2: verify-policy=rank pos=1 draft=2511 qT=1.000000 margin=1.000000 entropy=0.000000 rank=1 need=2.000000 keep=1
ds4: b2: verify-policy=rank pos=2 draft=14 qT=1.000000 margin=1.000000 entropy=0.000000 rank=1 need=2.000000 keep=1
ds4: b2: verify-policy=rank pos=3 draft=25454 qT=0.342548 margin=0.184438 entropy=0.970277 rank=2 need=2.000000 keep=1
ds4: b2: verify-policy=rank pos=4 draft=14 qT=0.791115 margin=0.704603 entropy=0.734173 rank=1 need=2.000000 keep=1
ds4: b2: verify-policy summary policy=rank chosen=5 base=5 prob_min=0.030000 margin_min=0.020000 entropy_max=4.000000 rank_max=2
ds4: b2: pos 1 draft=2511 qT=1.00000 pT=0.00000 accept_p=0.0000 u=0.4108 reject
ds4: b2: MERGED correction-anchor pending C=25454
ds4: dspark b2 cycle: n_accept=2 logical_commits=3 emitted_anchor=1 (drafts=1) | anchor=25.9 drafter=16.5 verify=71.5 accept=1.3 kv=0.3 total=115.4 ms
ds4: b2 ENTER first_token=25454 max=13 cap=17 temp=0.700 top_p=1.000 min_p=0.050
ds4: b2: main_hidden[0..5]=0.4648 1.4633 -0.9163 1.1236 0.9714 -3.1937
ds4: b2: pos 0 OVERRIDE target-sampled draft=1353 temp=0.700
ds4: b2: verify-policy=rank pos=1 draft=74638 qT=1.000000 margin=1.000000 entropy=0.000000 rank=1 need=2.000000 keep=1
ds4: b2: verify-policy=rank pos=2 draft=12846 qT=1.000000 margin=1.000000 entropy=0.000000 rank=1 need=2.000000 keep=1
ds4: b2: verify-policy=rank pos=3 draft=1353 qT=0.635788 margin=0.519303 entropy=1.221599 rank=1 need=2.000000 keep=1
ds4: b2: verify-policy=rank pos=4 draft=74638 qT=0.058367 margin=0.883266 entropy=0.222450 rank=2 need=2.000000 keep=1
ds4: b2: verify-policy summary policy=rank chosen=5 base=5 prob_min=0.030000 margin_min=0.020000 entropy_max=4.000000 rank_max=2
ds4: b2: pos 1 draft=74638 qT=1.00000 pT=0.12602 accept_p=0.1260 u=0.2104 reject
ds4: b2: MERGED correction-anchor pending C=29266
ds4: dspark b2 cycle: n_accept=2 logical_commits=3 emitted_anchor=1 (drafts=1) | anchor=26.2 drafter=17.0 verify=72.5 accept=1.3 kv=0.3 total=117.2 ms
ds4: b2 ENTER first_token=29266 max=11 cap=17 temp=0.700 top_p=1.000 min_p=0.050
ds4: b2: main_hidden[0..5]=2.7886 2.6996 -2.3442 3.1590 -1.4295 -0.4648
ds4: b2: pos 0 OVERRIDE target-sampled draft=12846 temp=0.700
ds4: b2: verify-policy=rank pos=1 draft=4387 qT=0.311608 margin=0.376784 entropy=0.620381 rank=2 need=2.000000 keep=1
ds4: b2: verify-policy=rank pos=2 draft=270 qT=0.143498 margin=0.073508 entropy=1.805421 rank=3 need=2.000000 keep=0
ds4: b2: verify-policy summary policy=rank chosen=3 base=5 prob_min=0.030000 margin_min=0.020000 entropy_max=4.000000 rank_max=2
ds4: b2: pos 1 draft=4387 qT=0.31161 pT=0.00000 accept_p=0.0000 u=0.7853 reject
ds4: b2: MERGED correction-anchor pending C=6501
ds4: dspark b2 cycle: n_accept=2 logical_commits=3 emitted_anchor=1 (drafts=1) | anchor=25.8 drafter=14.8 verify=54.5 accept=1.3 kv=0.3 total=96.7 ms
ds4: b2 ENTER first_token=6501 max=9 cap=17 temp=0.700 top_p=1.000 min_p=0.050
ds4: b2: main_hidden[0..5]=0.5980 0.0145 -6.1236 0.2904 -1.2567 -5.8482
ds4: b2: pos 0 OVERRIDE target-sampled draft=3083 temp=0.700
ds4: b2: verify-policy=rank pos=1 draft=477 qT=1.000000 margin=1.000000 entropy=0.000000 rank=1 need=2.000000 keep=1
ds4: b2: verify-policy=rank pos=2 draft=4844 qT=0.427747 margin=0.273129 entropy=1.749261 rank=1 need=2.000000 keep=1
ds4: b2: verify-policy=rank pos=3 draft=344 qT=0.933692 margin=0.867384 entropy=0.243983 rank=1 need=2.000000 keep=1
ds4: b2: verify-policy=rank pos=4 draft=3459 qT=0.541828 margin=0.209279 entropy=1.038072 rank=1 need=2.000000 keep=1
ds4: b2: verify-policy summary policy=rank chosen=5 base=5 prob_min=0.030000 margin_min=0.020000 entropy_max=4.000000 rank_max=2
ds4: b2: pos 1 draft=477 qT=1.00000 pT=1.00000 accept_p=1.0000 u=0.9958 ACCEPT
ds4: b2: pos 2 draft=4844 qT=0.42775 pT=0.00000 accept_p=0.0000 u=0.2400 reject
ds4: b2: MERGED correction-anchor pending C=13533
ds4: dspark b2 cycle: n_accept=3 logical_commits=4 emitted_anchor=1 (drafts=2) | anchor=25.9 drafter=16.2 verify=71.5 accept=2.5 kv=1.2 total=117.3 ms
ds4: b2 ENTER first_token=13533 max=6 cap=17 temp=0.700 top_p=1.000 min_p=0.050
ds4: b2: main_hidden[0..5]=3.3406 -0.3459 -0.4698 0.4636 -1.3692 -4.0797
ds4: b2: pos 0 OVERRIDE target-sampled draft=4844 temp=0.700
ds4: b2: verify-policy=rank pos=1 draft=14 qT=0.401832 margin=0.196336 entropy=0.673747 rank=2 need=2.000000 keep=1
ds4: b2: verify-policy=rank pos=2 draft=270 qT=0.074611 margin=0.144888 entropy=2.286752 rank=5 need=2.000000 keep=0
ds4: b2: verify-policy summary policy=rank chosen=3 base=5 prob_min=0.030000 margin_min=0.020000 entropy_max=4.000000 rank_max=2
ds4: b2: pos 1 draft=14 qT=0.40183 pT=1.00000 accept_p=1.0000 u=0.5932 ACCEPT
ds4: b2: pos 2 draft=270 qT=0.07461 pT=0.00000 accept_p=0.0000 u=0.3292 reject
ds4: b2: MERGED correction-anchor pending C=11602
ds4: dspark b2 cycle: n_accept=3 logical_commits=4 emitted_anchor=1 (drafts=2) | anchor=26.1 drafter=14.7 verify=55.1 accept=2.5 kv=1.3 total=99.8 ms
ds4: b2 ENTER first_token=11602 max=3 cap=17 temp=0.700 top_p=1.000 min_p=0.050
ds4: b2: main_hidden[0..5]=0.8222 4.1287 2.5270 -2.4502 -0.3970 -6.6306
ds4: b2: pos 0 OVERRIDE target-sampled draft=362 temp=0.700
ds4: b2: verify-policy=rank pos=1 draft=1750 qT=0.552212 margin=0.305857 entropy=0.995811 rank=1 need=2.000000 keep=1
ds4: b2: verify-policy=rank pos=2 draft=5664 qT=0.081934 margin=0.836133 entropy=0.283467 rank=2 need=2.000000 keep=1
ds4: b2: verify-policy=rank pos=3 draft=304 qT=1.000000 margin=1.000000 entropy=0.000000 rank=1 need=2.000000 keep=1
ds4: b2: verify-policy=rank pos=4 draft=366 qT=1.000000 margin=1.000000 entropy=0.000000 rank=1 need=2.000000 keep=1
ds4: b2: verify-policy summary policy=rank chosen=5 base=5 prob_min=0.030000 margin_min=0.020000 entropy_max=4.000000 rank_max=2
ds4: b2: pos 1 draft=1750 qT=0.55221 pT=0.00000 accept_p=0.0000 u=0.2305 reject
ds4: b2: MERGED correction-anchor pending C=710
ds4: dspark b2 cycle: n_accept=2 logical_commits=3 emitted_anchor=1 (drafts=1) | anchor=25.9 drafter=16.1 verify=71.8 accept=1.2 kv=0.3 total=115.3 ms
ds4: b2 ENTER first_token=710 max=1 cap=17 temp=0.700 top_p=1.000 min_p=0.050
ds4: b2: main_hidden[0..5]=-1.5785 -2.8834 -0.7062 2.4463 1.0116 -7.3076
ds4: b2: pos 0 OVERRIDE target-sampled draft=4412 temp=0.700
ds4: b2: verify-policy=rank pos=1 draft=8556 qT=0.614286 margin=0.228571 entropy=0.666792 rank=1 need=2.000000 keep=1
ds4: b2: verify-policy=rank pos=2 draft=343 qT=1.000000 margin=1.000000 entropy=0.000000 rank=1 need=2.000000 keep=1
ds4: b2: verify-policy=rank pos=3 draft=8679 qT=1.000000 margin=1.000000 entropy=0.000000 rank=1 need=2.000000 keep=1
ds4: b2: verify-policy=rank pos=4 draft=1936 qT=0.695968 margin=0.542888 entropy=0.987874 rank=1 need=2.000000 keep=1
ds4: b2: verify-policy summary policy=rank chosen=5 base=5 prob_min=0.030000 margin_min=0.020000 entropy_max=4.000000 rank_max=2
ds4: b2: MERGED correction-anchor pending C=4412
ds4: dspark b2 cycle: n_accept=1 logical_commits=2 emitted_anchor=1 (drafts=1) | anchor=25.8 drafter=16.1 verify=71.5 accept=0.0 kv=0.3 total=113.8 ms
ds4: prefill: 77.43 t/s, generation: 33.62 t/s
ds4: Metal cleanup discarded 11 live tensor handles
